Component: ARM Compiler 5.06 update 7 (build 960) Tool: armlink [4d3601]

==============================================================================

Section Cross References

    startup_stm32g474xx.o(STACK) refers (Special) to heapauxi.o(.text) for __use_two_region_memory
    startup_stm32g474xx.o(HEAP) refers (Special) to heapauxi.o(.text) for __use_two_region_memory
    startup_stm32g474xx.o(RESET) refers (Special) to heapauxi.o(.text) for __use_two_region_memory
    startup_stm32g474xx.o(RESET) refers to startup_stm32g474xx.o(STACK) for __initial_sp
    startup_stm32g474xx.o(RESET) refers to startup_stm32g474xx.o(.text) for Reset_Handler
    startup_stm32g474xx.o(RESET) refers to stm32g4xx_it.o(i.NMI_Handler) for NMI_Handler
    startup_stm32g474xx.o(RESET) refers to stm32g4xx_it.o(i.HardFault_Handler) for HardFault_Handler
    startup_stm32g474xx.o(RESET) refers to stm32g4xx_it.o(i.MemManage_Handler) for MemManage_Handler
    startup_stm32g474xx.o(RESET) refers to stm32g4xx_it.o(i.BusFault_Handler) for BusFault_Handler
    startup_stm32g474xx.o(RESET) refers to stm32g4xx_it.o(i.UsageFault_Handler) for UsageFault_Handler
    startup_stm32g474xx.o(RESET) refers to port.o(.emb_text) for SVC_Handler
    startup_stm32g474xx.o(RESET) refers to stm32g4xx_it.o(i.DebugMon_Handler) for DebugMon_Handler
    startup_stm32g474xx.o(RESET) refers to stm32g4xx_it.o(i.SysTick_Handler) for SysTick_Handler
    startup_stm32g474xx.o(RESET) refers to stm32g4xx_it.o(i.DMA1_Channel1_IRQHandler) for DMA1_Channel1_IRQHandler
    startup_stm32g474xx.o(RESET) refers to stm32g4xx_it.o(i.DMA1_Channel2_IRQHandler) for DMA1_Channel2_IRQHandler
    startup_stm32g474xx.o(RESET) refers to stm32g4xx_it.o(i.DMA1_Channel3_IRQHandler) for DMA1_Channel3_IRQHandler
    startup_stm32g474xx.o(RESET) refers to stm32g4xx_it.o(i.DMA1_Channel4_IRQHandler) for DMA1_Channel4_IRQHandler
    startup_stm32g474xx.o(RESET) refers to stm32g4xx_it.o(i.DMA1_Channel5_IRQHandler) for DMA1_Channel5_IRQHandler
    startup_stm32g474xx.o(RESET) refers to stm32g4xx_it.o(i.DMA1_Channel6_IRQHandler) for DMA1_Channel6_IRQHandler
    startup_stm32g474xx.o(RESET) refers to stm32g4xx_it.o(i.USART1_IRQHandler) for USART1_IRQHandler
    startup_stm32g474xx.o(.text) refers (Special) to heapauxi.o(.text) for __use_two_region_memory
    startup_stm32g474xx.o(.text) refers to system_stm32g4xx.o(i.SystemInit) for SystemInit
    startup_stm32g474xx.o(.text) refers to __main.o(!!!main) for __main
    startup_stm32g474xx.o(.text) refers to startup_stm32g474xx.o(HEAP) for Heap_Mem
    startup_stm32g474xx.o(.text) refers to startup_stm32g474xx.o(STACK) for Stack_Mem
    main.o(i.ADC_task_func) refers to main.o(i.get_VLP_value) for get_VLP_value
    main.o(i.ADC_task_func) refers to rt_memcpy_v6.o(.text) for __aeabi_memcpy
    main.o(i.ADC_task_func) refers to cmsis_os2.o(i.osDelay) for osDelay
    main.o(i.ADC_task_func) refers to main.o(.bss) for .bss
    main.o(i.DFP_task_func) refers to cmsis_os2.o(i.osDelay) for osDelay
    main.o(i.HAL_ADC_ConvCpltCallback) refers to main.o(.bss) for .bss
    main.o(i.HAL_ADC_ConvCpltCallback) refers to main.o(.data) for .data
    main.o(i.MX_ADC1_Init) refers to rt_memclr_w.o(.text) for __aeabi_memclr4
    main.o(i.MX_ADC1_Init) refers to stm32g4xx_hal_adc.o(i.HAL_ADC_Init) for HAL_ADC_Init
    main.o(i.MX_ADC1_Init) refers to stm32g4xx_hal_adc_ex.o(i.HAL_ADCEx_MultiModeConfigChannel) for HAL_ADCEx_MultiModeConfigChannel
    main.o(i.MX_ADC1_Init) refers to stm32g4xx_hal_adc.o(i.HAL_ADC_ConfigChannel) for HAL_ADC_ConfigChannel
    main.o(i.MX_ADC1_Init) refers to main.o(.bss) for .bss
    main.o(i.MX_ADC2_Init) refers to rt_memclr_w.o(.text) for __aeabi_memclr4
    main.o(i.MX_ADC2_Init) refers to stm32g4xx_hal_adc.o(i.HAL_ADC_Init) for HAL_ADC_Init
    main.o(i.MX_ADC2_Init) refers to stm32g4xx_hal_adc.o(i.HAL_ADC_ConfigChannel) for HAL_ADC_ConfigChannel
    main.o(i.MX_ADC2_Init) refers to main.o(.bss) for .bss
    main.o(i.MX_ADC3_Init) refers to rt_memclr_w.o(.text) for __aeabi_memclr4
    main.o(i.MX_ADC3_Init) refers to stm32g4xx_hal_adc.o(i.HAL_ADC_Init) for HAL_ADC_Init
    main.o(i.MX_ADC3_Init) refers to stm32g4xx_hal_adc_ex.o(i.HAL_ADCEx_MultiModeConfigChannel) for HAL_ADCEx_MultiModeConfigChannel
    main.o(i.MX_ADC3_Init) refers to stm32g4xx_hal_adc.o(i.HAL_ADC_ConfigChannel) for HAL_ADC_ConfigChannel
    main.o(i.MX_ADC3_Init) refers to main.o(.bss) for .bss
    main.o(i.MX_ADC4_Init) refers to rt_memclr_w.o(.text) for __aeabi_memclr4
    main.o(i.MX_ADC4_Init) refers to stm32g4xx_hal_adc.o(i.HAL_ADC_Init) for HAL_ADC_Init
    main.o(i.MX_ADC4_Init) refers to stm32g4xx_hal_adc.o(i.HAL_ADC_ConfigChannel) for HAL_ADC_ConfigChannel
    main.o(i.MX_ADC4_Init) refers to main.o(.bss) for .bss
    main.o(i.MX_ADC5_Init) refers to rt_memclr_w.o(.text) for __aeabi_memclr4
    main.o(i.MX_ADC5_Init) refers to stm32g4xx_hal_adc.o(i.HAL_ADC_Init) for HAL_ADC_Init
[...]
    i.osDelay                                0x08004314   Section        0  cmsis_os2.o(i.osDelay)
    i.osKernelInitialize                     0x08004330   Section        0  cmsis_os2.o(i.osKernelInitialize)
    i.osKernelStart                          0x08004354   Section        0  cmsis_os2.o(i.osKernelStart)
    i.osThreadNew                            0x0800438c   Section        0  cmsis_os2.o(i.osThreadNew)
    i.prvAddCurrentTaskToDelayedList         0x08004418   Section        0  tasks.o(i.prvAddCurrentTaskToDelayedList)
    prvAddCurrentTaskToDelayedList           0x08004419   Thumb Code    84  tasks.o(i.prvAddCurrentTaskToDelayedList)
    i.prvAddNewTaskToReadyList               0x08004474   Section        0  tasks.o(i.prvAddNewTaskToReadyList)
    prvAddNewTaskToReadyList                 0x08004475   Thumb Code   190  tasks.o(i.prvAddNewTaskToReadyList)
    i.prvCheckForValidListAndQueue           0x08004544   Section        0  timers.o(i.prvCheckForValidListAndQueue)
    prvCheckForValidListAndQueue             0x08004545   Thumb Code    72  timers.o(i.prvCheckForValidListAndQueue)
    i.prvCopyDataFromQueue                   0x0800459c   Section        0  queue.o(i.prvCopyDataFromQueue)
    prvCopyDataFromQueue                     0x0800459d   Thumb Code    38  queue.o(i.prvCopyDataFromQueue)
    i.prvCopyDataToQueue                     0x080045c2   Section        0  queue.o(i.prvCopyDataToQueue)
    prvCopyDataToQueue                       0x080045c3   Thumb Code   108  queue.o(i.prvCopyDataToQueue)
    i.prvDeleteTCB                           0x0800462e   Section        0  tasks.o(i.prvDeleteTCB)
    prvDeleteTCB                             0x0800462f   Thumb Code    52  tasks.o(i.prvDeleteTCB)
    i.prvHeapInit                            0x08004664   Section        0  heap_4.o(i.prvHeapInit)
    prvHeapInit                              0x08004665   Thumb Code    66  heap_4.o(i.prvHeapInit)
    i.prvIdleTask                            0x080046b0   Section        0  tasks.o(i.prvIdleTask)
    prvIdleTask                              0x080046b1   Thumb Code    82  tasks.o(i.prvIdleTask)
    i.prvInitialiseNewQueue                  0x08004710   Section        0  queue.o(i.prvInitialiseNewQueue)
    prvInitialiseNewQueue                    0x08004711   Thumb Code    34  queue.o(i.prvInitialiseNewQueue)
    i.prvInitialiseNewTask                   0x08004734   Section        0  tasks.o(i.prvInitialiseNewTask)
    prvInitialiseNewTask                     0x08004735   Thumb Code   176  tasks.o(i.prvInitialiseNewTask)
    i.prvInsertBlockIntoFreeList             0x080047e4   Section        0  heap_4.o(i.prvInsertBlockIntoFreeList)
    prvInsertBlockIntoFreeList               0x080047e5   Thumb Code    72  heap_4.o(i.prvInsertBlockIntoFreeList)
    i.prvInsertTimerInActiveList             0x08004830   Section        0  timers.o(i.prvInsertTimerInActiveList)
    prvInsertTimerInActiveList               0x08004831   Thumb Code    52  timers.o(i.prvInsertTimerInActiveList)
    i.prvIsQueueEmpty                        0x08004868   Section        0  queue.o(i.prvIsQueueEmpty)
    prvIsQueueEmpty                          0x08004869   Thumb Code    28  queue.o(i.prvIsQueueEmpty)
    i.prvProcessReceivedCommands             0x08004884   Section        0  timers.o(i.prvProcessReceivedCommands)
    prvProcessReceivedCommands               0x08004885   Thumb Code   248  timers.o(i.prvProcessReceivedCommands)
    i.prvProcessTimerOrBlockTask             0x08004980   Section        0  timers.o(i.prvProcessTimerOrBlockTask)
    prvProcessTimerOrBlockTask               0x08004981   Thumb Code   182  timers.o(i.prvProcessTimerOrBlockTask)
    i.prvResetNextTaskUnblockTime            0x08004a40   Section        0  tasks.o(i.prvResetNextTaskUnblockTime)
    prvResetNextTaskUnblockTime              0x08004a41   Thumb Code    26  tasks.o(i.prvResetNextTaskUnblockTime)
    i.prvSampleTimeNow                       0x08004a60   Section        0  timers.o(i.prvSampleTimeNow)
    prvSampleTimeNow                         0x08004a61   Thumb Code    36  timers.o(i.prvSampleTimeNow)
    i.prvSwitchTimerLists                    0x08004a88   Section        0  timers.o(i.prvSwitchTimerLists)
    prvSwitchTimerLists                      0x08004a89   Thumb Code   104  timers.o(i.prvSwitchTimerLists)
    i.prvTaskExitError                       0x08004af4   Section        0  port.o(i.prvTaskExitError)
    prvTaskExitError                         0x08004af5   Thumb Code    36  port.o(i.prvTaskExitError)
    i.prvTimerTask                           0x08004b1c   Section        0  timers.o(i.prvTimerTask)
    prvTimerTask                             0x08004b1d   Thumb Code    32  timers.o(i.prvTimerTask)
    i.prvUnlockQueue                         0x08004b40   Section        0  queue.o(i.prvUnlockQueue)
    prvUnlockQueue                           0x08004b41   Thumb Code   106  queue.o(i.prvUnlockQueue)
    i.pvPortMalloc                           0x08004bac   Section        0  heap_4.o(i.pvPortMalloc)
    i.pxPortInitialiseStack                  0x08004c88   Section        0  port.o(i.pxPortInitialiseStack)
    i.uxListRemove                           0x08004cb4   Section        0  list.o(i.uxListRemove)
    i.vApplicationGetIdleTaskMemory          0x08004cdc   Section        0  cmsis_os2.o(i.vApplicationGetIdleTaskMemory)
    i.vApplicationGetTimerTaskMemory         0x08004cf0   Section        0  cmsis_os2.o(i.vApplicationGetTimerTaskMemory)
    i.vListInitialise                        0x08004d08   Section        0  list.o(i.vListInitialise)
    i.vListInitialiseItem                    0x08004d1e   Section        0  list.o(i.vListInitialiseItem)
    i.vListInsert                            0x08004d24   Section        0  list.o(i.vListInsert)
    i.vListInsertEnd                         0x08004d54   Section        0  list.o(i.vListInsertEnd)
    i.vPortEnterCritical                     0x08004d6c   Section        0  port.o(i.vPortEnterCritical)
    i.vPortExitCritical                      0x08004dac   Section        0  port.o(i.vPortExitCritical)
    i.vPortFree                              0x08004dd4   Section        0  heap_4.o(i.vPortFree)
    i.vPortSetupTimerInterrupt               0x08004e38   Section        0  port.o(i.vPortSetupTimerInterrupt)
    i.vPortValidateInterruptPriority         0x08004e5c   Section        0  port.o(i.vPortValidateInterruptPriority)
    i.vQueueAddToRegistry                    0x08004eb0   Section        0  queue.o(i.vQueueAddToRegistry)
    i.vQueueWaitForMessageRestricted         0x08004ed8   Section        0  queue.o(i.vQueueWaitForMessageRestricted)
    i.vTaskDelay                             0x08004f1c   Section        0  tasks.o(i.vTaskDelay)
    i.vTaskInternalSetTimeOutState           0x08004f68   Section        0  tasks.o(i.vTaskInternalSetTimeOutState)
    i.vTaskMissedYield                       0x08004f78   Section        0  tasks.o(i.vTaskMissedYield)
    i.vTaskPlaceOnEventList                  0x08004f84   Section        0  tasks.o(i.vTaskPlaceOnEventList)
    i.vTaskPlaceOnEventListRestricted        0x08004fb4   Section        0  tasks.o(i.vTaskPlaceOnEventListRestricted)
    i.vTaskStartScheduler                    0x08004fec   Section        0  tasks.o(i.vTaskStartScheduler)
    i.vTaskSuspendAll                        0x08005074   Section        0  tasks.o(i.vTaskSuspendAll)
    i.vTaskSwitchContext                     0x08005084   Section        0  tasks.o(i.vTaskSwitchContext)
    i.xPortStartScheduler                    0x080050e8   Section        0  port.o(i.xPortStartScheduler)
    i.xPortSysTickHandler                    0x080051dc   Section        0  port.o(i.xPortSysTickHandler)
    i.xQueueGenericCreateStatic              0x08005208   Section        0  queue.o(i.xQueueGenericCreateStatic)
    i.xQueueGenericReset                     0x08005270   Section        0  queue.o(i.xQueueGenericReset)
    i.xQueueGenericSend                      0x080052f8   Section        0  queue.o(i.xQueueGenericSend)
    i.xQueueGenericSendFromISR               0x08005458   Section        0  queue.o(i.xQueueGenericSendFromISR)
    i.xQueueReceive                          0x08005518   Section        0  queue.o(i.xQueueReceive)
    i.xTaskCheckForTimeOut                   0x08005650   Section        0  tasks.o(i.xTaskCheckForTimeOut)
    i.xTaskCreate                            0x080056c4   Section        0  tasks.o(i.xTaskCreate)
    i.xTaskCreateStatic                      0x0800571e   Section        0  tasks.o(i.xTaskCreateStatic)
    i.xTaskGetSchedulerState                 0x08005774   Section        0  tasks.o(i.xTaskGetSchedulerState)
    i.xTaskGetTickCount                      0x08005790   Section        0  tasks.o(i.xTaskGetTickCount)
    i.xTaskIncrementTick                     0x0800579c   Section        0  tasks.o(i.xTaskIncrementTick)
    i.xTaskPriorityDisinherit                0x08005864   Section        0  tasks.o(i.xTaskPriorityDisinherit)
    i.xTaskRemoveFromEventList               0x080058e4   Section        0  tasks.o(i.xTaskRemoveFromEventList)
    i.xTaskResumeAll                         0x08005954   Section        0  tasks.o(i.xTaskResumeAll)
    i.xTimerCreateTimerTask                  0x08005a18   Section        0  timers.o(i.xTimerCreateTimerTask)
    i.xTimerGenericCommand                   0x08005a78   Section        0  timers.o(i.xTimerGenericCommand)
    x$fpl$fpinit                             0x08005ae0   Section       10  fpinit.o(x$fpl$fpinit)
    $v0                                      0x08005ae0   Number         0  fpinit.o(x$fpl$fpinit)
    .constdata                               0x08005aec   Section      108  main.o(.constdata)
    .constdata                               0x08005b58   Section       24  stm32g4xx_hal_uart.o(.constdata)
    .constdata                               0x08005b70   Section       16  stm32g4xx_hal_uart_ex.o(.constdata)
    numerator                                0x08005b70   Data           8  stm32g4xx_hal_uart_ex.o(.constdata)
    denominator                              0x08005b78   Data           8  stm32g4xx_hal_uart_ex.o(.constdata)
    .constdata                               0x08005b80   Section       16  system_stm32g4xx.o(.constdata)
    .constdata                               0x08005b90   Section        8  system_stm32g4xx.o(.constdata)
    .conststring                             0x08005b98   Section       34  main.o(.conststring)
    .data                                    0x20000000   Section       30  main.o(.data)
    .data                                    0x20000020   Section        8  stm32g4xx_hal_msp.o(.data)
    HAL_RCC_ADC12_CLK_ENABLED                0x20000020   Data           4  stm32g4xx_hal_msp.o(.data)
    HAL_RCC_ADC345_CLK_ENABLED               0x20000024   Data           4  stm32g4xx_hal_msp.o(.data)
    .data                                    0x20000028   Section       12  stm32g4xx_hal.o(.data)
    .data                                    0x20000034   Section        4  system_stm32g4xx.o(.data)
    .data                                    0x20000038   Section       60  tasks.o(.data)
    uxDeletedTasksWaitingCleanUp             0x2000003c   Data           4  tasks.o(.data)
    uxCurrentNumberOfTasks                   0x20000040   Data           4  tasks.o(.data)
    xTickCount                               0x20000044   Data           4  tasks.o(.data)
    uxTopReadyPriority                       0x20000048   Data           4  tasks.o(.data)
    xSchedulerRunning                        0x2000004c   Data           4  tasks.o(.data)
    xPendedTicks                             0x20000050   Data           4  tasks.o(.data)
    xYieldPending                            0x20000054   Data           4  tasks.o(.data)
    xNumOfOverflows                          0x20000058   Data           4  tasks.o(.data)
    uxTaskNumber                             0x2000005c   Data           4  tasks.o(.data)
    xNextTaskUnblockTime                     0x20000060   Data           4  tasks.o(.data)
    xIdleTaskHandle                          0x20000064   Data           4  tasks.o(.data)
    uxSchedulerSuspended                     0x20000068   Data           4  tasks.o(.data)
    pxDelayedTaskList                        0x2000006c   Data           4  tasks.o(.data)
    pxOverflowDelayedTaskList                0x20000070   Data           4  tasks.o(.data)
    .data                                    0x20000074   Section       20  timers.o(.data)
    xTimerQueue                              0x20000074   Data           4  timers.o(.data)
    xTimerTaskHandle                         0x20000078   Data           4  timers.o(.data)
    xLastTime                                0x2000007c   Data           4  timers.o(.data)
    pxCurrentTimerList                       0x20000080   Data           4  timers.o(.data)
    pxOverflowTimerList                      0x20000084   Data           4  timers.o(.data)
    .data                                    0x20000088   Section        4  cmsis_os2.o(.data)
    KernelState                              0x20000088   Data           4  cmsis_os2.o(.data)
    .data                                    0x2000008c   Section       32  heap_4.o(.data)
    pxEnd                                    0x2000008c   Data           4  heap_4.o(.data)
    xFreeBytesRemaining                      0x20000090   Data           4  heap_4.o(.data)
    xMinimumEverFreeBytesRemaining           0x20000094   Data           4  heap_4.o(.data)
    xNumberOfSuccessfulAllocations           0x20000098   Data           4  heap_4.o(.data)
    xNumberOfSuccessfulFrees                 0x2000009c   Data           4  heap_4.o(.data)
    xBlockAllocatedBit                       0x200000a0   Data           4  heap_4.o(.data)
    xStart                                   0x200000a4   Data           8  heap_4.o(.data)
    .data                                    0x200000ac   Section       12  port.o(.data)
    ucMaxSysCallPriority                     0x200000ac   Data           1  port.o(.data)
    uxCriticalNesting                        0x200000b0   Data           4  port.o(.data)
    ulMaxPRIGROUPValue                       0x200000b4   Data           4  port.o(.data)
    .bss                                     0x200000b8   Section     2054  main.o(.bss)
    .bss                                     0x200008c0   Section       96  main.o(.bss)
    .bss                                     0x20000920   Section       96  main.o(.bss)
    .bss                                     0x20000980   Section       96  main.o(.bss)
    .bss                                     0x200009e0   Section       96  main.o(.bss)
    .bss                                     0x20000a40   Section       96  main.o(.bss)
    .bss                                     0x20000aa0   Section       96  main.o(.bss)
    .bss                                     0x20000b00   Section       64  queue.o(.bss)
    .bss                                     0x20000b40   Section     1220  tasks.o(.bss)
    pxReadyTasksLists                        0x20000b40   Data        1120  tasks.o(.bss)
    xDelayedTaskList1                        0x20000fa0   Data          20  tasks.o(.bss)
    xDelayedTaskList2                        0x20000fb4   Data          20  tasks.o(.bss)
    xPendingReadyList                        0x20000fc8   Data          20  tasks.o(.bss)
    xTasksWaitingTermination                 0x20000fdc   Data          20  tasks.o(.bss)
    xSuspendedTaskList                       0x20000ff0   Data          20  tasks.o(.bss)
    .bss                                     0x20001004   Section      280  timers.o(.bss)
    xStaticTimerQueue                        0x20001004   Data          80  timers.o(.bss)
    ucStaticTimerQueueStorage                0x20001054   Data         160  timers.o(.bss)
    xActiveTimerList1                        0x200010f4   Data          20  timers.o(.bss)
    xActiveTimerList2                        0x20001108   Data          20  timers.o(.bss)
    .bss                                     0x2000111c   Section     1720  cmsis_os2.o(.bss)
    Idle_TCB                                 0x2000111c   Data          92  cmsis_os2.o(.bss)
    Idle_Stack                               0x20001178   Data         512  cmsis_os2.o(.bss)
    Timer_TCB                                0x20001378   Data          92  cmsis_os2.o(.bss)
    Timer_Stack                              0x200013d4   Data        1024  cmsis_os2.o(.bss)
    .bss                                     0x200017d4   Section     3072  heap_4.o(.bss)
    ucHeap                                   0x200017d4   Data        3072  heap_4.o(.bss)
    .bss                                     0x200023d4   Section       96  libspace.o(.bss)
    HEAP                                     0x20002438   Section      512  startup_stm32g474xx.o(HEAP)
    Heap_Mem                                 0x20002438   Data         512  startup_stm32g474xx.o(HEAP)
    STACK                                    0x20002638   Section     1024  startup_stm32g474xx.o(STACK)
    Stack_Mem                                0x20002638   Data        1024  startup_stm32g474xx.o(STACK)
    __initial_sp                             0x20002a38   Data           0  startup_stm32g474xx.o(STACK)

    Global Symbols

    Symbol Name                              Value     Ov Type        Size  Object(Section)

    BuildAttributes$$THM_ISAv4$E$P$D$K$B$S$7EM$VFPi3$EXTD16$VFPS$VFMA$PE$A:L22UL41UL21$X:L11$S22US41US21$IEEE1$IW$USESV6$~STKCKD$USESV7$~SHL$OTIME$ROPI$EBA8$UX$STANDARDLIB$REQ8$PRES8$EABIv2 0x00000000   Number         0  anon$$obj.o ABSOLUTE
    __ARM_use_no_argv                        0x00000000   Number         0  main.o ABSOLUTE
    __ARM_exceptions_init                     - Undefined Weak Reference
    __alloca_initialize                       - Undefined Weak Reference
    __arm_fini_                               - Undefined Weak Reference
    __arm_preinit_                            - Undefined Weak Reference
    __cpp_initialize__aeabi_                  - Undefined Weak Reference
    __cxa_finalize                            - Undefined Weak Reference
    __rt_locale                               - Undefined Weak Reference
    __sigvec_lookup                           - Undefined Weak Reference
    __user_heap_extent                        - Undefined Weak Reference
    _atexit_init                              - Undefined Weak Reference
    _call_atexit_fns                          - Undefined Weak Reference
    _clock_init                               - Undefined Weak Reference
    _fp_trap_init                             - Undefined Weak Reference
    _fp_trap_shutdown                         - Undefined Weak Reference
    _get_lc_collate                           - Undefined Weak Reference
    _get_lc_ctype                             - Undefined Weak Reference
    _get_lc_monetary                          - Undefined Weak Reference
    _get_lc_numeric                           - Undefined Weak Reference
    _get_lc_time                              - Undefined Weak Reference
    _getenv_init                              - Undefined Weak Reference
    _handle_redirection                       - Undefined Weak Reference
    _initio                                   - Undefined Weak Reference
    _mutex_acquire                            - Undefined Weak Reference
    _mutex_free                               - Undefined Weak Reference
    _mutex_release                            - Undefined Weak Reference
    _rand_init                                - Undefined Weak Reference
    _signal_finish                            - Undefined Weak Reference
    _signal_init                              - Undefined Weak Reference
    _terminateio                              - Undefined Weak Reference
    __Vectors_Size                           0x000001d8   Number         0  startup_stm32g474xx.o ABSOLUTE
    __Vectors                                0x08000000   Data           4  startup_stm32g474xx.o(RESET)
    __Vectors_End                            0x080001d8   Data           0  startup_stm32g474xx.o(RESET)
    __main                                   0x080001d9   Thumb Code     8  __main.o(!!!main)
    __scatterload                            0x080001e1   Thumb Code     0  __scatter.o(!!!scatter)
    __scatterload_rt2                        0x080001e1   Thumb Code    44  __scatter.o(!!!scatter)
    __scatterload_rt2_thumb_only             0x080001e1   Thumb Code     0  __scatter.o(!!!scatter)
    __scatterload_null                       0x080001ef   Thumb Code     0  __scatter.o(!!!scatter)
    __scatterload_copy                       0x08000215   Thumb Code    26  __scatter_copy.o(!!handler_copy)
    __scatterload_zeroinit                   0x08000231   Thumb Code    28  __scatter_zi.o(!!handler_zi)
    __rt_lib_init                            0x0800024d   Thumb Code     0  libinit.o(.ARM.Collect$$libinit$$00000000)
    __rt_lib_init_fp_1                       0x0800024f   Thumb Code     0  libinit2.o(.ARM.Collect$$libinit$$00000001)
    __rt_lib_init_alloca_1                   0x08000253   Thumb Code     0  libinit2.o(.ARM.Collect$$libinit$$0000002E)
    __rt_lib_init_argv_1                     0x08000253   Thumb Code     0  libinit2.o(.ARM.Collect$$libinit$$0000002C)
    __rt_lib_init_atexit_1                   0x08000253   Thumb Code     0  libinit2.o(.ARM.Collect$$libinit$$0000001B)
    __rt_lib_init_clock_1                    0x08000253   Thumb Code     0  libinit2.o(.ARM.Collect$$libinit$$00000021)
    __rt_lib_init_cpp_1                      0x08000253   Thumb Code     0  libinit2.o(.ARM.Collect$$libinit$$00000032)
    __rt_lib_init_exceptions_1               0x08000253   Thumb Code     0  libinit2.o(.ARM.Collect$$libinit$$00000030)
    __rt_lib_init_fp_trap_1                  0x08000253   Thumb Code     0  libinit2.o(.ARM.Collect$$libinit$$0000001F)
    __rt_lib_init_getenv_1                   0x08000253   Thumb Code     0  libinit2.o(.ARM.Collect$$libinit$$00000023)
    __rt_lib_init_heap_1                     0x08000253   Thumb Code     0  libinit2.o(.ARM.Collect$$libinit$$0000000A)
    __rt_lib_init_lc_collate_1               0x08000253   Thumb Code     0  libinit2.o(.ARM.Collect$$libinit$$00000011)
    __rt_lib_init_lc_ctype_1                 0x08000253   Thumb Code     0  libinit2.o(.ARM.Collect$$libinit$$00000013)
    __rt_lib_init_lc_monetary_1              0x08000253   Thumb Code     0  libinit2.o(.ARM.Collect$$libinit$$00000015)
    __rt_lib_init_lc_numeric_1               0x08000253   Thumb Code     0  libinit2.o(.ARM.Collect$$libinit$$00000017)
    __rt_lib_init_lc_time_1                  0x08000253   Thumb Code     0  libinit2.o(.ARM.Collect$$libinit$$00000019)
    __rt_lib_init_preinit_1                  0x08000253   Thumb Code     0  libinit2.o(.ARM.Collect$$libinit$$00000004)
    __rt_lib_init_rand_1                     0x08000253   Thumb Code     0  libinit2.o(.ARM.Collect$$libinit$$0000000E)
    __rt_lib_init_return                     0x08000253   Thumb Code     0  libinit2.o(.ARM.Collect$$libinit$$00000033)
    __rt_lib_init_signal_1                   0x08000253   Thumb Code     0  libinit2.o(.ARM.Collect$$libinit$$0000001D)
    __rt_lib_init_stdio_1                    0x08000253   Thumb Code     0  libinit2.o(.ARM.Collect$$libinit$$00000025)
    __rt_lib_init_user_alloc_1               0x08000253   Thumb Code     0  libinit2.o(.ARM.Collect$$libinit$$0000000C)
    __rt_lib_shutdown                        0x08000255   Thumb Code     0  libshutdown.o(.ARM.Collect$$libshutdown$$00000000)
    __rt_lib_shutdown_cpp_1                  0x08000257   Thumb Code     0  libshutdown2.o(.ARM.Collect$$libshutdown$$00000004)
    __rt_lib_shutdown_fini_1                 0x08000257   Thumb Code     0  libshutdown2.o(.ARM.Collect$$libshutdown$$00000002)
    __rt_lib_shutdown_fp_trap_1              0x08000257   Thumb Code     0  libshutdown2.o(.ARM.Collect$$libshutdown$$00000009)
    __rt_lib_shutdown_heap_1                 0x08000257   Thumb Code     0  libshutdown2.o(.ARM.Collect$$libshutdown$$00000011)
    __rt_lib_shutdown_return                 0x08000257   Thumb Code     0  libshutdown2.o(.ARM.Collect$$libshutdown$$00000012)
    __rt_lib_shutdown_signal_1               0x08000257   Thumb Code     0  libshutdown2.o(.ARM.Collect$$libshutdown$$0000000C)
    __rt_lib_shutdown_stdio_1                0x08000257   Thumb Code     0  libshutdown2.o(.ARM.Collect$$libshutdown$$00000006)
    __rt_lib_shutdown_user_alloc_1           0x08000257   Thumb Code     0  libshutdown2.o(.ARM.Collect$$libshutdown$$0000000E)
    __rt_entry                               0x08000259   Thumb Code     0  __rtentry.o(.ARM.Collect$$rtentry$$00000000)
    __rt_entry_presh_1                       0x08000259   Thumb Code     0  __rtentry2.o(.ARM.Collect$$rtentry$$00000002)
    __rt_entry_sh                            0x08000259   Thumb Code     0  __rtentry4.o(.ARM.Collect$$rtentry$$00000004)
    __rt_entry_li                            0x0800025f   Thumb Code     0  __rtentry2.o(.ARM.Collect$$rtentry$$0000000A)
    __rt_entry_postsh_1                      0x0800025f   Thumb Code     0  __rtentry2.o(.ARM.Collect$$rtentry$$00000009)
    __rt_entry_main                          0x08000263   Thumb Code     0  __rtentry2.o(.ARM.Collect$$rtentry$$0000000D)
    __rt_entry_postli_1                      0x08000263   Thumb Code     0  __rtentry2.o(.ARM.Collect$$rtentry$$0000000C)
    __rt_exit                                0x0800026b   Thumb Code     0  rtexit.o(.ARM.Collect$$rtexit$$00000000)
    __rt_exit_ls                             0x0800026d   Thumb Code     0  rtexit2.o(.ARM.Collect$$rtexit$$00000003)
    __rt_exit_prels_1                        0x0800026d   Thumb Code     0  rtexit2.o(.ARM.Collect$$rtexit$$00000002)
    __rt_exit_exit                           0x08000271   Thumb Code     0  rtexit2.o(.ARM.Collect$$rtexit$$00000004)
    SVC_Handler                              0x08000279   Thumb Code    28  port.o(.emb_text)
    __asm___6_port_c_39a90d8d__prvStartFirstTask 0x08000299   Thumb Code    36  port.o(.emb_text)
    __asm___6_port_c_39a90d8d__prvEnableVFP  0x080002c1   Thumb Code    16  port.o(.emb_text)
    PendSV_Handler                           0x080002d5   Thumb Code    88  port.o(.emb_text)
    vPortGetIPSR                             0x08000331   Thumb Code     6  port.o(.emb_text)
    Reset_Handler                            0x08000339   Thumb Code     8  startup_stm32g474xx.o(.text)
    ADC1_2_IRQHandler                        0x08000353   Thumb Code     0  startup_stm32g474xx.o(.text)
    ADC3_IRQHandler                          0x08000353   Thumb Code     0  startup_stm32g474xx.o(.text)
    ADC4_IRQHandler                          0x08000353   Thumb Code     0  startup_stm32g474xx.o(.text)
    ADC5_IRQHandler                          0x08000353   Thumb Code     0  startup_stm32g474xx.o(.text)
    COMP1_2_3_IRQHandler                     0x08000353   Thumb Code     0  startup_stm32g474xx.o(.text)
    COMP4_5_6_IRQHandler                     0x08000353   Thumb Code     0  startup_stm32g474xx.o(.text)
    COMP7_IRQHandler                         0x08000353   Thumb Code     0  startup_stm32g474xx.o(.text)
    CORDIC_IRQHandler                        0x08000353   Thumb Code     0  startup_stm32g474xx.o(.text)
    CRS_IRQHandler                           0x08000353   Thumb Code     0  startup_stm32g474xx.o(.text)
    DMA1_Channel7_IRQHandler                 0x08000353   Thumb Code     0  startup_stm32g474xx.o(.text)
    DMA1_Channel8_IRQHandler                 0x08000353   Thumb Code     0  startup_stm32g474xx.o(.text)
    DMA2_Channel1_IRQHandler                 0x08000353   Thumb Code     0  startup_stm32g474xx.o(.text)
    DMA2_Channel2_IRQHandler                 0x08000353   Thumb Code     0  startup_stm32g474xx.o(.text)
    DMA2_Channel3_IRQHandler                 0x08000353   Thumb Code     0  startup_stm32g474xx.o(.text)
    DMA2_Channel4_IRQHandler                 0x08000353   Thumb Code     0  startup_stm32g474xx.o(.text)
    DMA2_Channel5_IRQHandler                 0x08000353   Thumb Code     0  startup_stm32g474xx.o(.text)
    DMA2_Channel6_IRQHandler                 0x08000353   Thumb Code     0  startup_stm32g474xx.o(.text)
    DMA2_Channel7_IRQHandler                 0x08000353   Thumb Code     0  startup_stm32g474xx.o(.text)
    DMA2_Channel8_IRQHandler                 0x08000353   Thumb Code     0  startup_stm32g474xx.o(.text)
    DMAMUX_OVR_IRQHandler                    0x08000353   Thumb Code     0  startup_stm32g474xx.o(.text)
    EXTI0_IRQHandler                         0x08000353   Thumb Code     0  startup_stm32g474xx.o(.text)
    EXTI15_10_IRQHandler                     0x08000353   Thumb Code     0  startup_stm32g474xx.o(.text)
    EXTI1_IRQHandler                         0x08000353   Thumb Code     0  startup_stm32g474xx.o(.text)
    EXTI2_IRQHandler                         0x08000353   Thumb Code     0  startup_stm32g474xx.o(.text)
    EXTI3_IRQHandler                         0x08000353   Thumb Code     0  startup_stm32g474xx.o(.text)
    EXTI4_IRQHandler                         0x08000353   Thumb Code     0  startup_stm32g474xx.o(.text)
    EXTI9_5_IRQHandler                       0x08000353   Thumb Code     0  startup_stm32g474xx.o(.text)
    FDCAN1_IT0_IRQHandler                    0x08000353   Thumb Code     0  startup_stm32g474xx.o(.text)
    FDCAN1_IT1_IRQHandler                    0x08000353   Thumb Code     0  startup_stm32g474xx.o(.text)
    FDCAN2_IT0_IRQHandler                    0x08000353   Thumb Code     0  startup_stm32g474xx.o(.text)
    FDCAN2_IT1_IRQHandler                    0x08000353   Thumb Code     0  startup_stm32g474xx.o(.text)
    FDCAN3_IT0_IRQHandler                    0x08000353   Thumb Code     0  startup_stm32g474xx.o(.text)
    FDCAN3_IT1_IRQHandler                    0x08000353   Thumb Code     0  startup_stm32g474xx.o(.text)
    FLASH_IRQHandler                         0x08000353   Thumb Code     0  startup_stm32g474xx.o(.text)
    FMAC_IRQHandler                          0x08000353   Thumb Code     0  startup_stm32g474xx.o(.text)
    FMC_IRQHandler                           0x08000353   Thumb Code     0  startup_stm32g474xx.o(.text)
    FPU_IRQHandler                           0x08000353   Thumb Code     0  startup_stm32g474xx.o(.text)
    HRTIM1_FLT_IRQHandler                    0x08000353   Thumb Code     0  startup_stm32g474xx.o(.text)
    HRTIM1_Master_IRQHandler                 0x08000353   Thumb Code     0  startup_stm32g474xx.o(.text)
    HRTIM1_TIMA_IRQHandler                   0x08000353   Thumb Code     0  startup_stm32g474xx.o(.text)
    HRTIM1_TIMB_IRQHandler                   0x08000353   Thumb Code     0  startup_stm32g474xx.o(.text)
    HRTIM1_TIMC_IRQHandler                   0x08000353   Thumb Code     0  startup_stm32g474xx.o(.text)
    HRTIM1_TIMD_IRQHandler                   0x08000353   Thumb Code     0  startup_stm32g474xx.o(.text)
    HRTIM1_TIME_IRQHandler                   0x08000353   Thumb Code     0  startup_stm32g474xx.o(.text)
    HRTIM1_TIMF_IRQHandler                   0x08000353   Thumb Code     0  startup_stm32g474xx.o(.text)
    I2C1_ER_IRQHandler                       0x08000353   Thumb Code     0  startup_stm32g474xx.o(.text)
    I2C1_EV_IRQHandler                       0x08000353   Thumb Code     0  startup_stm32g474xx.o(.text)
    I2C2_ER_IRQHandler                       0x08000353   Thumb Code     0  startup_stm32g474xx.o(.text)
    I2C2_EV_IRQHandler                       0x08000353   Thumb Code     0  startup_stm32g474xx.o(.text)
    I2C3_ER_IRQHandler                       0x08000353   Thumb Code     0  startup_stm32g474xx.o(.text)
    I2C3_EV_IRQHandler                       0x08000353   Thumb Code     0  startup_stm32g474xx.o(.text)
    I2C4_ER_IRQHandler                       0x08000353   Thumb Code     0  startup_stm32g474xx.o(.text)
    I2C4_EV_IRQHandler                       0x08000353   Thumb Code     0  startup_stm32g474xx.o(.text)
    LPTIM1_IRQHandler                        0x08000353   Thumb Code     0  startup_stm32g474xx.o(.text)
    LPUART1_IRQHandler                       0x08000353   Thumb Code     0  startup_stm32g474xx.o(.text)
    PVD_PVM_IRQHandler                       0x08000353   Thumb Code     0  startup_stm32g474xx.o(.text)
    QUADSPI_IRQHandler                       0x08000353   Thumb Code     0  startup_stm32g474xx.o(.text)
    RCC_IRQHandler                           0x08000353   Thumb Code     0  startup_stm32g474xx.o(.text)
    RNG_IRQHandler                           0x08000353   Thumb Code     0  startup_stm32g474xx.o(.text)
    RTC_Alarm_IRQHandler                     0x08000353   Thumb Code     0  startup_stm32g474xx.o(.text)
    RTC_TAMP_LSECSS_IRQHandler               0x08000353   Thumb Code     0  startup_stm32g474xx.o(.text)
    RTC_WKUP_IRQHandler                      0x08000353   Thumb Code     0  startup_stm32g474xx.o(.text)
    SAI1_IRQHandler                          0x08000353   Thumb Code     0  startup_stm32g474xx.o(.text)
    SPI1_IRQHandler                          0x08000353   Thumb Code     0  startup_stm32g474xx.o(.text)
    SPI2_IRQHandler                          0x08000353   Thumb Code     0  startup_stm32g474xx.o(.text)
    SPI3_IRQHandler                          0x08000353   Thumb Code     0  startup_stm32g474xx.o(.text)
    SPI4_IRQHandler                          0x08000353   Thumb Code     0  startup_stm32g474xx.o(.text)
    TIM1_BRK_TIM15_IRQHandler                0x08000353   Thumb Code     0  startup_stm32g474xx.o(.text)
    TIM1_CC_IRQHandler                       0x08000353   Thumb Code     0  startup_stm32g474xx.o(.text)
    TIM1_TRG_COM_TIM17_IRQHandler            0x08000353   Thumb Code     0  startup_stm32g474xx.o(.text)
    TIM1_UP_TIM16_IRQHandler                 0x08000353   Thumb Code     0  startup_stm32g474xx.o(.text)
    TIM20_BRK_IRQHandler                     0x08000353   Thumb Code     0  startup_stm32g474xx.o(.text)
    TIM20_CC_IRQHandler                      0x08000353   Thumb Code     0  startup_stm32g474xx.o(.text)
    TIM20_TRG_COM_IRQHandler                 0x08000353   Thumb Code     0  startup_stm32g474xx.o(.text)
    TIM20_UP_IRQHandler                      0x08000353   Thumb Code     0  startup_stm32g474xx.o(.text)
    TIM2_IRQHandler                          0x08000353   Thumb Code     0  startup_stm32g474xx.o(.text)
    TIM3_IRQHandler                          0x08000353   Thumb Code     0  startup_stm32g474xx.o(.text)
    TIM4_IRQHandler                          0x08000353   Thumb Code     0  startup_stm32g474xx.o(.text)
    TIM5_IRQHandler                          0x08000353   Thumb Code     0  startup_stm32g474xx.o(.text)
    TIM6_DAC_IRQHandler                      0x08000353   Thumb Code     0  startup_stm32g474xx.o(.text)
    TIM7_DAC_IRQHandler                      0x08000353   Thumb Code     0  startup_stm32g474xx.o(.text)
    TIM8_BRK_IRQHandler                      0x08000353   Thumb Code     0  startup_stm32g474xx.o(.text)
    TIM8_CC_IRQHandler                       0x08000353   Thumb Code     0  startup_stm32g474xx.o(.text)
    TIM8_TRG_COM_IRQHandler                  0x08000353   Thumb Code     0  startup_stm32g474xx.o(.text)
    TIM8_UP_IRQHandler                       0x08000353   Thumb Code     0  startup_stm32g474xx.o(.text)
    UART4_IRQHandler                         0x08000353   Thumb Code     0  startup_stm32g474xx.o(.text)
    UART5_IRQHandler                         0x08000353   Thumb Code     0  startup_stm32g474xx.o(.text)
    UCPD1_IRQHandler                         0x08000353   Thumb Code     0  startup_stm32g474xx.o(.text)
    USART2_IRQHandler                        0x08000353   Thumb Code     0  startup_stm32g474xx.o(.text)
    USART3_IRQHandler                        0x08000353   Thumb Code     0  startup_stm32g474xx.o(.text)
    USBWakeUp_IRQHandler                     0x08000353   Thumb Code     0  startup_stm32g474xx.o(.text)
    USB_HP_IRQHandler                        0x08000353   Thumb Code     0  startup_stm32g474xx.o(.text)
    USB_LP_IRQHandler                        0x08000353   Thumb Code     0  startup_stm32g474xx.o(.text)
    WWDG_IRQHandler                          0x08000353   Thumb Code     0  startup_stm32g474xx.o(.text)
    __user_initial_stackheap                 0x08000355   Thumb Code     0  startup_stm32g474xx.o(.text)
    __aeabi_uldivmod                         0x08000379   Thumb Code     0  lludivv7m.o(.text)
    _ll_udiv                                 0x08000379   Thumb Code   238  lludivv7m.o(.text)
    __aeabi_memcpy                           0x08000467   Thumb Code     0  rt_memcpy_v6.o(.text)
    __rt_memcpy                              0x08000467   Thumb Code   138  rt_memcpy_v6.o(.text)
    _memcpy_lastbytes                        0x080004cd   Thumb Code     0  rt_memcpy_v6.o(.text)
    __aeabi_memset                           0x080004f1   Thumb Code    16  aeabi_memset.o(.text)
    __aeabi_memclr4                          0x08000501   Thumb Code     0  rt_memclr_w.o(.text)
    __aeabi_memclr8                          0x08000501   Thumb Code     0  rt_memclr_w.o(.text)
    __rt_memclr_w                            0x08000501   Thumb Code    78  rt_memclr_w.o(.text)
    _memset_w                                0x08000505   Thumb Code     0  rt_memclr_w.o(.text)
    __use_two_region_memory                  0x0800054f   Thumb Code     2  heapauxi.o(.text)
    __rt_heap_escrow                         0x08000551   Thumb Code     2  heapauxi.o(.text)
    __rt_heap_expand                         0x08000553   Thumb Code     2  heapauxi.o(.text)
    __aeabi_memcpy4                          0x08000555   Thumb Code     0  rt_memcpy_w.o(.text)
    __aeabi_memcpy8                          0x08000555   Thumb Code     0  rt_memcpy_w.o(.text)
    __rt_memcpy_w                            0x08000555   Thumb Code   100  rt_memcpy_w.o(.text)
    _memcpy_lastbytes_aligned                0x0800059d   Thumb Code     0  rt_memcpy_w.o(.text)
    __aeabi_memclr                           0x080005b9   Thumb Code     0  rt_memclr.o(.text)
    __rt_memclr                              0x080005b9   Thumb Code    68  rt_memclr.o(.text)
    _memset                                  0x080005bd   Thumb Code     0  rt_memclr.o(.text)
    __user_libspace                          0x080005fd   Thumb Code     8  libspace.o(.text)
    __user_perproc_libspace                  0x080005fd   Thumb Code     0  libspace.o(.text)
    __user_perthread_libspace                0x080005fd   Thumb Code     0  libspace.o(.text)
    __I$use$semihosting                      0x08000605   Thumb Code     0  use_no_semi.o(.text)
    __use_no_semihosting_swi                 0x08000605   Thumb Code     2  use_no_semi.o(.text)
    __semihosting_library_function           0x08000607   Thumb Code     0  indicate_semi.o(.text)
    __user_setup_stackheap                   0x08000607   Thumb Code    74  sys_stackheap_outer.o(.text)
    exit                                     0x08000651   Thumb Code    18  exit.o(.text)
    _sys_exit                                0x08000665   Thumb Code     8  sys_exit.o(.text)
    ADC_DMAConvCplt                          0x08000671   Thumb Code   104  stm32g4xx_hal_adc.o(i.ADC_DMAConvCplt)
    ADC_DMAError                             0x080006d9   Thumb Code    26  stm32g4xx_hal_adc.o(i.ADC_DMAError)
    ADC_DMAHalfConvCplt                      0x080006f3   Thumb Code    10  stm32g4xx_hal_adc.o(i.ADC_DMAHalfConvCplt)
    ADC_Enable                               0x080006fd   Thumb Code   172  stm32g4xx_hal_adc.o(i.ADC_Enable)
    ADC_task_func                            0x080007c1   Thumb Code    30  main.o(i.ADC_task_func)
    BusFault_Handler                         0x080007e9   Thumb Code     2  stm32g4xx_it.o(i.BusFault_Handler)
    DFP_task_func                            0x08000887   Thumb Code     8  main.o(i.DFP_task_func)
    DMA1_Channel1_IRQHandler                 0x08000891   Thumb Code     6  stm32g4xx_it.o(i.DMA1_Channel1_IRQHandler)
    DMA1_Channel2_IRQHandler                 0x0800089d   Thumb Code     6  stm32g4xx_it.o(i.DMA1_Channel2_IRQHandler)
    DMA1_Channel3_IRQHandler                 0x080008a9   Thumb Code     6  stm32g4xx_it.o(i.DMA1_Channel3_IRQHandler)
    DMA1_Channel4_IRQHandler                 0x080008b5   Thumb Code     6  stm32g4xx_it.o(i.DMA1_Channel4_IRQHandler)
    DMA1_Channel5_IRQHandler                 0x080008c1   Thumb Code     6  stm32g4xx_it.o(i.DMA1_Channel5_IRQHandler)
    DMA1_Channel6_IRQHandler                 0x080008cd   Thumb Code     6  stm32g4xx_it.o(i.DMA1_Channel6_IRQHandler)
    DebugMon_Handler                         0x0800097b   Thumb Code     2  stm32g4xx_it.o(i.DebugMon_Handler)
    Error_Handler                            0x0800097d   Thumb Code     4  main.o(i.Error_Handler)
    HAL_ADCEx_MultiModeConfigChannel         0x08000981   Thumb Code   326  stm32g4xx_hal_adc_ex.o(i.HAL_ADCEx_MultiModeConfigChannel)
    HAL_ADC_ConfigChannel                    0x08000ae1   Thumb Code  1066  stm32g4xx_hal_adc.o(i.HAL_ADC_ConfigChannel)
    HAL_ADC_ConvCpltCallback                 0x08000f4d   Thumb Code    94  main.o(i.HAL_ADC_ConvCpltCallback)
    HAL_ADC_ConvHalfCpltCallback             0x08000fc5   Thumb Code     2  stm32g4xx_hal_adc.o(i.HAL_ADC_ConvHalfCpltCallback)
    HAL_ADC_ErrorCallback                    0x08000fc7   Thumb Code     2  stm32g4xx_hal_adc.o(i.HAL_ADC_ErrorCallback)
    HAL_ADC_Init                             0x08000fc9   Thumb Code   510  stm32g4xx_hal_adc.o(i.HAL_ADC_Init)
    HAL_ADC_MspInit                          0x080011f9   Thumb Code   698  stm32g4xx_hal_msp.o(i.HAL_ADC_MspInit)
    HAL_ADC_Start_DMA                        0x080014e9   Thumb Code   260  stm32g4xx_hal_adc.o(i.HAL_ADC_Start_DMA)
    HAL_CRCEx_Polynomial_Set                 0x08001615   Thumb Code    84  stm32g4xx_hal_crc_ex.o(i.HAL_CRCEx_Polynomial_Set)
    HAL_CRC_Calculate                        0x08001669   Thumb Code    76  stm32g4xx_hal_crc.o(i.HAL_CRC_Calculate)
    HAL_CRC_Init                             0x080016b5   Thumb Code   112  stm32g4xx_hal_crc.o(i.HAL_CRC_Init)
    HAL_CRC_MspInit                          0x08001729   Thumb Code    30  stm32g4xx_hal_msp.o(i.HAL_CRC_MspInit)
    HAL_DMA_Abort                            0x08001751   Thumb Code   106  stm32g4xx_hal_dma.o(i.HAL_DMA_Abort)
    HAL_DMA_Abort_IT                         0x080017bb   Thumb Code   120  stm32g4xx_hal_dma.o(i.HAL_DMA_Abort_IT)
    HAL_DMA_IRQHandler                       0x08001833   Thumb Code   186  stm32g4xx_hal_dma.o(i.HAL_DMA_IRQHandler)
    HAL_DMA_Init                             0x080018ed   Thumb Code   178  stm32g4xx_hal_dma.o(i.HAL_DMA_Init)
    HAL_DMA_Start_IT                         0x080019ad   Thumb Code   140  stm32g4xx_hal_dma.o(i.HAL_DMA_Start_IT)
    HAL_GPIO_Init                            0x08001a39   Thumb Code   550  stm32g4xx_hal_gpio.o(i.HAL_GPIO_Init)
    HAL_GPIO_WritePin                        0x08001c81   Thumb Code    10  stm32g4xx_hal_gpio.o(i.HAL_GPIO_WritePin)
    HAL_GetTick                              0x08001c8d   Thumb Code     6  stm32g4xx_hal.o(i.HAL_GetTick)
    HAL_HRTIM_DLLCalibrationStart            0x08001c99   Thumb Code    98  stm32g4xx_hal_hrtim.o(i.HAL_HRTIM_DLLCalibrationStart)
    HAL_HRTIM_Init                           0x08001cfd   Thumb Code   184  stm32g4xx_hal_hrtim.o(i.HAL_HRTIM_Init)
    HAL_HRTIM_MspInit                        0x08001dbd   Thumb Code    30  stm32g4xx_hal_msp.o(i.HAL_HRTIM_MspInit)
    HAL_HRTIM_PollForDLLCalibration          0x08001de5   Thumb Code    66  stm32g4xx_hal_hrtim.o(i.HAL_HRTIM_PollForDLLCalibration)
    HAL_HRTIM_TimeBaseConfig                 0x08001e27   Thumb Code   122  stm32g4xx_hal_hrtim.o(i.HAL_HRTIM_TimeBaseConfig)
    HAL_HRTIM_WaveformTimerConfig            0x08001ea1   Thumb Code   144  stm32g4xx_hal_hrtim.o(i.HAL_HRTIM_WaveformTimerConfig)
    HAL_HRTIM_WaveformTimerControl           0x08001f31   Thumb Code   132  stm32g4xx_hal_hrtim.o(i.HAL_HRTIM_WaveformTimerControl)
    HAL_IncTick                              0x08001fb5   Thumb Code    12  stm32g4xx_hal.o(i.HAL_IncTick)
    HAL_Init                                 0x08001fc5   Thumb Code    30  stm32g4xx_hal.o(i.HAL_Init)
    HAL_InitTick                             0x08001fe5   Thumb Code    58  stm32g4xx_hal.o(i.HAL_InitTick)
    HAL_MspInit                              0x08002029   Thumb Code    70  stm32g4xx_hal_msp.o(i.HAL_MspInit)
    HAL_NVIC_EnableIRQ                       0x08002075   Thumb Code    26  stm32g4xx_hal_cortex.o(i.HAL_NVIC_EnableIRQ)
    HAL_NVIC_SetPriority                     0x08002091   Thumb Code    60  stm32g4xx_hal_cortex.o(i.HAL_NVIC_SetPriority)
    HAL_NVIC_SetPriorityGrouping             0x080020d1   Thumb Code    26  stm32g4xx_hal_cortex.o(i.HAL_NVIC_SetPriorityGrouping)
    HAL_PWREx_ControlVoltageScaling          0x080020f5   Thumb Code   174  stm32g4xx_hal_pwr_ex.o(i.HAL_PWREx_ControlVoltageScaling)
    HAL_PWREx_DisableUCPDDeadBattery         0x080021b1   Thumb Code    12  stm32g4xx_hal_pwr_ex.o(i.HAL_PWREx_DisableUCPDDeadBattery)
    HAL_RCCEx_PeriphCLKConfig                0x080021c1   Thumb Code   758  stm32g4xx_hal_rcc_ex.o(i.HAL_RCCEx_PeriphCLKConfig)
    HAL_RCC_ClockConfig                      0x080024c1   Thumb Code   444  stm32g4xx_hal_rcc.o(i.HAL_RCC_ClockConfig)
    HAL_RCC_GetPCLK1Freq                     0x0800269d   Thumb Code    24  stm32g4xx_hal_rcc.o(i.HAL_RCC_GetPCLK1Freq)
    HAL_RCC_GetPCLK2Freq                     0x080026c1   Thumb Code    24  stm32g4xx_hal_rcc.o(i.HAL_RCC_GetPCLK2Freq)
    HAL_RCC_GetSysClockFreq                  0x080026e5   Thumb Code    98  stm32g4xx_hal_rcc.o(i.HAL_RCC_GetSysClockFreq)
    HAL_RCC_OscConfig                        0x08002755   Thumb Code  1028  stm32g4xx_hal_rcc.o(i.HAL_RCC_OscConfig)
    HAL_SYSCFG_EnableVREFBUF                 0x08002b59   Thumb Code    44  stm32g4xx_hal.o(i.HAL_SYSCFG_EnableVREFBUF)
    HAL_SYSCFG_VREFBUF_HighImpedanceConfig   0x08002b89   Thumb Code    14  stm32g4xx_hal.o(i.HAL_SYSCFG_VREFBUF_HighImpedanceConfig)
    HAL_SYSCFG_VREFBUF_VoltageScalingConfig  0x08002b9d   Thumb Code    14  stm32g4xx_hal.o(i.HAL_SYSCFG_VREFBUF_VoltageScalingConfig)
    HAL_SYSTICK_Config                       0x08002bb1   Thumb Code    40  stm32g4xx_hal_cortex.o(i.HAL_SYSTICK_Config)
    HAL_UARTEx_DisableFifoMode               0x08002bd9   Thumb Code    62  stm32g4xx_hal_uart_ex.o(i.HAL_UARTEx_DisableFifoMode)
    HAL_UARTEx_RxEventCallback               0x08002c17   Thumb Code     2  stm32g4xx_hal_uart.o(i.HAL_UARTEx_RxEventCallback)
    HAL_UARTEx_RxFifoFullCallback            0x08002c19   Thumb Code     2  stm32g4xx_hal_uart_ex.o(i.HAL_UARTEx_RxFifoFullCallback)
    HAL_UARTEx_SetRxFifoThreshold            0x08002c1b   Thumb Code    76  stm32g4xx_hal_uart_ex.o(i.HAL_UARTEx_SetRxFifoThreshold)
    HAL_UARTEx_SetTxFifoThreshold            0x08002c67   Thumb Code    76  stm32g4xx_hal_uart_ex.o(i.HAL_UARTEx_SetTxFifoThreshold)
    HAL_UARTEx_TxFifoEmptyCallback           0x08002cb3   Thumb Code     2  stm32g4xx_hal_uart_ex.o(i.HAL_UARTEx_TxFifoEmptyCallback)
    HAL_UARTEx_WakeupCallback                0x08002cb5   Thumb Code     2  stm32g4xx_hal_uart_ex.o(i.HAL_UARTEx_WakeupCallback)
    HAL_UART_ErrorCallback                   0x08002cb7   Thumb Code     2  stm32g4xx_hal_uart.o(i.HAL_UART_ErrorCallback)
    HAL_UART_IRQHandler                      0x08002cb9   Thumb Code   766  stm32g4xx_hal_uart.o(i.HAL_UART_IRQHandler)
    HAL_UART_Init                            0x08002fc5   Thumb Code   106  stm32g4xx_hal_uart.o(i.HAL_UART_Init)
    HAL_UART_MspInit                         0x08003031   Thumb Code   180  stm32g4xx_hal_msp.o(i.HAL_UART_MspInit)
    HAL_UART_Transmit_DMA                    0x080030f5   Thumb Code   132  stm32g4xx_hal_uart.o(i.HAL_UART_Transmit_DMA)
    HAL_UART_TxCpltCallback                  0x08003185   Thumb Code     2  stm32g4xx_hal_uart.o(i.HAL_UART_TxCpltCallback)
    HAL_UART_TxHalfCpltCallback              0x08003187   Thumb Code     2  stm32g4xx_hal_uart.o(i.HAL_UART_TxHalfCpltCallback)
    HardFault_Handler                        0x08003421   Thumb Code     2  stm32g4xx_it.o(i.HardFault_Handler)
    MemManage_Handler                        0x08003a81   Thumb Code     2  stm32g4xx_it.o(i.MemManage_Handler)
    NMI_Handler                              0x08003a83   Thumb Code     2  stm32g4xx_it.o(i.NMI_Handler)
    SysTick_Handler                          0x08003a85   Thumb Code    24  stm32g4xx_it.o(i.SysTick_Handler)
    SystemClock_Config                       0x08003a9d   Thumb Code   106  main.o(i.SystemClock_Config)
    SystemInit                               0x08003b09   Thumb Code    12  system_stm32g4xx.o(i.SystemInit)
    UART_AdvFeatureConfig                    0x08003b5d   Thumb Code   200  stm32g4xx_hal_uart.o(i.UART_AdvFeatureConfig)
    UART_CheckIdleState                      0x08003c25   Thumb Code   172  stm32g4xx_hal_uart.o(i.UART_CheckIdleState)
    UART_SetConfig                           0x08003e05   Thumb Code   614  stm32g4xx_hal_uart.o(i.UART_SetConfig)
    UART_WaitOnFlagUntilTimeout              0x0800409d   Thumb Code   148  stm32g4xx_hal_uart.o(i.UART_WaitOnFlagUntilTimeout)
    UART_task_func                           0x08004131   Thumb Code    44  main.o(i.UART_task_func)
    USART1_IRQHandler                        0x08004161   Thumb Code     6  stm32g4xx_it.o(i.USART1_IRQHandler)
    UsageFault_Handler                       0x0800416d   Thumb Code     2  stm32g4xx_it.o(i.UsageFault_Handler)
    get_VLP_value                            0x08004191   Thumb Code   182  main.o(i.get_VLP_value)
    main                                     0x08004261   Thumb Code   142  main.o(i.main)
    osDelay                                  0x08004315   Thumb Code    26  cmsis_os2.o(i.osDelay)
    osKernelInitialize                       0x08004331   Thumb Code    32  cmsis_os2.o(i.osKernelInitialize)
    osKernelStart                            0x08004355   Thumb Code    48  cmsis_os2.o(i.osKernelStart)
    osThreadNew                              0x0800438d   Thumb Code   138  cmsis_os2.o(i.osThreadNew)
    pvPortMalloc                             0x08004bad   Thumb Code   216  heap_4.o(i.pvPortMalloc)
    pxPortInitialiseStack                    0x08004c89   Thumb Code    40  port.o(i.pxPortInitialiseStack)
    uxListRemove                             0x08004cb5   Thumb Code    38  list.o(i.uxListRemove)
    vApplicationGetIdleTaskMemory            0x08004cdd   Thumb Code    16  cmsis_os2.o(i.vApplicationGetIdleTaskMemory)
    vApplicationGetTimerTaskMemory           0x08004cf1   Thumb Code    18  cmsis_os2.o(i.vApplicationGetTimerTaskMemory)
    vListInitialise                          0x08004d09   Thumb Code    22  list.o(i.vListInitialise)
    vListInitialiseItem                      0x08004d1f   Thumb Code     6  list.o(i.vListInitialiseItem)
    vListInsert                              0x08004d25   Thumb Code    48  list.o(i.vListInsert)
    vListInsertEnd                           0x08004d55   Thumb Code    24  list.o(i.vListInsertEnd)
    vPortEnterCritical                       0x08004d6d   Thumb Code    54  port.o(i.vPortEnterCritical)
    vPortExitCritical                        0x08004dad   Thumb Code    34  port.o(i.vPortExitCritical)
    vPortFree                                0x08004dd5   Thumb Code    94  heap_4.o(i.vPortFree)
    vPortSetupTimerInterrupt                 0x08004e39   Thumb Code    32  port.o(i.vPortSetupTimerInterrupt)
    vPortValidateInterruptPriority           0x08004e5d   Thumb Code    74  port.o(i.vPortValidateInterruptPriority)
    vQueueAddToRegistry                      0x08004eb1   Thumb Code    34  queue.o(i.vQueueAddToRegistry)
    vQueueWaitForMessageRestricted           0x08004ed9   Thumb Code    68  queue.o(i.vQueueWaitForMessageRestricted)
    vTaskDelay                               0x08004f1d   Thumb Code    66  tasks.o(i.vTaskDelay)
    vTaskInternalSetTimeOutState             0x08004f69   Thumb Code    12  tasks.o(i.vTaskInternalSetTimeOutState)
    vTaskMissedYield                         0x08004f79   Thumb Code     8  tasks.o(i.vTaskMissedYield)
    vTaskPlaceOnEventList                    0x08004f85   Thumb Code    44  tasks.o(i.vTaskPlaceOnEventList)
    vTaskPlaceOnEventListRestricted          0x08004fb5   Thumb Code    52  tasks.o(i.vTaskPlaceOnEventListRestricted)
    vTaskStartScheduler                      0x08004fed   Thumb Code   118  tasks.o(i.vTaskStartScheduler)
    vTaskSuspendAll                          0x08005075   Thumb Code    10  tasks.o(i.vTaskSuspendAll)
    vTaskSwitchContext                       0x08005085   Thumb Code    90  tasks.o(i.vTaskSwitchContext)
    xPortStartScheduler                      0x080050e9   Thumb Code   222  port.o(i.xPortStartScheduler)
    xPortSysTickHandler                      0x080051dd   Thumb Code    38  port.o(i.xPortSysTickHandler)
    xQueueGenericCreateStatic                0x08005209   Thumb Code   102  queue.o(i.xQueueGenericCreateStatic)
    xQueueGenericReset                       0x08005271   Thumb Code   132  queue.o(i.xQueueGenericReset)
    xQueueGenericSend                        0x080052f9   Thumb Code   346  queue.o(i.xQueueGenericSend)
    xQueueGenericSendFromISR                 0x08005459   Thumb Code   190  queue.o(i.xQueueGenericSendFromISR)
    xQueueReceive                            0x08005519   Thumb Code   308  queue.o(i.xQueueReceive)
    xTaskCheckForTimeOut                     0x08005651   Thumb Code   112  tasks.o(i.xTaskCheckForTimeOut)
    xTaskCreate                              0x080056c5   Thumb Code    90  tasks.o(i.xTaskCreate)
    xTaskCreateStatic                        0x0800571f   Thumb Code    86  tasks.o(i.xTaskCreateStatic)
    xTaskGetSchedulerState                   0x08005775   Thumb Code    22  tasks.o(i.xTaskGetSchedulerState)
    xTaskGetTickCount                        0x08005791   Thumb Code     6  tasks.o(i.xTaskGetTickCount)
    xTaskIncrementTick                       0x0800579d   Thumb Code   192  tasks.o(i.xTaskIncrementTick)
    xTaskPriorityDisinherit                  0x08005865   Thumb Code   118  tasks.o(i.xTaskPriorityDisinherit)
    xTaskRemoveFromEventList                 0x080058e5   Thumb Code    98  tasks.o(i.xTaskRemoveFromEventList)
    xTaskResumeAll                           0x08005955   Thumb Code   182  tasks.o(i.xTaskResumeAll)
    xTimerCreateTimerTask                    0x08005a19   Thumb Code    78  timers.o(i.xTimerCreateTimerTask)
    xTimerGenericCommand                     0x08005a79   Thumb Code    98  timers.o(i.xTimerGenericCommand)
    _fp_init                                 0x08005ae1   Thumb Code    10  fpinit.o(x$fpl$fpinit)
    __fplib_config_fpu_vfp                   0x08005ae9   Thumb Code     0  fpinit.o(x$fpl$fpinit)
    __fplib_config_pureend_doubles           0x08005ae9   Thumb Code     0  fpinit.o(x$fpl$fpinit)
    UART_task_attributes                     0x08005aec   Data          36  main.o(.constdata)
    ADC_task_attributes                      0x08005b10   Data          36  main.o(.constdata)
    DFP_task_attributes                      0x08005b34   Data          36  main.o(.constdata)
    UARTPrescTable                           0x08005b58   Data          24  stm32g4xx_hal_uart.o(.constdata)
    AHBPrescTable                            0x08005b80   Data          16  system_stm32g4xx.o(.constdata)
    APBPrescTable                            0x08005b90   Data           8  system_stm32g4xx.o(.constdata)
    Region$$Table$$Base                      0x08005bbc   Number         0  anon$$obj.o(Region$$Table)
    Region$$Table$$Limit                     0x08005bdc   Number         0  anon$$obj.o(Region$$Table)
    adc_buf3                                 0x20000000   Data           2  main.o(.data)
    adc_buf4                                 0x20000002   Data           2  main.o(.data)
    adc_buf5                                 0x20000004   Data           2  main.o(.data)
    UART_taskHandle                          0x20000008   Data           4  main.o(.data)
    ADC_taskHandle                           0x2000000c   Data           4  main.o(.data)
    DFP_taskHandle                           0x20000010   Data           4  main.o(.data)
    adc_buf1                                 0x20000014   Data           4  main.o(.data)
    adc_buf2                                 0x20000018   Data           6  main.o(.data)
    uwTickPrio                               0x20000028   Data           4  stm32g4xx_hal.o(.data)
    uwTickFreq                               0x2000002c   Data           4  stm32g4xx_hal.o(.data)
    uwTick                                   0x20000030   Data           4  stm32g4xx_hal.o(.data)
    SystemCoreClock                          0x20000034   Data           4  system_stm32g4xx.o(.data)
    pxCurrentTCB                             0x20000038   Data           4  tasks.o(.data)
    hadc1                                    0x200000b8   Data         108  main.o(.bss)
    hadc2                                    0x20000124   Data         108  main.o(.bss)
    hadc3                                    0x20000190   Data         108  main.o(.bss)
    hadc4                                    0x200001fc   Data         108  main.o(.bss)
    hadc5                                    0x20000268   Data         108  main.o(.bss)
    hcrc                                     0x200002d4   Data          36  main.o(.bss)
    hhrtim1                                  0x200002f8   Data         252  main.o(.bss)
    huart1                                   0x200003f4   Data         148  main.o(.bss)
    adc_values                               0x20000488   Data          16  main.o(.bss)
    VLP_value                                0x20000498   Data         256  main.o(.bss)
    VLP_packet                               0x20000598   Data         261  main.o(.bss)
    comm_packet                              0x200006a0   Data         264  main.o(.bss)
    c                                        0x200007a8   Data         278  main.o(.bss)
    hdma_adc1                                0x200008c0   Data          96  main.o(.bss)
    hdma_adc2                                0x20000920   Data          96  main.o(.bss)
    hdma_adc3                                0x20000980   Data          96  main.o(.bss)
    hdma_adc4                                0x200009e0   Data          96  main.o(.bss)
    hdma_adc5                                0x20000a40   Data          96  main.o(.bss)
    hdma_usart1_tx                           0x20000aa0   Data          96  main.o(.bss)
    xQueueRegistry                           0x20000b00   Data          64  queue.o(.bss)
    __libspace_start                         0x200023d4   Data          96  libspace.o(.bss)
    __temporary_stack_top$libspace           0x20002434   Data           0  libspace.o(.bss)



==============================================================================

Memory Map of the image

  Image Entry point : 0x080001d9

  Load Region LR_IROM1 (Base: 0x08000000, Size: 0x00005c94, Max: 0x00020000, ABSOLUTE)

    Execution Region ER_IROM1 (Base: 0x08000000, Size: 0x00005bdc, Max: 0x00020000, ABSOLUTE)

    Base Addr    Size         Type   Attr      Idx    E Section Name        Object

    0x08000000   0x000001d8   Data   RO            3    RESET               startup_stm32g474xx.o
    0x080001d8   0x00000008   Code   RO         5877  * !!!main             c_w.l(__main.o)
    0x080001e0   0x00000034   Code   RO         6094    !!!scatter          c_w.l(__scatter.o)
    0x08000214   0x0000001a   Code   RO         6096    !!handler_copy      c_w.l(__scatter_copy.o)
    0x0800022e   0x00000002   PAD
    0x08000230   0x0000001c   Code   RO         6098    !!handler_zi        c_w.l(__scatter_zi.o)
    0x0800024c   0x00000002   Code   RO         6031    .ARM.Collect$$libinit$$00000000  c_w.l(libinit.o)
    0x0800024e   0x00000004   Code   RO         5917    .ARM.Collect$$libinit$$00000001  c_w.l(libinit2.o)
    0x08000252   0x00000000   Code   RO         5920    .ARM.Collect$$libinit$$00000004  c_w.l(libinit2.o)
    0x08000252   0x00000000   Code   RO         5923    .ARM.Collect$$libinit$$0000000A  c_w.l(libinit2.o)
    0x08000252   0x00000000   Code   RO         5925    .ARM.Collect$$libinit$$0000000C  c_w.l(libinit2.o)
    0x08000252   0x00000000   Code   RO         5927    .ARM.Collect$$libinit$$0000000E  c_w.l(libinit2.o)
    0x08000252   0x00000000   Code   RO         5930    .ARM.Collect$$libinit$$00000011  c_w.l(libinit2.o)
    0x08000252   0x00000000   Code   RO         5932    .ARM.Collect$$libinit$$00000013  c_w.l(libinit2.o)
    0x08000252   0x00000000   Code   RO         5934    .ARM.Collect$$libinit$$00000015  c_w.l(libinit2.o)
    0x08000252   0x00000000   Code   RO         5936    .ARM.Collect$$libinit$$00000017  c_w.l(libinit2.o)
    0x08000252   0x00000000   Code   RO         5938    .ARM.Collect$$libinit$$00000019  c_w.l(libinit2.o)
    0x08000252   0x00000000   Code   RO         5940    .ARM.Collect$$libinit$$0000001B  c_w.l(libinit2.o)
    0x08000252   0x00000000   Code   RO         5942    .ARM.Collect$$libinit$$0000001D  c_w.l(libinit2.o)
    0x08000252   0x00000000   Code   RO         5944    .ARM.Collect$$libinit$$0000001F  c_w.l(libinit2.o)
    0x08000252   0x00000000   Code   RO         5946    .ARM.Collect$$libinit$$00000021  c_w.l(libinit2.o)
    0x08000252   0x00000000   Code   RO         5948    .ARM.Collect$$libinit$$00000023  c_w.l(libinit2.o)
    0x08000252   0x00000000   Code   RO         5950    .ARM.Collect$$libinit$$00000025  c_w.l(libinit2.o)
    0x08000252   0x00000000   Code   RO         5954    .ARM.Collect$$libinit$$0000002C  c_w.l(libinit2.o)
    0x08000252   0x00000000   Code   RO         5956    .ARM.Collect$$libinit$$0000002E  c_w.l(libinit2.o)
    0x08000252   0x00000000   Code   RO         5958    .ARM.Collect$$libinit$$00000030  c_w.l(libinit2.o)
    0x08000252   0x00000000   Code   RO         5960    .ARM.Collect$$libinit$$00000032  c_w.l(libinit2.o)
    0x08000252   0x00000002   Code   RO         5961    .ARM.Collect$$libinit$$00000033  c_w.l(libinit2.o)
    0x08000254   0x00000002   Code   RO         6091    .ARM.Collect$$libshutdown$$00000000  c_w.l(libshutdown.o)
    0x08000256   0x00000000   Code   RO         6047    .ARM.Collect$$libshutdown$$00000002  c_w.l(libshutdown2.o)
    0x08000256   0x00000000   Code   RO         6049    .ARM.Collect$$libshutdown$$00000004  c_w.l(libshutdown2.o)
    0x08000256   0x00000000   Code   RO         6051    .ARM.Collect$$libshutdown$$00000006  c_w.l(libshutdown2.o)
    0x08000256   0x00000000   Code   RO         6054    .ARM.Collect$$libshutdown$$00000009  c_w.l(libshutdown2.o)
    0x08000256   0x00000000   Code   RO         6057    .ARM.Collect$$libshutdown$$0000000C  c_w.l(libshutdown2.o)
    0x08000256   0x00000000   Code   RO         6059    .ARM.Collect$$libshutdown$$0000000E  c_w.l(libshutdown2.o)
    0x08000256   0x00000000   Code   RO         6062    .ARM.Collect$$libshutdown$$00000011  c_w.l(libshutdown2.o)
    0x08000256   0x00000002   Code   RO         6063    .ARM.Collect$$libshutdown$$00000012  c_w.l(libshutdown2.o)
    0x08000258   0x00000000   Code   RO         5881    .ARM.Collect$$rtentry$$00000000  c_w.l(__rtentry.o)
    0x08000258   0x00000000   Code   RO         5968    .ARM.Collect$$rtentry$$00000002  c_w.l(__rtentry2.o)
    0x08000258   0x00000006   Code   RO         5980    .ARM.Collect$$rtentry$$00000004  c_w.l(__rtentry4.o)
    0x0800025e   0x00000000   Code   RO         5970    .ARM.Collect$$rtentry$$00000009  c_w.l(__rtentry2.o)
    0x0800025e   0x00000004   Code   RO         5971    .ARM.Collect$$rtentry$$0000000A  c_w.l(__rtentry2.o)
    0x08000262   0x00000000   Code   RO         5973    .ARM.Collect$$rtentry$$0000000C  c_w.l(__rtentry2.o)
    0x08000262   0x00000008   Code   RO         5974    .ARM.Collect$$rtentry$$0000000D  c_w.l(__rtentry2.o)
    0x0800026a   0x00000002   Code   RO         6034    .ARM.Collect$$rtexit$$00000000  c_w.l(rtexit.o)
    0x0800026c   0x00000000   Code   RO         6067    .ARM.Collect$$rtexit$$00000002  c_w.l(rtexit2.o)
    0x0800026c   0x00000004   Code   RO         6068    .ARM.Collect$$rtexit$$00000003  c_w.l(rtexit2.o)
    0x08000270   0x00000006   Code   RO         6069    .ARM.Collect$$rtexit$$00000004  c_w.l(rtexit2.o)
    0x08000276   0x00000002   PAD
    0x08000278   0x000000be   Code   RO         5724    .emb_text           port.o
    0x08000336   0x00000002   PAD
    0x08000338   0x00000040   Code   RO            4    .text               startup_stm32g474xx.o
    0x08000378   0x000000ee   Code   RO         5865    .text               c_w.l(lludivv7m.o)
    0x08000466   0x0000008a   Code   RO         5867    .text               c_w.l(rt_memcpy_v6.o)
    0x080004f0   0x00000010   Code   RO         5871    .text               c_w.l(aeabi_memset.o)
    0x08000500   0x0000004e   Code   RO         5873    .text               c_w.l(rt_memclr_w.o)
    0x0800054e   0x00000006   Code   RO         5875    .text               c_w.l(heapauxi.o)
    0x08000554   0x00000064   Code   RO         5911    .text               c_w.l(rt_memcpy_w.o)
    0x080005b8   0x00000044   Code   RO         5913    .text               c_w.l(rt_memclr.o)
    0x080005fc   0x00000008   Code   RO         5964    .text               c_w.l(libspace.o)
    0x08000604   0x00000002   Code   RO         6003    .text               c_w.l(use_no_semi.o)
    0x08000606   0x00000000   Code   RO         6005    .text               c_w.l(indicate_semi.o)
    0x08000606   0x0000004a   Code   RO         6006    .text               c_w.l(sys_stackheap_outer.o)
    0x08000650   0x00000012   Code   RO         6012    .text               c_w.l(exit.o)
    0x08000662   0x00000002   PAD
    0x08000664   0x0000000c   Code   RO         6032    .text               c_w.l(sys_exit.o)
    0x08000670   0x00000068   Code   RO          531    i.ADC_DMAConvCplt   stm32g4xx_hal_adc.o
    0x080006d8   0x0000001a   Code   RO          532    i.ADC_DMAError      stm32g4xx_hal_adc.o
    0x080006f2   0x0000000a   Code   RO          533    i.ADC_DMAHalfConvCplt  stm32g4xx_hal_adc.o
    0x080006fc   0x000000c4   Code   RO          535    i.ADC_Enable        stm32g4xx_hal_adc.o
    0x080007c0   0x00000028   Code   RO           13    i.ADC_task_func     main.o
    0x080007e8   0x00000002   Code   RO          316    i.BusFault_Handler  stm32g4xx_it.o
    0x080007ea   0x00000002   PAD
    0x080007ec   0x00000030   Code   RO         2486    i.CRC_Handle_16     stm32g4xx_hal_crc.o
    0x0800081c   0x0000006a   Code   RO         2487    i.CRC_Handle_8      stm32g4xx_hal_crc.o
    0x08000886   0x00000008   Code   RO           14    i.DFP_task_func     main.o
    0x0800088e   0x00000002   PAD
    0x08000890   0x0000000c   Code   RO          317    i.DMA1_Channel1_IRQHandler  stm32g4xx_it.o
    0x0800089c   0x0000000c   Code   RO          318    i.DMA1_Channel2_IRQHandler  stm32g4xx_it.o
    0x080008a8   0x0000000c   Code   RO          319    i.DMA1_Channel3_IRQHandler  stm32g4xx_it.o
    0x080008b4   0x0000000c   Code   RO          320    i.DMA1_Channel4_IRQHandler  stm32g4xx_it.o
    0x080008c0   0x0000000c   Code   RO          321    i.DMA1_Channel5_IRQHandler  stm32g4xx_it.o
    0x080008cc   0x0000000c   Code   RO          322    i.DMA1_Channel6_IRQHandler  stm32g4xx_it.o
    0x080008d8   0x00000040   Code   RO         1844    i.DMA_CalcDMAMUXChannelBaseAndMask  stm32g4xx_hal_dma.o
    0x08000918   0x00000024   Code   RO         1845    i.DMA_CalcDMAMUXRequestGenBaseAndMask  stm32g4xx_hal_dma.o
    0x0800093c   0x0000003e   Code   RO         1846    i.DMA_SetConfig     stm32g4xx_hal_dma.o
    0x0800097a   0x00000002   Code   RO          323    i.DebugMon_Handler  stm32g4xx_it.o
    0x0800097c   0x00000004   Code   RO           15    i.Error_Handler     main.o
    0x08000980   0x00000160   Code   RO          785    i.HAL_ADCEx_MultiModeConfigChannel  stm32g4xx_hal_adc_ex.o
    0x08000ae0   0x0000046c   Code   RO          537    i.HAL_ADC_ConfigChannel  stm32g4xx_hal_adc.o
    0x08000f4c   0x00000078   Code   RO           16    i.HAL_ADC_ConvCpltCallback  main.o
    0x08000fc4   0x00000002   Code   RO          539    i.HAL_ADC_ConvHalfCpltCallback  stm32g4xx_hal_adc.o
    0x08000fc6   0x00000002   Code   RO          541    i.HAL_ADC_ErrorCallback  stm32g4xx_hal_adc.o
    0x08000fc8   0x00000230   Code   RO          546    i.HAL_ADC_Init      stm32g4xx_hal_adc.o
    0x080011f8   0x000002f0   Code   RO          423    i.HAL_ADC_MspInit   stm32g4xx_hal_msp.o
    0x080014e8   0x0000012c   Code   RO          554    i.HAL_ADC_Start_DMA  stm32g4xx_hal_adc.o
    0x08001614   0x00000054   Code   RO         2558    i.HAL_CRCEx_Polynomial_Set  stm32g4xx_hal_crc_ex.o
    0x08001668   0x0000004c   Code   RO         2489    i.HAL_CRC_Calculate  stm32g4xx_hal_crc.o
    0x080016b4   0x00000074   Code   RO         2492    i.HAL_CRC_Init      stm32g4xx_hal_crc.o
    0x08001728   0x00000028   Code   RO          425    i.HAL_CRC_MspInit   stm32g4xx_hal_msp.o
    0x08001750   0x0000006a   Code   RO         1847    i.HAL_DMA_Abort     stm32g4xx_hal_dma.o
    0x080017ba   0x00000078   Code   RO         1848    i.HAL_DMA_Abort_IT  stm32g4xx_hal_dma.o
    0x08001832   0x000000ba   Code   RO         1852    i.HAL_DMA_IRQHandler  stm32g4xx_hal_dma.o
    0x080018ec   0x000000c0   Code   RO         1853    i.HAL_DMA_Init      stm32g4xx_hal_dma.o
    0x080019ac   0x0000008c   Code   RO         1857    i.HAL_DMA_Start_IT  stm32g4xx_hal_dma.o
    0x08001a38   0x00000248   Code   RO         1709    i.HAL_GPIO_Init     stm32g4xx_hal_gpio.o
    0x08001c80   0x0000000a   Code   RO         1713    i.HAL_GPIO_WritePin  stm32g4xx_hal_gpio.o
    0x08001c8a   0x00000002   PAD
    0x08001c8c   0x0000000c   Code   RO          988    i.HAL_GetTick       stm32g4xx_hal.o
    0x08001c98   0x00000062   Code   RO         2611    i.HAL_HRTIM_DLLCalibrationStart  stm32g4xx_hal_hrtim.o
    0x08001cfa   0x00000002   PAD
    0x08001cfc   0x000000c0   Code   RO         2644    i.HAL_HRTIM_Init    stm32g4xx_hal_hrtim.o
    0x08001dbc   0x00000028   Code   RO          427    i.HAL_HRTIM_MspInit  stm32g4xx_hal_msp.o
    0x08001de4   0x00000042   Code   RO         2653    i.HAL_HRTIM_PollForDLLCalibration  stm32g4xx_hal_hrtim.o
    0x08001e26   0x0000007a   Code   RO         2695    i.HAL_HRTIM_TimeBaseConfig  stm32g4xx_hal_hrtim.o
    0x08001ea0   0x00000090   Code   RO         2714    i.HAL_HRTIM_WaveformTimerConfig  stm32g4xx_hal_hrtim.o
    0x08001f30   0x00000084   Code   RO         2715    i.HAL_HRTIM_WaveformTimerControl  stm32g4xx_hal_hrtim.o
    0x08001fb4   0x00000010   Code   RO          994    i.HAL_IncTick       stm32g4xx_hal.o
    0x08001fc4   0x0000001e   Code   RO          995    i.HAL_Init          stm32g4xx_hal.o
    0x08001fe2   0x00000002   PAD
    0x08001fe4   0x00000044   Code   RO          996    i.HAL_InitTick      stm32g4xx_hal.o
    0x08002028   0x0000004c   Code   RO          428    i.HAL_MspInit       stm32g4xx_hal_msp.o
    0x08002074   0x0000001a   Code   RO         2356    i.HAL_NVIC_EnableIRQ  stm32g4xx_hal_cortex.o
    0x0800208e   0x00000002   PAD
    0x08002090   0x00000040   Code   RO         2362    i.HAL_NVIC_SetPriority  stm32g4xx_hal_cortex.o
    0x080020d0   0x00000024   Code   RO         2363    i.HAL_NVIC_SetPriorityGrouping  stm32g4xx_hal_cortex.o
    0x080020f4   0x000000bc   Code   RO         2112    i.HAL_PWREx_ControlVoltageScaling  stm32g4xx_hal_pwr_ex.o
    0x080021b0   0x00000010   Code   RO         2124    i.HAL_PWREx_DisableUCPDDeadBattery  stm32g4xx_hal_pwr_ex.o
    0x080021c0   0x00000300   Code   RO         1355    i.HAL_RCCEx_PeriphCLKConfig  stm32g4xx_hal_rcc_ex.o
    0x080024c0   0x000001dc   Code   RO         1230    i.HAL_RCC_ClockConfig  stm32g4xx_hal_rcc.o
    0x0800269c   0x00000024   Code   RO         1238    i.HAL_RCC_GetPCLK1Freq  stm32g4xx_hal_rcc.o
    0x080026c0   0x00000024   Code   RO         1239    i.HAL_RCC_GetPCLK2Freq  stm32g4xx_hal_rcc.o
    0x080026e4   0x00000070   Code   RO         1240    i.HAL_RCC_GetSysClockFreq  stm32g4xx_hal_rcc.o
    0x08002754   0x00000404   Code   RO         1243    i.HAL_RCC_OscConfig  stm32g4xx_hal_rcc.o
    0x08002b58   0x00000030   Code   RO         1009    i.HAL_SYSCFG_EnableVREFBUF  stm32g4xx_hal.o
    0x08002b88   0x00000014   Code   RO         1010    i.HAL_SYSCFG_VREFBUF_HighImpedanceConfig  stm32g4xx_hal.o
    0x08002b9c   0x00000014   Code   RO         1012    i.HAL_SYSCFG_VREFBUF_VoltageScalingConfig  stm32g4xx_hal.o
    0x08002bb0   0x00000028   Code   RO         2367    i.HAL_SYSTICK_Config  stm32g4xx_hal_cortex.o
    0x08002bd8   0x0000003e   Code   RO         3896    i.HAL_UARTEx_DisableFifoMode  stm32g4xx_hal_uart_ex.o
    0x08002c16   0x00000002   Code   RO         3485    i.HAL_UARTEx_RxEventCallback  stm32g4xx_hal_uart.o
    0x08002c18   0x00000002   Code   RO         3904    i.HAL_UARTEx_RxFifoFullCallback  stm32g4xx_hal_uart_ex.o
    0x08002c1a   0x0000004c   Code   RO         3905    i.HAL_UARTEx_SetRxFifoThreshold  stm32g4xx_hal_uart_ex.o
    0x08002c66   0x0000004c   Code   RO         3906    i.HAL_UARTEx_SetTxFifoThreshold  stm32g4xx_hal_uart_ex.o
    0x08002cb2   0x00000002   Code   RO         3908    i.HAL_UARTEx_TxFifoEmptyCallback  stm32g4xx_hal_uart_ex.o
    0x08002cb4   0x00000002   Code   RO         3909    i.HAL_UARTEx_WakeupCallback  stm32g4xx_hal_uart_ex.o
    0x08002cb6   0x00000002   Code   RO         3501    i.HAL_UART_ErrorCallback  stm32g4xx_hal_uart.o
    0x08002cb8   0x0000030c   Code   RO         3504    i.HAL_UART_IRQHandler  stm32g4xx_hal_uart.o
    0x08002fc4   0x0000006a   Code   RO         3505    i.HAL_UART_Init     stm32g4xx_hal_uart.o
    0x0800302e   0x00000002   PAD
    0x08003030   0x000000c4   Code   RO          430    i.HAL_UART_MspInit  stm32g4xx_hal_msp.o
    0x080030f4   0x00000090   Code   RO         3515    i.HAL_UART_Transmit_DMA  stm32g4xx_hal_uart.o
    0x08003184   0x00000002   Code   RO         3517    i.HAL_UART_TxCpltCallback  stm32g4xx_hal_uart.o
    0x08003186   0x00000002   Code   RO         3518    i.HAL_UART_TxHalfCpltCallback  stm32g4xx_hal_uart.o
    0x08003188   0x00000068   Code   RO         2722    i.HRTIM_ForceRegistersUpdate  stm32g4xx_hal_hrtim.o
    0x080031f0   0x00000092   Code   RO         2727    i.HRTIM_MasterWaveform_Config  stm32g4xx_hal_hrtim.o
    0x08003282   0x00000002   PAD
    0x08003284   0x0000019c   Code   RO         2732    i.HRTIM_TimingUnitWaveform_Config  stm32g4xx_hal_hrtim.o
    0x08003420   0x00000002   Code   RO          324    i.HardFault_Handler  stm32g4xx_it.o
    0x08003422   0x0000000c   Code   RO          560    i.LL_ADC_GetOffsetChannel  stm32g4xx_hal_adc.o
    0x0800342e   0x00000008   Code   RO          561    i.LL_ADC_INJ_IsConversionOngoing  stm32g4xx_hal_adc.o
    0x08003436   0x00000008   Code   RO          562    i.LL_ADC_REG_IsConversionOngoing  stm32g4xx_hal_adc.o
    0x0800343e   0x00000008   Code   RO          795    i.LL_ADC_REG_IsConversionOngoing  stm32g4xx_hal_adc_ex.o
    0x08003446   0x00000010   Code   RO          563    i.LL_ADC_REG_IsTriggerSourceSWStart  stm32g4xx_hal_adc.o
    0x08003456   0x0000001e   Code   RO          565    i.LL_ADC_SetChannelSamplingTime  stm32g4xx_hal_adc.o
    0x08003474   0x00000010   Code   RO          566    i.LL_ADC_SetOffsetState  stm32g4xx_hal_adc.o
    0x08003484   0x000000ac   Code   RO           17    i.MX_ADC1_Init      main.o
    0x08003530   0x000000b0   Code   RO           18    i.MX_ADC2_Init      main.o
    0x080035e0   0x00000090   Code   RO           19    i.MX_ADC3_Init      main.o
    0x08003670   0x0000007c   Code   RO           20    i.MX_ADC4_Init      main.o
    0x080036ec   0x0000007c   Code   RO           21    i.MX_ADC5_Init      main.o
    0x08003768   0x0000008c   Code   RO           22    i.MX_DMA_Init       main.o
    0x080037f4   0x00000134   Code   RO           23    i.MX_GPIO_Init      main.o
    0x08003928   0x000000f4   Code   RO           24    i.MX_HRTIM1_Init    main.o
    0x08003a1c   0x00000064   Code   RO           25    i.MX_USART1_UART_Init  main.o
    0x08003a80   0x00000002   Code   RO          325    i.MemManage_Handler  stm32g4xx_it.o
    0x08003a82   0x00000002   Code   RO          326    i.NMI_Handler       stm32g4xx_it.o
    0x08003a84   0x00000018   Code   RO          327    i.SysTick_Handler   stm32g4xx_it.o
    0x08003a9c   0x0000006a   Code   RO           26    i.SystemClock_Config  main.o
    0x08003b06   0x00000002   PAD
    0x08003b08   0x00000010   Code   RO         4015    i.SystemInit        system_stm32g4xx.o
    0x08003b18   0x00000044   Code   RO         3910    i.UARTEx_SetNbDataToProcess  stm32g4xx_hal_uart_ex.o
    0x08003b5c   0x000000c8   Code   RO         3519    i.UART_AdvFeatureConfig  stm32g4xx_hal_uart.o
    0x08003c24   0x000000ac   Code   RO         3520    i.UART_CheckIdleState  stm32g4xx_hal_uart.o
    0x08003cd0   0x00000014   Code   RO         3521    i.UART_DMAAbortOnError  stm32g4xx_hal_uart.o
    0x08003ce4   0x00000050   Code   RO         3522    i.UART_DMAError     stm32g4xx_hal_uart.o
    0x08003d34   0x00000042   Code   RO         3527    i.UART_DMATransmitCplt  stm32g4xx_hal_uart.o
    0x08003d76   0x0000000a   Code   RO         3529    i.UART_DMATxHalfCplt  stm32g4xx_hal_uart.o
    0x08003d80   0x00000054   Code   RO         3531    i.UART_EndRxTransfer  stm32g4xx_hal_uart.o
    0x08003dd4   0x0000002e   Code   RO         3532    i.UART_EndTxTransfer  stm32g4xx_hal_uart.o
    0x08003e02   0x00000002   PAD
    0x08003e04   0x00000298   Code   RO         3537    i.UART_SetConfig    stm32g4xx_hal_uart.o
    0x0800409c   0x00000094   Code   RO         3544    i.UART_WaitOnFlagUntilTimeout  stm32g4xx_hal_uart.o
    0x08004130   0x00000030   Code   RO           27    i.UART_task_func    main.o
    0x08004160   0x0000000c   Code   RO          328    i.USART1_IRQHandler  stm32g4xx_it.o
    0x0800416c   0x00000002   Code   RO          329    i.UsageFault_Handler  stm32g4xx_it.o
    0x0800416e   0x00000020   Code   RO         2369    i.__NVIC_SetPriority  stm32g4xx_hal_cortex.o
    0x0800418e   0x00000002   PAD
    0x08004190   0x000000d0   Code   RO           28    i.get_VLP_value     main.o
    0x08004260   0x000000b4   Code   RO           29    i.main              main.o
    0x08004314   0x0000001a   Code   RO         5163    i.osDelay           cmsis_os2.o
    0x0800432e   0x00000002   PAD
    0x08004330   0x00000024   Code   RO         5177    i.osKernelInitialize  cmsis_os2.o
    0x08004354   0x00000038   Code   RO         5180    i.osKernelStart     cmsis_os2.o
    0x0800438c   0x0000008a   Code   RO         5222    i.osThreadNew       cmsis_os2.o
    0x08004416   0x00000002   PAD
    0x08004418   0x0000005c   Code   RO         4623    i.prvAddCurrentTaskToDelayedList  tasks.o
    0x08004474   0x000000d0   Code   RO         4624    i.prvAddNewTaskToReadyList  tasks.o
    0x08004544   0x00000058   Code   RO         4988    i.prvCheckForValidListAndQueue  timers.o
    0x0800459c   0x00000026   Code   RO         4220    i.prvCopyDataFromQueue  queue.o
    0x080045c2   0x0000006c   Code   RO         4221    i.prvCopyDataToQueue  queue.o
    0x0800462e   0x00000034   Code   RO         4625    i.prvDeleteTCB      tasks.o
    0x08004662   0x00000002   PAD
    0x08004664   0x0000004c   Code   RO         5669    i.prvHeapInit       heap_4.o
    0x080046b0   0x00000060   Code   RO         4626    i.prvIdleTask       tasks.o
    0x08004710   0x00000022   Code   RO         4223    i.prvInitialiseNewQueue  queue.o
    0x08004732   0x00000002   PAD
    0x08004734   0x000000b0   Code   RO         4627    i.prvInitialiseNewTask  tasks.o
    0x080047e4   0x0000004c   Code   RO         5670    i.prvInsertBlockIntoFreeList  heap_4.o
    0x08004830   0x00000038   Code   RO         4990    i.prvInsertTimerInActiveList  timers.o
    0x08004868   0x0000001c   Code   RO         4224    i.prvIsQueueEmpty   queue.o
    0x08004884   0x000000fc   Code   RO         4991    i.prvProcessReceivedCommands  timers.o
    0x08004980   0x000000c0   Code   RO         4992    i.prvProcessTimerOrBlockTask  timers.o
    0x08004a40   0x00000020   Code   RO         4629    i.prvResetNextTaskUnblockTime  tasks.o
    0x08004a60   0x00000028   Code   RO         4993    i.prvSampleTimeNow  timers.o
    0x08004a88   0x0000006c   Code   RO         4994    i.prvSwitchTimerLists  timers.o
    0x08004af4   0x00000028   Code   RO         5725    i.prvTaskExitError  port.o
    0x08004b1c   0x00000024   Code   RO         4995    i.prvTimerTask      timers.o
    0x08004b40   0x0000006a   Code   RO         4225    i.prvUnlockQueue    queue.o
    0x08004baa   0x00000002   PAD
    0x08004bac   0x000000dc   Code   RO         5671    i.pvPortMalloc      heap_4.o
    0x08004c88   0x0000002c   Code   RO         5726    i.pxPortInitialiseStack  port.o
    0x08004cb4   0x00000026   Code   RO         4180    i.uxListRemove      list.o
    0x08004cda   0x00000002   PAD
    0x08004cdc   0x00000014   Code   RO         5234    i.vApplicationGetIdleTaskMemory  cmsis_os2.o
    0x08004cf0   0x00000018   Code   RO         5235    i.vApplicationGetTimerTaskMemory  cmsis_os2.o
    0x08004d08   0x00000016   Code   RO         4181    i.vListInitialise   list.o
    0x08004d1e   0x00000006   Code   RO         4182    i.vListInitialiseItem  list.o
    0x08004d24   0x00000030   Code   RO         4183    i.vListInsert       list.o
    0x08004d54   0x00000018   Code   RO         4184    i.vListInsertEnd    list.o
    0x08004d6c   0x00000040   Code   RO         5728    i.vPortEnterCritical  port.o
    0x08004dac   0x00000028   Code   RO         5729    i.vPortExitCritical  port.o
    0x08004dd4   0x00000064   Code   RO         5672    i.vPortFree         heap_4.o
    0x08004e38   0x00000024   Code   RO         5730    i.vPortSetupTimerInterrupt  port.o
    0x08004e5c   0x00000054   Code   RO         5731    i.vPortValidateInterruptPriority  port.o
    0x08004eb0   0x00000028   Code   RO         4231    i.vQueueAddToRegistry  queue.o
    0x08004ed8   0x00000044   Code   RO         4235    i.vQueueWaitForMessageRestricted  queue.o
    0x08004f1c   0x0000004c   Code   RO         4642    i.vTaskDelay        tasks.o
    0x08004f68   0x00000010   Code   RO         4647    i.vTaskInternalSetTimeOutState  tasks.o
    0x08004f78   0x0000000c   Code   RO         4648    i.vTaskMissedYield  tasks.o
    0x08004f84   0x00000030   Code   RO         4650    i.vTaskPlaceOnEventList  tasks.o
    0x08004fb4   0x00000038   Code   RO         4651    i.vTaskPlaceOnEventListRestricted  tasks.o
    0x08004fec   0x00000088   Code   RO         4659    i.vTaskStartScheduler  tasks.o
    0x08005074   0x00000010   Code   RO         4661    i.vTaskSuspendAll   tasks.o
    0x08005084   0x00000064   Code   RO         4662    i.vTaskSwitchContext  tasks.o
    0x080050e8   0x000000f4   Code   RO         5732    i.xPortStartScheduler  port.o
    0x080051dc   0x0000002c   Code   RO         5733    i.xPortSysTickHandler  port.o
    0x08005208   0x00000066   Code   RO         4241    i.xQueueGenericCreateStatic  queue.o
    0x0800526e   0x00000002   PAD
    0x08005270   0x00000088   Code   RO         4242    i.xQueueGenericReset  queue.o
    0x080052f8   0x00000160   Code   RO         4243    i.xQueueGenericSend  queue.o
    0x08005458   0x000000be   Code   RO         4244    i.xQueueGenericSendFromISR  queue.o
    0x08005516   0x00000002   PAD
    0x08005518   0x00000138   Code   RO         4253    i.xQueueReceive     queue.o
    0x08005650   0x00000074   Code   RO         4664    i.xTaskCheckForTimeOut  tasks.o
    0x080056c4   0x0000005a   Code   RO         4665    i.xTaskCreate       tasks.o
    0x0800571e   0x00000056   Code   RO         4666    i.xTaskCreateStatic  tasks.o
    0x08005774   0x0000001c   Code   RO         4670    i.xTaskGetSchedulerState  tasks.o
    0x08005790   0x0000000c   Code   RO         4671    i.xTaskGetTickCount  tasks.o
    0x0800579c   0x000000c8   Code   RO         4673    i.xTaskIncrementTick  tasks.o
    0x08005864   0x00000080   Code   RO         4676    i.xTaskPriorityDisinherit  tasks.o
    0x080058e4   0x00000070   Code   RO         4678    i.xTaskRemoveFromEventList  tasks.o
    0x08005954   0x000000c4   Code   RO         4679    i.xTaskResumeAll    tasks.o
    0x08005a18   0x00000060   Code   RO         5004    i.xTimerCreateTimerTask  timers.o
    0x08005a78   0x00000068   Code   RO         5005    i.xTimerGenericCommand  timers.o
    0x08005ae0   0x0000000a   Code   RO         6001    x$fpl$fpinit        fz_wm.l(fpinit.o)
    0x08005aea   0x00000002   PAD
    0x08005aec   0x0000006c   Data   RO           37    .constdata          main.o
    0x08005b58   0x00000018   Data   RO         3545    .constdata          stm32g4xx_hal_uart.o
    0x08005b70   0x00000010   Data   RO         3911    .constdata          stm32g4xx_hal_uart_ex.o
    0x08005b80   0x00000010   Data   RO         4016    .constdata          system_stm32g4xx.o
    0x08005b90   0x00000008   Data   RO         4017    .constdata          system_stm32g4xx.o
    0x08005b98   0x00000022   Data   RO           38    .conststring        main.o
    0x08005bba   0x00000002   PAD
    0x08005bbc   0x00000020   Data   RO         6092    Region$$Table       anon$$obj.o


    Execution Region RW_IRAM1 (Base: 0x20000000, Size: 0x00002a38, Max: 0x00020000, ABSOLUTE)

    Base Addr    Size         Type   Attr      Idx    E Section Name        Object

    0x20000000   0x0000001e   Data   RW           39    .data               main.o
    0x2000001e   0x00000002   PAD
    0x20000020   0x00000008   Data   RW          431    .data               stm32g4xx_hal_msp.o
    0x20000028   0x0000000c   Data   RW         1015    .data               stm32g4xx_hal.o
    0x20000034   0x00000004   Data   RW         4018    .data               system_stm32g4xx.o
    0x20000038   0x0000003c   Data   RW         4682    .data               tasks.o
    0x20000074   0x00000014   Data   RW         5013    .data               timers.o
    0x20000088   0x00000004   Data   RW         5237    .data               cmsis_os2.o
    0x2000008c   0x00000020   Data   RW         5678    .data               heap_4.o
    0x200000ac   0x0000000c   Data   RW         5734    .data               port.o
    0x200000b8   0x00000806   Zero   RW           30    .bss                main.o
    0x200008be   0x00000002   PAD
    0x200008c0   0x00000060   Zero   RW           31    .bss                main.o
    0x20000920   0x00000060   Zero   RW           32    .bss                main.o
    0x20000980   0x00000060   Zero   RW           33    .bss                main.o
    0x200009e0   0x00000060   Zero   RW           34    .bss                main.o
    0x20000a40   0x00000060   Zero   RW           35    .bss                main.o
    0x20000aa0   0x00000060   Zero   RW           36    .bss                main.o
    0x20000b00   0x00000040   Zero   RW         4257    .bss                queue.o
    0x20000b40   0x000004c4   Zero   RW         4681    .bss                tasks.o
    0x20001004   0x00000118   Zero   RW         5012    .bss                timers.o
    0x2000111c   0x000006b8   Zero   RW         5236    .bss                cmsis_os2.o
    0x200017d4   0x00000c00   Zero   RW         5677    .bss                heap_4.o
    0x200023d4   0x00000060   Zero   RW         5965    .bss                c_w.l(libspace.o)
    0x20002434   0x00000004   PAD
    0x20002438   0x00000200   Zero   RW            2    HEAP                startup_stm32g474xx.o
    0x20002638   0x00000400   Zero   RW            1    STACK               startup_stm32g474xx.o


==============================================================================

Image component sizes


      Code (inc. data)   RO Data    RW Data    ZI Data      Debug   Object Name

       300         22          0          4       1720      65689   cmsis_os2.o
         0          0          0          0          0      19800   event_groups.o
       472         24          0         32       3072       5263   heap_4.o
       138          0          0          0          0       3946   list.o
      2246        214        142         30       2630    1001789   main.o
       786         82          0         12          0      12297   port.o
      1514         20          0          0         64      18408   queue.o
        64         26        472          0       1536        908   startup_stm32g474xx.o
       214         36          0         12          0       6183   stm32g4xx_hal.o
      2422        180          0          0          0      81722   stm32g4xx_hal_adc.o
       360         26          0          0          0      69463   stm32g4xx_hal_adc_ex.o
       198         14          0          0          0      34239   stm32g4xx_hal_cortex.o
       346          4          0          0          0       3903   stm32g4xx_hal_crc.o
        84          0          0          0          0       1403   stm32g4xx_hal_crc_ex.o
       906         30          0          0          0       7158   stm32g4xx_hal_dma.o
       594         34          0          0          0       2540   stm32g4xx_hal_gpio.o
      1416         28          0          0          0      10751   stm32g4xx_hal_hrtim.o
      1104         96          0          8          0       5388   stm32g4xx_hal_msp.o
       204         18          0          0          0       1537   stm32g4xx_hal_pwr_ex.o
      1688         92          0          0          0       6672   stm32g4xx_hal_rcc.o
       768         10          0          0          0       2092   stm32g4xx_hal_rcc_ex.o
      2528        102         24          0          0      34698   stm32g4xx_hal_uart.o
       288          6         16          0          0       5902   stm32g4xx_hal_uart_ex.o
       120         42          0          0          0       7601   stm32g4xx_it.o
         0          0          0          0          0        400   stream_buffer.o
        16          4         24          4          0       1327   system_stm32g4xx.o
      2084        168          0         60       1220      28624   tasks.o
       972         80          0         20        280      33267   timers.o

    ----------------------------------------------------------------------
     21872       1358        712        184      10524    1472970   Object Totals
         0          0         32          0          0          0   (incl. Generated)
        40          0          2          2          2          0   (incl. Padding)

    ----------------------------------------------------------------------

      Code (inc. data)   RO Data    RW Data    ZI Data      Debug   Library Member Name

         8          0          0          0          0         68   __main.o
         0          0          0          0          0          0   __rtentry.o
        12          0          0          0          0          0   __rtentry2.o
         6          0          0          0          0          0   __rtentry4.o
        52          8          0          0          0          0   __scatter.o
        26          0          0          0          0          0   __scatter_copy.o
        28          0          0          0          0          0   __scatter_zi.o
        16          0          0          0          0         68   aeabi_memset.o
        18          0          0          0          0         80   exit.o
         6          0          0          0          0        152   heapauxi.o
         0          0          0          0          0          0   indicate_semi.o
         2          0          0          0          0          0   libinit.o
         6          0          0          0          0          0   libinit2.o
         2          0          0          0          0          0   libshutdown.o
         2          0          0          0          0          0   libshutdown2.o
         8          4          0          0         96         68   libspace.o
       238          0          0          0          0        100   lludivv7m.o
        68          0          0          0          0         68   rt_memclr.o
        78          0          0          0          0         80   rt_memclr_w.o
       138          0          0          0          0         68   rt_memcpy_v6.o
       100          0          0          0          0         80   rt_memcpy_w.o
         2          0          0          0          0          0   rtexit.o
        10          0          0          0          0          0   rtexit2.o
        12          4          0          0          0         68   sys_exit.o
        74          0          0          0          0         80   sys_stackheap_outer.o
         2          0          0          0          0         68   use_no_semi.o
        10          0          0          0          0        116   fpinit.o

    ----------------------------------------------------------------------
       932         16          0          0        100       1164   Library Totals
         8          0          0          0          4          0   (incl. Padding)

    ----------------------------------------------------------------------

      Code (inc. data)   RO Data    RW Data    ZI Data      Debug   Library Name

       914         16          0          0         96       1048   c_w.l
        10          0          0          0          0        116   fz_wm.l

    ----------------------------------------------------------------------
       932         16          0          0        100       1164   Library Totals

    ----------------------------------------------------------------------

==============================================================================


      Code (inc. data)   RO Data    RW Data    ZI Data      Debug   

     22804       1374        712        184      10624    1455466   Grand Totals
     22804       1374        712        184      10624    1455466   ELF Image Totals
     22804       1374        712        184          0          0   ROM Totals

==============================================================================

    Total RO  Size (Code + RO Data)                23516 (  22.96kB)
    Total RW  Size (RW Data + ZI Data)             10808 (  10.55kB)
    Total ROM Size (Code + RO Data + RW Data)      23700 (  23.14kB)

==============================================================================

