Component: ARM Compiler 5.06 update 7 (build 960) Tool: armlink [4d3601]

==============================================================================

Section Cross References

    startup_stm32g474xx.o(STACK) refers (Special) to heapauxi.o(.text) for __use_two_region_memory
    startup_stm32g474xx.o(HEAP) refers (Special) to heapauxi.o(.text) for __use_two_region_memory
    startup_stm32g474xx.o(RESET) refers (Special) to heapauxi.o(.text) for __use_two_region_memory
    startup_stm32g474xx.o(RESET) refers to startup_stm32g474xx.o(STACK) for __initial_sp
    startup_stm32g474xx.o(RESET) refers to startup_stm32g474xx.o(.text) for Reset_Handler
    startup_stm32g474xx.o(RESET) refers to stm32g4xx_it.o(i.NMI_Handler) for NMI_Handler
    startup_stm32g474xx.o(RESET) refers to stm32g4xx_it.o(i.HardFault_Handler) for HardFault_Handler
    startup_stm32g474xx.o(RESET) refers to stm32g4xx_it.o(i.MemManage_Handler) for MemManage_Handler
    startup_stm32g474xx.o(RESET) refers to stm32g4xx_it.o(i.BusFault_Handler) for BusFault_Handler
    startup_stm32g474xx.o(RESET) refers to stm32g4xx_it.o(i.UsageFault_Handler) for UsageFault_Handler
    startup_stm32g474xx.o(RESET) refers to stm32g4xx_it.o(i.SVC_Handler) for SVC_Handler
    startup_stm32g474xx.o(RESET) refers to stm32g4xx_it.o(i.DebugMon_Handler) for DebugMon_Handler
    startup_stm32g474xx.o(RESET) refers to stm32g4xx_it.o(i.PendSV_Handler) for PendSV_Handler
    startup_stm32g474xx.o(RESET) refers to stm32g4xx_it.o(i.SysTick_Handler) for SysTick_Handler
    startup_stm32g474xx.o(RESET) refers to stm32g4xx_it.o(i.DMA1_Channel1_IRQHandler) for DMA1_Channel1_IRQHandler
    startup_stm32g474xx.o(RESET) refers to stm32g4xx_it.o(i.DMA1_Channel2_IRQHandler) for DMA1_Channel2_IRQHandler
    startup_stm32g474xx.o(RESET) refers to stm32g4xx_it.o(i.DMA1_Channel3_IRQHandler) for DMA1_Channel3_IRQHandler
    startup_stm32g474xx.o(RESET) refers to stm32g4xx_it.o(i.DMA1_Channel4_IRQHandler) for DMA1_Channel4_IRQHandler
    startup_stm32g474xx.o(RESET) refers to stm32g4xx_it.o(i.DMA1_Channel5_IRQHandler) for DMA1_Channel5_IRQHandler
    startup_stm32g474xx.o(RESET) refers to stm32g4xx_it.o(i.DMA1_Channel6_IRQHandler) for DMA1_Channel6_IRQHandler
    startup_stm32g474xx.o(RESET) refers to stm32g4xx_it.o(i.TIM1_UP_TIM16_IRQHandler) for TIM1_UP_TIM16_IRQHandler
    startup_stm32g474xx.o(RESET) refers to stm32g4xx_it.o(i.USART1_IRQHandler) for USART1_IRQHandler
    startup_stm32g474xx.o(RESET) refers to stm32g4xx_it.o(i.HRTIM1_Master_IRQHandler) for HRTIM1_Master_IRQHandler
    startup_stm32g474xx.o(RESET) refers to stm32g4xx_it.o(i.HRTIM1_TIMA_IRQHandler) for HRTIM1_TIMA_IRQHandler
    startup_stm32g474xx.o(RESET) refers to stm32g4xx_it.o(i.HRTIM1_TIMB_IRQHandler) for HRTIM1_TIMB_IRQHandler
    startup_stm32g474xx.o(RESET) refers to stm32g4xx_it.o(i.HRTIM1_TIMC_IRQHandler) for HRTIM1_TIMC_IRQHandler
    startup_stm32g474xx.o(RESET) refers to stm32g4xx_it.o(i.HRTIM1_FLT_IRQHandler) for HRTIM1_FLT_IRQHandler
    startup_stm32g474xx.o(.text) refers (Special) to heapauxi.o(.text) for __use_two_region_memory
    startup_stm32g474xx.o(.text) refers to system_stm32g4xx.o(i.SystemInit) for SystemInit
    startup_stm32g474xx.o(.text) refers to __main.o(!!!main) for __main
    startup_stm32g474xx.o(.text) refers to startup_stm32g474xx.o(HEAP) for Heap_Mem
    startup_stm32g474xx.o(.text) refers to startup_stm32g474xx.o(STACK) for Stack_Mem
    switch.o(i.get_switches) refers to stm32g4xx_hal_gpio.o(i.HAL_GPIO_ReadPin) for HAL_GPIO_ReadPin
    switch.o(i.set_pins) refers to h1_alloc.o(.text) for malloc
    switch.o(i.set_switches) refers to switch.o(i.set_pins) for set_pins
    switch.o(i.set_switches) refers to stm32g4xx_hal_gpio.o(i.HAL_GPIO_WritePin) for HAL_GPIO_WritePin
    switch.o(i.set_switches) refers to h1_free.o(.text) for free
    switch.o(i.switch_formulate) refers to switch.o(i.switch_select) for switch_select
    switch.o(i.switch_formulate) refers to rt_memcpy_v6.o(.text) for __aeabi_memcpy
    adc_task.o(i.ADC_task) refers to adc_task.o(i.get_VLP_value) for get_VLP_value
    adc_task.o(i.ADC_task) refers to switch.o(i.switch_formulate) for switch_formulate
    adc_task.o(i.ADC_task) refers to main.o(.data) for adc_task_watchdog
    adc_task.o(i.ADC_task) refers to adc_task.o(.bss) for .bss
    adc_task.o(i.ADC_task) refers to main.o(.bss) for VLP_packet
    adc_task.o(i.HAL_ADC_ConvCpltCallback) refers to adc_task.o(.bss) for .bss
    adc_task.o(i.HAL_ADC_ConvCpltCallback) refers to adc_task.o(.data) for .data
    adc_task.o(i.get_VLP_value) refers to switch.o(i.set_switches) for set_switches
    adc_task.o(i.get_VLP_value) refers to switch.o(i.get_switches) for get_switches
    adc_task.o(i.get_VLP_value) refers to stm32g4xx_hal_adc.o(i.HAL_ADC_Start_DMA) for HAL_ADC_Start_DMA
    adc_task.o(i.get_VLP_value) refers to adc_task.o(.data) for .data
    adc_task.o(i.get_VLP_value) refers to main.o(.bss) for hadc1
[...]
    HRTIM_Master_ISR                         0x080039fb   Thumb Code   240  stm32g4xx_hal_hrtim.o(i.HRTIM_Master_ISR)
    i.HRTIM_Timer_ISR                        0x08003aea   Section        0  stm32g4xx_hal_hrtim.o(i.HRTIM_Timer_ISR)
    HRTIM_Timer_ISR                          0x08003aeb   Thumb Code   358  stm32g4xx_hal_hrtim.o(i.HRTIM_Timer_ISR)
    i.HRTIM_TimingUnitWaveform_Config        0x08003c50   Section        0  stm32g4xx_hal_hrtim.o(i.HRTIM_TimingUnitWaveform_Config)
    HRTIM_TimingUnitWaveform_Config          0x08003c51   Thumb Code   406  stm32g4xx_hal_hrtim.o(i.HRTIM_TimingUnitWaveform_Config)
    i.HardFault_Handler                      0x08003dec   Section        0  stm32g4xx_it.o(i.HardFault_Handler)
    i.LL_ADC_GetOffsetChannel                0x08003dee   Section        0  stm32g4xx_hal_adc.o(i.LL_ADC_GetOffsetChannel)
    LL_ADC_GetOffsetChannel                  0x08003def   Thumb Code    12  stm32g4xx_hal_adc.o(i.LL_ADC_GetOffsetChannel)
    i.LL_ADC_INJ_IsConversionOngoing         0x08003dfa   Section        0  stm32g4xx_hal_adc.o(i.LL_ADC_INJ_IsConversionOngoing)
    LL_ADC_INJ_IsConversionOngoing           0x08003dfb   Thumb Code     8  stm32g4xx_hal_adc.o(i.LL_ADC_INJ_IsConversionOngoing)
    i.LL_ADC_REG_IsConversionOngoing         0x08003e02   Section        0  stm32g4xx_hal_adc.o(i.LL_ADC_REG_IsConversionOngoing)
    LL_ADC_REG_IsConversionOngoing           0x08003e03   Thumb Code     8  stm32g4xx_hal_adc.o(i.LL_ADC_REG_IsConversionOngoing)
    i.LL_ADC_REG_IsConversionOngoing         0x08003e0a   Section        0  stm32g4xx_hal_adc_ex.o(i.LL_ADC_REG_IsConversionOngoing)
    LL_ADC_REG_IsConversionOngoing           0x08003e0b   Thumb Code     8  stm32g4xx_hal_adc_ex.o(i.LL_ADC_REG_IsConversionOngoing)
    i.LL_ADC_REG_IsTriggerSourceSWStart      0x08003e12   Section        0  stm32g4xx_hal_adc.o(i.LL_ADC_REG_IsTriggerSourceSWStart)
    LL_ADC_REG_IsTriggerSourceSWStart        0x08003e13   Thumb Code    16  stm32g4xx_hal_adc.o(i.LL_ADC_REG_IsTriggerSourceSWStart)
    i.LL_ADC_SetChannelSamplingTime          0x08003e22   Section        0  stm32g4xx_hal_adc.o(i.LL_ADC_SetChannelSamplingTime)
    LL_ADC_SetChannelSamplingTime            0x08003e23   Thumb Code    30  stm32g4xx_hal_adc.o(i.LL_ADC_SetChannelSamplingTime)
    i.LL_ADC_SetOffsetState                  0x08003e40   Section        0  stm32g4xx_hal_adc.o(i.LL_ADC_SetOffsetState)
    LL_ADC_SetOffsetState                    0x08003e41   Thumb Code    16  stm32g4xx_hal_adc.o(i.LL_ADC_SetOffsetState)
    i.MX_ADC1_Init                           0x08003e50   Section        0  main.o(i.MX_ADC1_Init)
    MX_ADC1_Init                             0x08003e51   Thumb Code   160  main.o(i.MX_ADC1_Init)
    i.MX_ADC2_Init                           0x08003efc   Section        0  main.o(i.MX_ADC2_Init)
    MX_ADC2_Init                             0x08003efd   Thumb Code   158  main.o(i.MX_ADC2_Init)
    i.MX_ADC3_Init                           0x08003fb0   Section        0  main.o(i.MX_ADC3_Init)
    MX_ADC3_Init                             0x08003fb1   Thumb Code   134  main.o(i.MX_ADC3_Init)
    i.MX_ADC4_Init                           0x08004044   Section        0  main.o(i.MX_ADC4_Init)
    MX_ADC4_Init                             0x08004045   Thumb Code   112  main.o(i.MX_ADC4_Init)
    i.MX_ADC5_Init                           0x080040c0   Section        0  main.o(i.MX_ADC5_Init)
    MX_ADC5_Init                             0x080040c1   Thumb Code   110  main.o(i.MX_ADC5_Init)
    i.MX_DMA_Init                            0x0800413c   Section        0  main.o(i.MX_DMA_Init)
    MX_DMA_Init                              0x0800413d   Thumb Code   136  main.o(i.MX_DMA_Init)
    i.MX_GPIO_Init                           0x080041c8   Section        0  main.o(i.MX_GPIO_Init)
    MX_GPIO_Init                             0x080041c9   Thumb Code   288  main.o(i.MX_GPIO_Init)
    i.MX_HRTIM1_Init                         0x080042fc   Section        0  main.o(i.MX_HRTIM1_Init)
    MX_HRTIM1_Init                           0x080042fd   Thumb Code   398  main.o(i.MX_HRTIM1_Init)
    i.MX_TIM1_Init                           0x08004494   Section        0  main.o(i.MX_TIM1_Init)
    MX_TIM1_Init                             0x08004495   Thumb Code    94  main.o(i.MX_TIM1_Init)
    i.MX_USART1_UART_Init                    0x080044fc   Section        0  main.o(i.MX_USART1_UART_Init)
    MX_USART1_UART_Init                      0x080044fd   Thumb Code    92  main.o(i.MX_USART1_UART_Init)
    i.MemManage_Handler                      0x08004560   Section        0  stm32g4xx_it.o(i.MemManage_Handler)
    i.NMI_Handler                            0x08004562   Section        0  stm32g4xx_it.o(i.NMI_Handler)
    i.PendSV_Handler                         0x08004564   Section        0  stm32g4xx_it.o(i.PendSV_Handler)
    i.SVC_Handler                            0x08004566   Section        0  stm32g4xx_it.o(i.SVC_Handler)
    i.SysTick_Handler                        0x08004568   Section        0  stm32g4xx_it.o(i.SysTick_Handler)
    i.SystemClock_Config                     0x0800456c   Section        0  main.o(i.SystemClock_Config)
    i.SystemInit                             0x080045d8   Section        0  system_stm32g4xx.o(i.SystemInit)
    i.TIM1_UP_TIM16_IRQHandler               0x080045e8   Section        0  stm32g4xx_it.o(i.TIM1_UP_TIM16_IRQHandler)
    i.TIM_Base_SetConfig                     0x080045f4   Section        0  stm32g4xx_hal_tim.o(i.TIM_Base_SetConfig)
    i.TIM_ETR_SetConfig                      0x080046d8   Section        0  stm32g4xx_hal_tim.o(i.TIM_ETR_SetConfig)
    i.TIM_ITRx_SetConfig                     0x080046ec   Section        0  stm32g4xx_hal_tim.o(i.TIM_ITRx_SetConfig)
    TIM_ITRx_SetConfig                       0x080046ed   Thumb Code    16  stm32g4xx_hal_tim.o(i.TIM_ITRx_SetConfig)
    i.TIM_TI1_ConfigInputStage               0x08004700   Section        0  stm32g4xx_hal_tim.o(i.TIM_TI1_ConfigInputStage)
    TIM_TI1_ConfigInputStage                 0x08004701   Thumb Code    34  stm32g4xx_hal_tim.o(i.TIM_TI1_ConfigInputStage)
    i.TIM_TI2_ConfigInputStage               0x08004722   Section        0  stm32g4xx_hal_tim.o(i.TIM_TI2_ConfigInputStage)
    TIM_TI2_ConfigInputStage                 0x08004723   Thumb Code    36  stm32g4xx_hal_tim.o(i.TIM_TI2_ConfigInputStage)
    i.UARTEx_SetNbDataToProcess              0x08004748   Section        0  stm32g4xx_hal_uart_ex.o(i.UARTEx_SetNbDataToProcess)
    UARTEx_SetNbDataToProcess                0x08004749   Thumb Code    62  stm32g4xx_hal_uart_ex.o(i.UARTEx_SetNbDataToProcess)
    i.UART_AdvFeatureConfig                  0x0800478c   Section        0  stm32g4xx_hal_uart.o(i.UART_AdvFeatureConfig)
    i.UART_CheckIdleState                    0x08004854   Section        0  stm32g4xx_hal_uart.o(i.UART_CheckIdleState)
    i.UART_DMAAbortOnError                   0x08004900   Section        0  stm32g4xx_hal_uart.o(i.UART_DMAAbortOnError)
    UART_DMAAbortOnError                     0x08004901   Thumb Code    20  stm32g4xx_hal_uart.o(i.UART_DMAAbortOnError)
    i.UART_DMAError                          0x08004914   Section        0  stm32g4xx_hal_uart.o(i.UART_DMAError)
    UART_DMAError                            0x08004915   Thumb Code    80  stm32g4xx_hal_uart.o(i.UART_DMAError)
    i.UART_DMATransmitCplt                   0x08004964   Section        0  stm32g4xx_hal_uart.o(i.UART_DMATransmitCplt)
    UART_DMATransmitCplt                     0x08004965   Thumb Code    66  stm32g4xx_hal_uart.o(i.UART_DMATransmitCplt)
    i.UART_DMATxHalfCplt                     0x080049a6   Section        0  stm32g4xx_hal_uart.o(i.UART_DMATxHalfCplt)
    UART_DMATxHalfCplt                       0x080049a7   Thumb Code    10  stm32g4xx_hal_uart.o(i.UART_DMATxHalfCplt)
    i.UART_EndRxTransfer                     0x080049b0   Section        0  stm32g4xx_hal_uart.o(i.UART_EndRxTransfer)
    UART_EndRxTransfer                       0x080049b1   Thumb Code    78  stm32g4xx_hal_uart.o(i.UART_EndRxTransfer)
    i.UART_EndTxTransfer                     0x08004a04   Section        0  stm32g4xx_hal_uart.o(i.UART_EndTxTransfer)
    UART_EndTxTransfer                       0x08004a05   Thumb Code    46  stm32g4xx_hal_uart.o(i.UART_EndTxTransfer)
    i.UART_SetConfig                         0x08004a34   Section        0  stm32g4xx_hal_uart.o(i.UART_SetConfig)
    i.UART_WaitOnFlagUntilTimeout            0x08004ccc   Section        0  stm32g4xx_hal_uart.o(i.UART_WaitOnFlagUntilTimeout)
    i.UART_task                              0x08004d60   Section        0  uart_task.o(i.UART_task)
    i.USART1_IRQHandler                      0x08004d90   Section        0  stm32g4xx_it.o(i.USART1_IRQHandler)
    i.UsageFault_Handler                     0x08004d9c   Section        0  stm32g4xx_it.o(i.UsageFault_Handler)
    i.__NVIC_SetPriority                     0x08004d9e   Section        0  stm32g4xx_hal_cortex.o(i.__NVIC_SetPriority)
    __NVIC_SetPriority                       0x08004d9f   Thumb Code    32  stm32g4xx_hal_cortex.o(i.__NVIC_SetPriority)
    i.get_VLP_value                          0x08004dc0   Section        0  adc_task.o(i.get_VLP_value)
    i.get_switches                           0x08004e80   Section        0  switch.o(i.get_switches)
    i.main                                   0x08005000   Section        0  main.o(i.main)
    i.set_pins                               0x0800507c   Section        0  switch.o(i.set_pins)
    i.set_switches                           0x080050a0   Section        0  switch.o(i.set_switches)
    i.switch_formulate                       0x0800521c   Section        0  switch.o(i.switch_formulate)
    i.switch_select                          0x08005242   Section        0  switch.o(i.switch_select)
    x$fpl$fpinit                             0x08005278   Section       10  fpinit.o(x$fpl$fpinit)
    $v0                                      0x08005278   Number         0  fpinit.o(x$fpl$fpinit)
    .constdata                               0x08005282   Section       24  stm32g4xx_hal_uart.o(.constdata)
    .constdata                               0x0800529a   Section       16  stm32g4xx_hal_uart_ex.o(.constdata)
    numerator                                0x0800529a   Data           8  stm32g4xx_hal_uart_ex.o(.constdata)
    denominator                              0x080052a2   Data           8  stm32g4xx_hal_uart_ex.o(.constdata)
    .constdata                               0x080052aa   Section       16  system_stm32g4xx.o(.constdata)
    .constdata                               0x080052ba   Section        8  system_stm32g4xx.o(.constdata)
    .data                                    0x20000000   Section       18  adc_task.o(.data)
    .data                                    0x20000012   Section        3  main.o(.data)
    .data                                    0x20000018   Section        8  stm32g4xx_hal_msp.o(.data)
    HAL_RCC_ADC12_CLK_ENABLED                0x20000018   Data           4  stm32g4xx_hal_msp.o(.data)
    HAL_RCC_ADC345_CLK_ENABLED               0x2000001c   Data           4  stm32g4xx_hal_msp.o(.data)
    .data                                    0x20000020   Section       12  stm32g4xx_hal.o(.data)
    .data                                    0x2000002c   Section       28  stm32g4xx_hal_hrtim.o(.data)
    TimerIdxToTimerId                        0x2000002c   Data          28  stm32g4xx_hal_hrtim.o(.data)
    .data                                    0x20000048   Section        4  system_stm32g4xx.o(.data)
    .bss                                     0x2000004c   Section      272  adc_task.o(.bss)
    .bss                                     0x2000015c   Section     1575  main.o(.bss)
    .bss                                     0x20000784   Section       96  main.o(.bss)
    .bss                                     0x200007e4   Section       96  main.o(.bss)
    .bss                                     0x20000844   Section       96  main.o(.bss)
    .bss                                     0x200008a4   Section       96  main.o(.bss)
    .bss                                     0x20000904   Section       96  main.o(.bss)
    .bss                                     0x20000964   Section       96  main.o(.bss)
    .bss                                     0x200009c4   Section       96  libspace.o(.bss)
    HEAP                                     0x20000a28   Section      512  startup_stm32g474xx.o(HEAP)
    Heap_Mem                                 0x20000a28   Data         512  startup_stm32g474xx.o(HEAP)
    STACK                                    0x20000c28   Section     1024  startup_stm32g474xx.o(STACK)
    Stack_Mem                                0x20000c28   Data        1024  startup_stm32g474xx.o(STACK)
    __initial_sp                             0x20001028   Data           0  startup_stm32g474xx.o(STACK)

    Global Symbols

    Symbol Name                              Value     Ov Type        Size  Object(Section)

    BuildAttributes$$THM_ISAv4$E$P$D$K$B$S$7EM$VFPi3$EXTD16$VFPS$VFMA$PE$A:L22UL41UL21$X:L11$S22US41US21$IEEE1$IW$USESV6$~STKCKD$USESV7$~SHL$OTIME$ROPI$EBA8$UX$STANDARDLIB$REQ8$PRES8$EABIv2 0x00000000   Number         0  anon$$obj.o ABSOLUTE
    __ARM_use_no_argv                        0x00000000   Number         0  main.o ABSOLUTE
    __ARM_exceptions_init                     - Undefined Weak Reference
    __alloca_initialize                       - Undefined Weak Reference
    __arm_fini_                               - Undefined Weak Reference
    __arm_preinit_                            - Undefined Weak Reference
    __cpp_initialize__aeabi_                  - Undefined Weak Reference
    __cxa_finalize                            - Undefined Weak Reference
    __rt_locale                               - Undefined Weak Reference
    __sigvec_lookup                           - Undefined Weak Reference
    __user_heap_extent                        - Undefined Weak Reference
    _atexit_init                              - Undefined Weak Reference
    _call_atexit_fns                          - Undefined Weak Reference
    _clock_init                               - Undefined Weak Reference
    _fp_trap_init                             - Undefined Weak Reference
    _fp_trap_shutdown                         - Undefined Weak Reference
    _get_lc_collate                           - Undefined Weak Reference
    _get_lc_ctype                             - Undefined Weak Reference
    _get_lc_monetary                          - Undefined Weak Reference
    _get_lc_numeric                           - Undefined Weak Reference
    _get_lc_time                              - Undefined Weak Reference
    _getenv_init                              - Undefined Weak Reference
    _handle_redirection                       - Undefined Weak Reference
    _initio                                   - Undefined Weak Reference
    _mutex_acquire                            - Undefined Weak Reference
    _mutex_free                               - Undefined Weak Reference
    _mutex_release                            - Undefined Weak Reference
    _rand_init                                - Undefined Weak Reference
    _signal_finish                            - Undefined Weak Reference
    _signal_init                              - Undefined Weak Reference
    _terminateio                              - Undefined Weak Reference
    __Vectors_Size                           0x000001d8   Number         0  startup_stm32g474xx.o ABSOLUTE
    __Vectors                                0x08000000   Data           4  startup_stm32g474xx.o(RESET)
    __Vectors_End                            0x080001d8   Data           0  startup_stm32g474xx.o(RESET)
    __main                                   0x080001d9   Thumb Code     8  __main.o(!!!main)
    __scatterload                            0x080001e1   Thumb Code     0  __scatter.o(!!!scatter)
    __scatterload_rt2                        0x080001e1   Thumb Code    44  __scatter.o(!!!scatter)
    __scatterload_rt2_thumb_only             0x080001e1   Thumb Code     0  __scatter.o(!!!scatter)
    __scatterload_null                       0x080001ef   Thumb Code     0  __scatter.o(!!!scatter)
    __scatterload_copy                       0x08000215   Thumb Code    26  __scatter_copy.o(!!handler_copy)
    __scatterload_zeroinit                   0x08000231   Thumb Code    28  __scatter_zi.o(!!handler_zi)
    __rt_lib_init                            0x0800024d   Thumb Code     0  libinit.o(.ARM.Collect$$libinit$$00000000)
    __rt_lib_init_fp_1                       0x0800024f   Thumb Code     0  libinit2.o(.ARM.Collect$$libinit$$00000001)
    __rt_lib_init_heap_2                     0x08000253   Thumb Code     0  libinit2.o(.ARM.Collect$$libinit$$00000005)
    __rt_lib_init_preinit_1                  0x08000253   Thumb Code     0  libinit2.o(.ARM.Collect$$libinit$$00000004)
    __rt_lib_init_alloca_1                   0x0800025b   Thumb Code     0  libinit2.o(.ARM.Collect$$libinit$$0000002E)
    __rt_lib_init_argv_1                     0x0800025b   Thumb Code     0  libinit2.o(.ARM.Collect$$libinit$$0000002C)
    __rt_lib_init_atexit_1                   0x0800025b   Thumb Code     0  libinit2.o(.ARM.Collect$$libinit$$0000001B)
    __rt_lib_init_clock_1                    0x0800025b   Thumb Code     0  libinit2.o(.ARM.Collect$$libinit$$00000021)
    __rt_lib_init_cpp_1                      0x0800025b   Thumb Code     0  libinit2.o(.ARM.Collect$$libinit$$00000032)
    __rt_lib_init_exceptions_1               0x0800025b   Thumb Code     0  libinit2.o(.ARM.Collect$$libinit$$00000030)
    __rt_lib_init_fp_trap_1                  0x0800025b   Thumb Code     0  libinit2.o(.ARM.Collect$$libinit$$0000001F)
    __rt_lib_init_getenv_1                   0x0800025b   Thumb Code     0  libinit2.o(.ARM.Collect$$libinit$$00000023)
    __rt_lib_init_heap_1                     0x0800025b   Thumb Code     0  libinit2.o(.ARM.Collect$$libinit$$0000000A)
    __rt_lib_init_lc_collate_1               0x0800025b   Thumb Code     0  libinit2.o(.ARM.Collect$$libinit$$00000011)
    __rt_lib_init_lc_ctype_1                 0x0800025b   Thumb Code     0  libinit2.o(.ARM.Collect$$libinit$$00000013)
    __rt_lib_init_lc_monetary_1              0x0800025b   Thumb Code     0  libinit2.o(.ARM.Collect$$libinit$$00000015)
    __rt_lib_init_lc_numeric_1               0x0800025b   Thumb Code     0  libinit2.o(.ARM.Collect$$libinit$$00000017)
    __rt_lib_init_lc_time_1                  0x0800025b   Thumb Code     0  libinit2.o(.ARM.Collect$$libinit$$00000019)
    __rt_lib_init_rand_1                     0x0800025b   Thumb Code     0  libinit2.o(.ARM.Collect$$libinit$$0000000E)
    __rt_lib_init_return                     0x0800025b   Thumb Code     0  libinit2.o(.ARM.Collect$$libinit$$00000033)
    __rt_lib_init_signal_1                   0x0800025b   Thumb Code     0  libinit2.o(.ARM.Collect$$libinit$$0000001D)
    __rt_lib_init_stdio_1                    0x0800025b   Thumb Code     0  libinit2.o(.ARM.Collect$$libinit$$00000025)
    __rt_lib_init_user_alloc_1               0x0800025b   Thumb Code     0  libinit2.o(.ARM.Collect$$libinit$$0000000C)
    __rt_lib_shutdown                        0x0800025d   Thumb Code     0  libshutdown.o(.ARM.Collect$$libshutdown$$00000000)
    __rt_lib_shutdown_cpp_1                  0x0800025f   Thumb Code     0  libshutdown2.o(.ARM.Collect$$libshutdown$$00000004)
    __rt_lib_shutdown_fini_1                 0x0800025f   Thumb Code     0  libshutdown2.o(.ARM.Collect$$libshutdown$$00000002)
    __rt_lib_shutdown_fp_trap_1              0x0800025f   Thumb Code     0  libshutdown2.o(.ARM.Collect$$libshutdown$$00000009)
    __rt_lib_shutdown_heap_1                 0x0800025f   Thumb Code     0  libshutdown2.o(.ARM.Collect$$libshutdown$$00000011)
    __rt_lib_shutdown_return                 0x0800025f   Thumb Code     0  libshutdown2.o(.ARM.Collect$$libshutdown$$00000012)
    __rt_lib_shutdown_signal_1               0x0800025f   Thumb Code     0  libshutdown2.o(.ARM.Collect$$libshutdown$$0000000C)
    __rt_lib_shutdown_stdio_1                0x0800025f   Thumb Code     0  libshutdown2.o(.ARM.Collect$$libshutdown$$00000006)
    __rt_lib_shutdown_user_alloc_1           0x0800025f   Thumb Code     0  libshutdown2.o(.ARM.Collect$$libshutdown$$0000000E)
    __rt_entry                               0x08000261   Thumb Code     0  __rtentry.o(.ARM.Collect$$rtentry$$00000000)
    __rt_entry_presh_1                       0x08000261   Thumb Code     0  __rtentry2.o(.ARM.Collect$$rtentry$$00000002)
    __rt_entry_sh                            0x08000261   Thumb Code     0  __rtentry4.o(.ARM.Collect$$rtentry$$00000004)
    __rt_entry_li                            0x08000267   Thumb Code     0  __rtentry2.o(.ARM.Collect$$rtentry$$0000000A)
    __rt_entry_postsh_1                      0x08000267   Thumb Code     0  __rtentry2.o(.ARM.Collect$$rtentry$$00000009)
    __rt_entry_main                          0x0800026b   Thumb Code     0  __rtentry2.o(.ARM.Collect$$rtentry$$0000000D)
    __rt_entry_postli_1                      0x0800026b   Thumb Code     0  __rtentry2.o(.ARM.Collect$$rtentry$$0000000C)
    __rt_exit                                0x08000273   Thumb Code     0  rtexit.o(.ARM.Collect$$rtexit$$00000000)
    __rt_exit_ls                             0x08000275   Thumb Code     0  rtexit2.o(.ARM.Collect$$rtexit$$00000003)
    __rt_exit_prels_1                        0x08000275   Thumb Code     0  rtexit2.o(.ARM.Collect$$rtexit$$00000002)
    __rt_exit_exit                           0x08000279   Thumb Code     0  rtexit2.o(.ARM.Collect$$rtexit$$00000004)
    Reset_Handler                            0x08000281   Thumb Code     8  startup_stm32g474xx.o(.text)
    _maybe_terminate_alloc                   0x08000281   Thumb Code     0  maybetermalloc1.o(.emb_text)
    ADC1_2_IRQHandler                        0x0800029b   Thumb Code     0  startup_stm32g474xx.o(.text)
    ADC3_IRQHandler                          0x0800029b   Thumb Code     0  startup_stm32g474xx.o(.text)
    ADC4_IRQHandler                          0x0800029b   Thumb Code     0  startup_stm32g474xx.o(.text)
    ADC5_IRQHandler                          0x0800029b   Thumb Code     0  startup_stm32g474xx.o(.text)
    COMP1_2_3_IRQHandler                     0x0800029b   Thumb Code     0  startup_stm32g474xx.o(.text)
    COMP4_5_6_IRQHandler                     0x0800029b   Thumb Code     0  startup_stm32g474xx.o(.text)
    COMP7_IRQHandler                         0x0800029b   Thumb Code     0  startup_stm32g474xx.o(.text)
    CORDIC_IRQHandler                        0x0800029b   Thumb Code     0  startup_stm32g474xx.o(.text)
    CRS_IRQHandler                           0x0800029b   Thumb Code     0  startup_stm32g474xx.o(.text)
    DMA1_Channel7_IRQHandler                 0x0800029b   Thumb Code     0  startup_stm32g474xx.o(.text)
    DMA1_Channel8_IRQHandler                 0x0800029b   Thumb Code     0  startup_stm32g474xx.o(.text)
    DMA2_Channel1_IRQHandler                 0x0800029b   Thumb Code     0  startup_stm32g474xx.o(.text)
    DMA2_Channel2_IRQHandler                 0x0800029b   Thumb Code     0  startup_stm32g474xx.o(.text)
    DMA2_Channel3_IRQHandler                 0x0800029b   Thumb Code     0  startup_stm32g474xx.o(.text)
    DMA2_Channel4_IRQHandler                 0x0800029b   Thumb Code     0  startup_stm32g474xx.o(.text)
    DMA2_Channel5_IRQHandler                 0x0800029b   Thumb Code     0  startup_stm32g474xx.o(.text)
    DMA2_Channel6_IRQHandler                 0x0800029b   Thumb Code     0  startup_stm32g474xx.o(.text)
    DMA2_Channel7_IRQHandler                 0x0800029b   Thumb Code     0  startup_stm32g474xx.o(.text)
    DMA2_Channel8_IRQHandler                 0x0800029b   Thumb Code     0  startup_stm32g474xx.o(.text)
    DMAMUX_OVR_IRQHandler                    0x0800029b   Thumb Code     0  startup_stm32g474xx.o(.text)
    EXTI0_IRQHandler                         0x0800029b   Thumb Code     0  startup_stm32g474xx.o(.text)
    EXTI15_10_IRQHandler                     0x0800029b   Thumb Code     0  startup_stm32g474xx.o(.text)
    EXTI1_IRQHandler                         0x0800029b   Thumb Code     0  startup_stm32g474xx.o(.text)
    EXTI2_IRQHandler                         0x0800029b   Thumb Code     0  startup_stm32g474xx.o(.text)
    EXTI3_IRQHandler                         0x0800029b   Thumb Code     0  startup_stm32g474xx.o(.text)
    EXTI4_IRQHandler                         0x0800029b   Thumb Code     0  startup_stm32g474xx.o(.text)
    EXTI9_5_IRQHandler                       0x0800029b   Thumb Code     0  startup_stm32g474xx.o(.text)
    FDCAN1_IT0_IRQHandler                    0x0800029b   Thumb Code     0  startup_stm32g474xx.o(.text)
    FDCAN1_IT1_IRQHandler                    0x0800029b   Thumb Code     0  startup_stm32g474xx.o(.text)
    FDCAN2_IT0_IRQHandler                    0x0800029b   Thumb Code     0  startup_stm32g474xx.o(.text)
    FDCAN2_IT1_IRQHandler                    0x0800029b   Thumb Code     0  startup_stm32g474xx.o(.text)
    FDCAN3_IT0_IRQHandler                    0x0800029b   Thumb Code     0  startup_stm32g474xx.o(.text)
    FDCAN3_IT1_IRQHandler                    0x0800029b   Thumb Code     0  startup_stm32g474xx.o(.text)
    FLASH_IRQHandler                         0x0800029b   Thumb Code     0  startup_stm32g474xx.o(.text)
    FMAC_IRQHandler                          0x0800029b   Thumb Code     0  startup_stm32g474xx.o(.text)
    FMC_IRQHandler                           0x0800029b   Thumb Code     0  startup_stm32g474xx.o(.text)
    FPU_IRQHandler                           0x0800029b   Thumb Code     0  startup_stm32g474xx.o(.text)
    HRTIM1_TIMD_IRQHandler                   0x0800029b   Thumb Code     0  startup_stm32g474xx.o(.text)
    HRTIM1_TIME_IRQHandler                   0x0800029b   Thumb Code     0  startup_stm32g474xx.o(.text)
    HRTIM1_TIMF_IRQHandler                   0x0800029b   Thumb Code     0  startup_stm32g474xx.o(.text)
    I2C1_ER_IRQHandler                       0x0800029b   Thumb Code     0  startup_stm32g474xx.o(.text)
    I2C1_EV_IRQHandler                       0x0800029b   Thumb Code     0  startup_stm32g474xx.o(.text)
    I2C2_ER_IRQHandler                       0x0800029b   Thumb Code     0  startup_stm32g474xx.o(.text)
    I2C2_EV_IRQHandler                       0x0800029b   Thumb Code     0  startup_stm32g474xx.o(.text)
    I2C3_ER_IRQHandler                       0x0800029b   Thumb Code     0  startup_stm32g474xx.o(.text)
    I2C3_EV_IRQHandler                       0x0800029b   Thumb Code     0  startup_stm32g474xx.o(.text)
    I2C4_ER_IRQHandler                       0x0800029b   Thumb Code     0  startup_stm32g474xx.o(.text)
    I2C4_EV_IRQHandler                       0x0800029b   Thumb Code     0  startup_stm32g474xx.o(.text)
    LPTIM1_IRQHandler                        0x0800029b   Thumb Code     0  startup_stm32g474xx.o(.text)
    LPUART1_IRQHandler                       0x0800029b   Thumb Code     0  startup_stm32g474xx.o(.text)
    PVD_PVM_IRQHandler                       0x0800029b   Thumb Code     0  startup_stm32g474xx.o(.text)
    QUADSPI_IRQHandler                       0x0800029b   Thumb Code     0  startup_stm32g474xx.o(.text)
    RCC_IRQHandler                           0x0800029b   Thumb Code     0  startup_stm32g474xx.o(.text)
    RNG_IRQHandler                           0x0800029b   Thumb Code     0  startup_stm32g474xx.o(.text)
    RTC_Alarm_IRQHandler                     0x0800029b   Thumb Code     0  startup_stm32g474xx.o(.text)
    RTC_TAMP_LSECSS_IRQHandler               0x0800029b   Thumb Code     0  startup_stm32g474xx.o(.text)
    RTC_WKUP_IRQHandler                      0x0800029b   Thumb Code     0  startup_stm32g474xx.o(.text)
    SAI1_IRQHandler                          0x0800029b   Thumb Code     0  startup_stm32g474xx.o(.text)
    SPI1_IRQHandler                          0x0800029b   Thumb Code     0  startup_stm32g474xx.o(.text)
    SPI2_IRQHandler                          0x0800029b   Thumb Code     0  startup_stm32g474xx.o(.text)
    SPI3_IRQHandler                          0x0800029b   Thumb Code     0  startup_stm32g474xx.o(.text)
    SPI4_IRQHandler                          0x0800029b   Thumb Code     0  startup_stm32g474xx.o(.text)
    TIM1_BRK_TIM15_IRQHandler                0x0800029b   Thumb Code     0  startup_stm32g474xx.o(.text)
    TIM1_CC_IRQHandler                       0x0800029b   Thumb Code     0  startup_stm32g474xx.o(.text)
    TIM1_TRG_COM_TIM17_IRQHandler            0x0800029b   Thumb Code     0  startup_stm32g474xx.o(.text)
    TIM20_BRK_IRQHandler                     0x0800029b   Thumb Code     0  startup_stm32g474xx.o(.text)
    TIM20_CC_IRQHandler                      0x0800029b   Thumb Code     0  startup_stm32g474xx.o(.text)
    TIM20_TRG_COM_IRQHandler                 0x0800029b   Thumb Code     0  startup_stm32g474xx.o(.text)
    TIM20_UP_IRQHandler                      0x0800029b   Thumb Code     0  startup_stm32g474xx.o(.text)
    TIM2_IRQHandler                          0x0800029b   Thumb Code     0  startup_stm32g474xx.o(.text)
    TIM3_IRQHandler                          0x0800029b   Thumb Code     0  startup_stm32g474xx.o(.text)
    TIM4_IRQHandler                          0x0800029b   Thumb Code     0  startup_stm32g474xx.o(.text)
    TIM5_IRQHandler                          0x0800029b   Thumb Code     0  startup_stm32g474xx.o(.text)
    TIM6_DAC_IRQHandler                      0x0800029b   Thumb Code     0  startup_stm32g474xx.o(.text)
    TIM7_DAC_IRQHandler                      0x0800029b   Thumb Code     0  startup_stm32g474xx.o(.text)
    TIM8_BRK_IRQHandler                      0x0800029b   Thumb Code     0  startup_stm32g474xx.o(.text)
    TIM8_CC_IRQHandler                       0x0800029b   Thumb Code     0  startup_stm32g474xx.o(.text)
    TIM8_TRG_COM_IRQHandler                  0x0800029b   Thumb Code     0  startup_stm32g474xx.o(.text)
    TIM8_UP_IRQHandler                       0x0800029b   Thumb Code     0  startup_stm32g474xx.o(.text)
    UART4_IRQHandler                         0x0800029b   Thumb Code     0  startup_stm32g474xx.o(.text)
    UART5_IRQHandler                         0x0800029b   Thumb Code     0  startup_stm32g474xx.o(.text)
    UCPD1_IRQHandler                         0x0800029b   Thumb Code     0  startup_stm32g474xx.o(.text)
    USART2_IRQHandler                        0x0800029b   Thumb Code     0  startup_stm32g474xx.o(.text)
    USART3_IRQHandler                        0x0800029b   Thumb Code     0  startup_stm32g474xx.o(.text)
    USBWakeUp_IRQHandler                     0x0800029b   Thumb Code     0  startup_stm32g474xx.o(.text)
    USB_HP_IRQHandler                        0x0800029b   Thumb Code     0  startup_stm32g474xx.o(.text)
    USB_LP_IRQHandler                        0x0800029b   Thumb Code     0  startup_stm32g474xx.o(.text)
    WWDG_IRQHandler                          0x0800029b   Thumb Code     0  startup_stm32g474xx.o(.text)
    __user_initial_stackheap                 0x0800029d   Thumb Code     0  startup_stm32g474xx.o(.text)
    malloc                                   0x080002c1   Thumb Code    94  h1_alloc.o(.text)
    free                                     0x0800031f   Thumb Code    78  h1_free.o(.text)
    __aeabi_uldivmod                         0x0800036d   Thumb Code     0  lludivv7m.o(.text)
    _ll_udiv                                 0x0800036d   Thumb Code   238  lludivv7m.o(.text)
    __aeabi_memcpy                           0x0800045b   Thumb Code     0  rt_memcpy_v6.o(.text)
    __rt_memcpy                              0x0800045b   Thumb Code   138  rt_memcpy_v6.o(.text)
    _memcpy_lastbytes                        0x080004c1   Thumb Code     0  rt_memcpy_v6.o(.text)
    __aeabi_memclr4                          0x080004e5   Thumb Code     0  rt_memclr_w.o(.text)
    __aeabi_memclr8                          0x080004e5   Thumb Code     0  rt_memclr_w.o(.text)
    __rt_memclr_w                            0x080004e5   Thumb Code    78  rt_memclr_w.o(.text)
    _memset_w                                0x080004e9   Thumb Code     0  rt_memclr_w.o(.text)
    __use_two_region_memory                  0x08000533   Thumb Code     2  heapauxi.o(.text)
    __rt_heap_escrow                         0x08000535   Thumb Code     2  heapauxi.o(.text)
    __rt_heap_expand                         0x08000537   Thumb Code     2  heapauxi.o(.text)
    __rt_heap_descriptor                     0x08000539   Thumb Code     8  rt_heap_descriptor_intlibspace.o(.text)
    __use_no_heap                            0x08000541   Thumb Code     2  hguard.o(.text)
    __heap$guard                             0x08000543   Thumb Code     2  hguard.o(.text)
    _terminate_user_alloc                    0x08000545   Thumb Code     2  init_alloc.o(.text)
    _init_user_alloc                         0x08000547   Thumb Code     2  init_alloc.o(.text)
    __Heap_Full                              0x08000549   Thumb Code    34  init_alloc.o(.text)
    __Heap_Broken                            0x0800056b   Thumb Code     6  init_alloc.o(.text)
    _init_alloc                              0x08000571   Thumb Code    94  init_alloc.o(.text)
    __Heap_Initialize                        0x080005cf   Thumb Code    10  h1_init.o(.text)
    __Heap_DescSize                          0x080005d9   Thumb Code     4  h1_init.o(.text)
    __aeabi_memcpy4                          0x080005dd   Thumb Code     0  rt_memcpy_w.o(.text)
    __aeabi_memcpy8                          0x080005dd   Thumb Code     0  rt_memcpy_w.o(.text)
    __rt_memcpy_w                            0x080005dd   Thumb Code   100  rt_memcpy_w.o(.text)
    _memcpy_lastbytes_aligned                0x08000625   Thumb Code     0  rt_memcpy_w.o(.text)
    __user_libspace                          0x08000641   Thumb Code     8  libspace.o(.text)
    __user_perproc_libspace                  0x08000641   Thumb Code     0  libspace.o(.text)
    __user_perthread_libspace                0x08000641   Thumb Code     0  libspace.o(.text)
    __Heap_ProvideMemory                     0x08000649   Thumb Code    52  h1_extend.o(.text)
    __rt_SIGRTMEM                            0x0800067d   Thumb Code    14  defsig_rtmem_outer.o(.text)
    __I$use$semihosting                      0x0800068b   Thumb Code     0  use_no_semi.o(.text)
    __use_no_semihosting_swi                 0x0800068b   Thumb Code     2  use_no_semi.o(.text)
    __semihosting_library_function           0x0800068d   Thumb Code     0  indicate_semi.o(.text)
    __user_setup_stackheap                   0x0800068d   Thumb Code    74  sys_stackheap_outer.o(.text)
    exit                                     0x080006d7   Thumb Code    18  exit.o(.text)
    __sig_exit                               0x080006e9   Thumb Code    10  defsig_exit.o(.text)
    __rt_SIGRTMEM_inner                      0x080006f5   Thumb Code    22  defsig_rtmem_inner.o(.text)
    _sys_exit                                0x08000745   Thumb Code     8  sys_exit.o(.text)
    __default_signal_display                 0x08000751   Thumb Code    50  defsig_general.o(.text)
    _ttywrch                                 0x08000783   Thumb Code    14  sys_wrch.o(.text)
    ADC_DMAConvCplt                          0x08000791   Thumb Code   104  stm32g4xx_hal_adc.o(i.ADC_DMAConvCplt)
    ADC_DMAError                             0x080007f9   Thumb Code    26  stm32g4xx_hal_adc.o(i.ADC_DMAError)
    ADC_DMAHalfConvCplt                      0x08000813   Thumb Code    10  stm32g4xx_hal_adc.o(i.ADC_DMAHalfConvCplt)
    ADC_Enable                               0x0800081d   Thumb Code   172  stm32g4xx_hal_adc.o(i.ADC_Enable)
    ADC_task                                 0x080008e1   Thumb Code    26  adc_task.o(i.ADC_task)
    BusFault_Handler                         0x08000909   Thumb Code     2  stm32g4xx_it.o(i.BusFault_Handler)
    DMA1_Channel1_IRQHandler                 0x080009a9   Thumb Code     6  stm32g4xx_it.o(i.DMA1_Channel1_IRQHandler)
    DMA1_Channel2_IRQHandler                 0x080009b5   Thumb Code     6  stm32g4xx_it.o(i.DMA1_Channel2_IRQHandler)
    DMA1_Channel3_IRQHandler                 0x080009c1   Thumb Code     6  stm32g4xx_it.o(i.DMA1_Channel3_IRQHandler)
    DMA1_Channel4_IRQHandler                 0x080009cd   Thumb Code     6  stm32g4xx_it.o(i.DMA1_Channel4_IRQHandler)
    DMA1_Channel5_IRQHandler                 0x080009d9   Thumb Code     6  stm32g4xx_it.o(i.DMA1_Channel5_IRQHandler)
    DMA1_Channel6_IRQHandler                 0x080009e5   Thumb Code     6  stm32g4xx_it.o(i.DMA1_Channel6_IRQHandler)
    DSP_task                                 0x08000a93   Thumb Code     2  dsp_task.o(i.DSP_task)
    DebugMon_Handler                         0x08000a95   Thumb Code     2  stm32g4xx_it.o(i.DebugMon_Handler)
    Error_Handler                            0x08000a97   Thumb Code     4  main.o(i.Error_Handler)
    HAL_ADCEx_MultiModeConfigChannel         0x08000a9d   Thumb Code   326  stm32g4xx_hal_adc_ex.o(i.HAL_ADCEx_MultiModeConfigChannel)
    HAL_ADC_ConfigChannel                    0x08000bfd   Thumb Code  1066  stm32g4xx_hal_adc.o(i.HAL_ADC_ConfigChannel)
    HAL_ADC_ConvCpltCallback                 0x08001069   Thumb Code   124  adc_task.o(i.HAL_ADC_ConvCpltCallback)
    HAL_ADC_ConvHalfCpltCallback             0x080010fd   Thumb Code     2  stm32g4xx_hal_adc.o(i.HAL_ADC_ConvHalfCpltCallback)
    HAL_ADC_ErrorCallback                    0x080010ff   Thumb Code     2  stm32g4xx_hal_adc.o(i.HAL_ADC_ErrorCallback)
    HAL_ADC_Init                             0x08001101   Thumb Code   510  stm32g4xx_hal_adc.o(i.HAL_ADC_Init)
    HAL_ADC_MspInit                          0x08001331   Thumb Code   706  stm32g4xx_hal_msp.o(i.HAL_ADC_MspInit)
    HAL_ADC_Start_DMA                        0x08001629   Thumb Code   260  stm32g4xx_hal_adc.o(i.HAL_ADC_Start_DMA)
    HAL_CRCEx_Polynomial_Set                 0x08001755   Thumb Code    84  stm32g4xx_hal_crc_ex.o(i.HAL_CRCEx_Polynomial_Set)
    HAL_CRC_Calculate                        0x080017a9   Thumb Code    76  stm32g4xx_hal_crc.o(i.HAL_CRC_Calculate)
    HAL_CRC_Init                             0x080017f5   Thumb Code   112  stm32g4xx_hal_crc.o(i.HAL_CRC_Init)
    HAL_CRC_MspInit                          0x08001869   Thumb Code    30  stm32g4xx_hal_msp.o(i.HAL_CRC_MspInit)
    HAL_DMA_Abort                            0x08001891   Thumb Code   106  stm32g4xx_hal_dma.o(i.HAL_DMA_Abort)
    HAL_DMA_Abort_IT                         0x080018fb   Thumb Code   120  stm32g4xx_hal_dma.o(i.HAL_DMA_Abort_IT)
    HAL_DMA_IRQHandler                       0x08001973   Thumb Code   186  stm32g4xx_hal_dma.o(i.HAL_DMA_IRQHandler)
    HAL_DMA_Init                             0x08001a2d   Thumb Code   178  stm32g4xx_hal_dma.o(i.HAL_DMA_Init)
    HAL_DMA_Start_IT                         0x08001aed   Thumb Code   140  stm32g4xx_hal_dma.o(i.HAL_DMA_Start_IT)
    HAL_GPIO_Init                            0x08001b79   Thumb Code   550  stm32g4xx_hal_gpio.o(i.HAL_GPIO_Init)
    HAL_GPIO_ReadPin                         0x08001dc1   Thumb Code    10  stm32g4xx_hal_gpio.o(i.HAL_GPIO_ReadPin)
    HAL_GPIO_WritePin                        0x08001dcb   Thumb Code    10  stm32g4xx_hal_gpio.o(i.HAL_GPIO_WritePin)
    HAL_GetTick                              0x08001dd5   Thumb Code     6  stm32g4xx_hal.o(i.HAL_GetTick)
    HAL_HRTIM_BurstModePeriodCallback        0x08001de1   Thumb Code     2  stm32g4xx_hal_hrtim.o(i.HAL_HRTIM_BurstModePeriodCallback)
    HAL_HRTIM_Capture1EventCallback          0x08001de3   Thumb Code     2  stm32g4xx_hal_hrtim.o(i.HAL_HRTIM_Capture1EventCallback)
    HAL_HRTIM_Capture2EventCallback          0x08001de5   Thumb Code     2  stm32g4xx_hal_hrtim.o(i.HAL_HRTIM_Capture2EventCallback)
    HAL_HRTIM_Compare1EventCallback          0x08001de7   Thumb Code     2  stm32g4xx_hal_hrtim.o(i.HAL_HRTIM_Compare1EventCallback)
    HAL_HRTIM_Compare2EventCallback          0x08001de9   Thumb Code     2  stm32g4xx_hal_hrtim.o(i.HAL_HRTIM_Compare2EventCallback)
    HAL_HRTIM_Compare3EventCallback          0x08001deb   Thumb Code     2  stm32g4xx_hal_hrtim.o(i.HAL_HRTIM_Compare3EventCallback)
    HAL_HRTIM_Compare4EventCallback          0x08001ded   Thumb Code     2  stm32g4xx_hal_hrtim.o(i.HAL_HRTIM_Compare4EventCallback)
    HAL_HRTIM_CounterResetCallback           0x08001def   Thumb Code     2  stm32g4xx_hal_hrtim.o(i.HAL_HRTIM_CounterResetCallback)
    HAL_HRTIM_DLLCalibrationReadyCallback    0x08001df1   Thumb Code     2  stm32g4xx_hal_hrtim.o(i.HAL_HRTIM_DLLCalibrationReadyCallback)
    HAL_HRTIM_DLLCalibrationStart            0x08001df3   Thumb Code    98  stm32g4xx_hal_hrtim.o(i.HAL_HRTIM_DLLCalibrationStart)
    HAL_HRTIM_DelayedProtectionCallback      0x08001e55   Thumb Code     2  stm32g4xx_hal_hrtim.o(i.HAL_HRTIM_DelayedProtectionCallback)
    HAL_HRTIM_Fault1Callback                 0x08001e57   Thumb Code     2  stm32g4xx_hal_hrtim.o(i.HAL_HRTIM_Fault1Callback)
    HAL_HRTIM_Fault2Callback                 0x08001e59   Thumb Code     2  stm32g4xx_hal_hrtim.o(i.HAL_HRTIM_Fault2Callback)
    HAL_HRTIM_Fault3Callback                 0x08001e5b   Thumb Code     2  stm32g4xx_hal_hrtim.o(i.HAL_HRTIM_Fault3Callback)
    HAL_HRTIM_Fault4Callback                 0x08001e5d   Thumb Code     2  stm32g4xx_hal_hrtim.o(i.HAL_HRTIM_Fault4Callback)
    HAL_HRTIM_Fault5Callback                 0x08001e5f   Thumb Code     2  stm32g4xx_hal_hrtim.o(i.HAL_HRTIM_Fault5Callback)
    HAL_HRTIM_Fault6Callback                 0x08001e61   Thumb Code     2  stm32g4xx_hal_hrtim.o(i.HAL_HRTIM_Fault6Callback)
    HAL_HRTIM_IRQHandler                     0x08001e63   Thumb Code    20  stm32g4xx_hal_hrtim.o(i.HAL_HRTIM_IRQHandler)
    HAL_HRTIM_Init                           0x08001e79   Thumb Code   184  stm32g4xx_hal_hrtim.o(i.HAL_HRTIM_Init)
    HAL_HRTIM_MspInit                        0x08001f39   Thumb Code   114  stm32g4xx_hal_msp.o(i.HAL_HRTIM_MspInit)
    HAL_HRTIM_Output1ResetCallback           0x08001fb5   Thumb Code     2  stm32g4xx_hal_hrtim.o(i.HAL_HRTIM_Output1ResetCallback)
    HAL_HRTIM_Output1SetCallback             0x08001fb7   Thumb Code     2  stm32g4xx_hal_hrtim.o(i.HAL_HRTIM_Output1SetCallback)
    HAL_HRTIM_Output2ResetCallback           0x08001fb9   Thumb Code     2  stm32g4xx_hal_hrtim.o(i.HAL_HRTIM_Output2ResetCallback)
    HAL_HRTIM_Output2SetCallback             0x08001fbb   Thumb Code     2  stm32g4xx_hal_hrtim.o(i.HAL_HRTIM_Output2SetCallback)
    HAL_HRTIM_PollForDLLCalibration          0x08001fbd   Thumb Code    66  stm32g4xx_hal_hrtim.o(i.HAL_HRTIM_PollForDLLCalibration)
    HAL_HRTIM_RegistersUpdateCallback        0x08001fff   Thumb Code     2  stm32g4xx_hal_hrtim.o(i.HAL_HRTIM_RegistersUpdateCallback)
    HAL_HRTIM_RepetitionEventCallback        0x08002001   Thumb Code     2  stm32g4xx_hal_hrtim.o(i.HAL_HRTIM_RepetitionEventCallback)
    HAL_HRTIM_SynchronizationEventCallback   0x08002003   Thumb Code     2  stm32g4xx_hal_hrtim.o(i.HAL_HRTIM_SynchronizationEventCallback)
    HAL_HRTIM_SystemFaultCallback            0x08002005   Thumb Code     2  stm32g4xx_hal_hrtim.o(i.HAL_HRTIM_SystemFaultCallback)
    HAL_HRTIM_TimeBaseConfig                 0x08002007   Thumb Code   122  stm32g4xx_hal_hrtim.o(i.HAL_HRTIM_TimeBaseConfig)
    HAL_HRTIM_WaveformCountStart_IT          0x08002081   Thumb Code   128  stm32g4xx_hal_hrtim.o(i.HAL_HRTIM_WaveformCountStart_IT)
    HAL_HRTIM_WaveformTimerConfig            0x08002105   Thumb Code   144  stm32g4xx_hal_hrtim.o(i.HAL_HRTIM_WaveformTimerConfig)
    HAL_HRTIM_WaveformTimerControl           0x08002195   Thumb Code   132  stm32g4xx_hal_hrtim.o(i.HAL_HRTIM_WaveformTimerControl)
    HAL_IncTick                              0x08002219   Thumb Code    12  stm32g4xx_hal.o(i.HAL_IncTick)
    HAL_Init                                 0x08002229   Thumb Code    30  stm32g4xx_hal.o(i.HAL_Init)
    HAL_InitTick                             0x08002249   Thumb Code    58  stm32g4xx_hal.o(i.HAL_InitTick)
    HAL_MspInit                              0x0800228d   Thumb Code    60  stm32g4xx_hal_msp.o(i.HAL_MspInit)
    HAL_NVIC_EnableIRQ                       0x080022cd   Thumb Code    26  stm32g4xx_hal_cortex.o(i.HAL_NVIC_EnableIRQ)
    HAL_NVIC_SetPriority                     0x080022e9   Thumb Code    60  stm32g4xx_hal_cortex.o(i.HAL_NVIC_SetPriority)
    HAL_NVIC_SetPriorityGrouping             0x08002329   Thumb Code    26  stm32g4xx_hal_cortex.o(i.HAL_NVIC_SetPriorityGrouping)
    HAL_PWREx_ControlVoltageScaling          0x0800234d   Thumb Code   174  stm32g4xx_hal_pwr_ex.o(i.HAL_PWREx_ControlVoltageScaling)
    HAL_PWREx_DisableUCPDDeadBattery         0x08002409   Thumb Code    12  stm32g4xx_hal_pwr_ex.o(i.HAL_PWREx_DisableUCPDDeadBattery)
    HAL_RCCEx_PeriphCLKConfig                0x08002419   Thumb Code   758  stm32g4xx_hal_rcc_ex.o(i.HAL_RCCEx_PeriphCLKConfig)
    HAL_RCC_ClockConfig                      0x08002719   Thumb Code   444  stm32g4xx_hal_rcc.o(i.HAL_RCC_ClockConfig)
    HAL_RCC_GetPCLK1Freq                     0x080028f5   Thumb Code    24  stm32g4xx_hal_rcc.o(i.HAL_RCC_GetPCLK1Freq)
    HAL_RCC_GetPCLK2Freq                     0x08002919   Thumb Code    24  stm32g4xx_hal_rcc.o(i.HAL_RCC_GetPCLK2Freq)
    HAL_RCC_GetSysClockFreq                  0x0800293d   Thumb Code    98  stm32g4xx_hal_rcc.o(i.HAL_RCC_GetSysClockFreq)
    HAL_RCC_OscConfig                        0x080029ad   Thumb Code  1028  stm32g4xx_hal_rcc.o(i.HAL_RCC_OscConfig)
    HAL_SYSCFG_EnableVREFBUF                 0x08002db1   Thumb Code    44  stm32g4xx_hal.o(i.HAL_SYSCFG_EnableVREFBUF)
    HAL_SYSCFG_VREFBUF_HighImpedanceConfig   0x08002de1   Thumb Code    14  stm32g4xx_hal.o(i.HAL_SYSCFG_VREFBUF_HighImpedanceConfig)
    HAL_SYSCFG_VREFBUF_VoltageScalingConfig  0x08002df5   Thumb Code    14  stm32g4xx_hal.o(i.HAL_SYSCFG_VREFBUF_VoltageScalingConfig)
    HAL_SYSTICK_Config                       0x08002e09   Thumb Code    40  stm32g4xx_hal_cortex.o(i.HAL_SYSTICK_Config)
    HAL_TIMEx_Break2Callback                 0x08002e31   Thumb Code     2  stm32g4xx_hal_tim_ex.o(i.HAL_TIMEx_Break2Callback)
    HAL_TIMEx_BreakCallback                  0x08002e33   Thumb Code     2  stm32g4xx_hal_tim_ex.o(i.HAL_TIMEx_BreakCallback)
    HAL_TIMEx_CommutCallback                 0x08002e35   Thumb Code     2  stm32g4xx_hal_tim_ex.o(i.HAL_TIMEx_CommutCallback)
    HAL_TIMEx_DirectionChangeCallback        0x08002e37   Thumb Code     2  stm32g4xx_hal_tim_ex.o(i.HAL_TIMEx_DirectionChangeCallback)
    HAL_TIMEx_EncoderIndexCallback           0x08002e39   Thumb Code     2  stm32g4xx_hal_tim_ex.o(i.HAL_TIMEx_EncoderIndexCallback)
    HAL_TIMEx_IndexErrorCallback             0x08002e3b   Thumb Code     2  stm32g4xx_hal_tim_ex.o(i.HAL_TIMEx_IndexErrorCallback)
    HAL_TIMEx_MasterConfigSynchronization    0x08002e3d   Thumb Code   150  stm32g4xx_hal_tim_ex.o(i.HAL_TIMEx_MasterConfigSynchronization)
    HAL_TIMEx_TransitionErrorCallback        0x08002ef5   Thumb Code     2  stm32g4xx_hal_tim_ex.o(i.HAL_TIMEx_TransitionErrorCallback)
    HAL_TIM_Base_Init                        0x08002ef7   Thumb Code    98  stm32g4xx_hal_tim.o(i.HAL_TIM_Base_Init)
    HAL_TIM_Base_MspInit                     0x08002f59   Thumb Code    50  stm32g4xx_hal_msp.o(i.HAL_TIM_Base_MspInit)
    HAL_TIM_ConfigClockSource                0x08002f95   Thumb Code   234  stm32g4xx_hal_tim.o(i.HAL_TIM_ConfigClockSource)
    HAL_TIM_IC_CaptureCallback               0x08003085   Thumb Code     2  stm32g4xx_hal_tim.o(i.HAL_TIM_IC_CaptureCallback)
    HAL_TIM_IRQHandler                       0x08003087   Thumb Code   418  stm32g4xx_hal_tim.o(i.HAL_TIM_IRQHandler)
    HAL_TIM_OC_DelayElapsedCallback          0x08003229   Thumb Code     2  stm32g4xx_hal_tim.o(i.HAL_TIM_OC_DelayElapsedCallback)
    HAL_TIM_PWM_PulseFinishedCallback        0x0800322b   Thumb Code     2  stm32g4xx_hal_tim.o(i.HAL_TIM_PWM_PulseFinishedCallback)
    HAL_TIM_PeriodElapsedCallback            0x0800322d   Thumb Code     2  stm32g4xx_hal_tim.o(i.HAL_TIM_PeriodElapsedCallback)
    HAL_TIM_TriggerCallback                  0x0800322f   Thumb Code     2  stm32g4xx_hal_tim.o(i.HAL_TIM_TriggerCallback)
    HAL_UARTEx_DisableFifoMode               0x08003231   Thumb Code    62  stm32g4xx_hal_uart_ex.o(i.HAL_UARTEx_DisableFifoMode)
    HAL_UARTEx_RxEventCallback               0x0800326f   Thumb Code     2  stm32g4xx_hal_uart.o(i.HAL_UARTEx_RxEventCallback)
    HAL_UARTEx_RxFifoFullCallback            0x08003271   Thumb Code     2  stm32g4xx_hal_uart_ex.o(i.HAL_UARTEx_RxFifoFullCallback)
    HAL_UARTEx_SetRxFifoThreshold            0x08003273   Thumb Code    76  stm32g4xx_hal_uart_ex.o(i.HAL_UARTEx_SetRxFifoThreshold)
    HAL_UARTEx_SetTxFifoThreshold            0x080032bf   Thumb Code    76  stm32g4xx_hal_uart_ex.o(i.HAL_UARTEx_SetTxFifoThreshold)
    HAL_UARTEx_TxFifoEmptyCallback           0x0800330b   Thumb Code     2  stm32g4xx_hal_uart_ex.o(i.HAL_UARTEx_TxFifoEmptyCallback)
    HAL_UARTEx_WakeupCallback                0x0800330d   Thumb Code     2  stm32g4xx_hal_uart_ex.o(i.HAL_UARTEx_WakeupCallback)
    HAL_UART_ErrorCallback                   0x0800330f   Thumb Code     2  stm32g4xx_hal_uart.o(i.HAL_UART_ErrorCallback)
    HAL_UART_IRQHandler                      0x08003311   Thumb Code   766  stm32g4xx_hal_uart.o(i.HAL_UART_IRQHandler)
    HAL_UART_Init                            0x0800361d   Thumb Code   106  stm32g4xx_hal_uart.o(i.HAL_UART_Init)
    HAL_UART_MspInit                         0x08003689   Thumb Code   180  stm32g4xx_hal_msp.o(i.HAL_UART_MspInit)
    HAL_UART_Transmit_DMA                    0x0800374d   Thumb Code   132  stm32g4xx_hal_uart.o(i.HAL_UART_Transmit_DMA)
    HAL_UART_TxCpltCallback                  0x080037dd   Thumb Code     2  stm32g4xx_hal_uart.o(i.HAL_UART_TxCpltCallback)
    HAL_UART_TxHalfCpltCallback              0x080037df   Thumb Code     2  stm32g4xx_hal_uart.o(i.HAL_UART_TxHalfCpltCallback)
    HRTIM1_FLT_IRQHandler                    0x080037e1   Thumb Code     8  stm32g4xx_it.o(i.HRTIM1_FLT_IRQHandler)
    HRTIM1_Master_IRQHandler                 0x080037ed   Thumb Code     8  stm32g4xx_it.o(i.HRTIM1_Master_IRQHandler)
    HRTIM1_TIMA_IRQHandler                   0x080037f9   Thumb Code    24  stm32g4xx_it.o(i.HRTIM1_TIMA_IRQHandler)
    HRTIM1_TIMB_IRQHandler                   0x08003819   Thumb Code    24  stm32g4xx_it.o(i.HRTIM1_TIMB_IRQHandler)
    HRTIM1_TIMC_IRQHandler                   0x08003839   Thumb Code    24  stm32g4xx_it.o(i.HRTIM1_TIMC_IRQHandler)
    HardFault_Handler                        0x08003ded   Thumb Code     2  stm32g4xx_it.o(i.HardFault_Handler)
    MemManage_Handler                        0x08004561   Thumb Code     2  stm32g4xx_it.o(i.MemManage_Handler)
    NMI_Handler                              0x08004563   Thumb Code     2  stm32g4xx_it.o(i.NMI_Handler)
    PendSV_Handler                           0x08004565   Thumb Code     2  stm32g4xx_it.o(i.PendSV_Handler)
    SVC_Handler                              0x08004567   Thumb Code     2  stm32g4xx_it.o(i.SVC_Handler)
    SysTick_Handler                          0x08004569   Thumb Code     4  stm32g4xx_it.o(i.SysTick_Handler)
    SystemClock_Config                       0x0800456d   Thumb Code   106  main.o(i.SystemClock_Config)
    SystemInit                               0x080045d9   Thumb Code    12  system_stm32g4xx.o(i.SystemInit)
    TIM1_UP_TIM16_IRQHandler                 0x080045e9   Thumb Code     6  stm32g4xx_it.o(i.TIM1_UP_TIM16_IRQHandler)
    TIM_Base_SetConfig                       0x080045f5   Thumb Code   190  stm32g4xx_hal_tim.o(i.TIM_Base_SetConfig)
    TIM_ETR_SetConfig                        0x080046d9   Thumb Code    20  stm32g4xx_hal_tim.o(i.TIM_ETR_SetConfig)
    UART_AdvFeatureConfig                    0x0800478d   Thumb Code   200  stm32g4xx_hal_uart.o(i.UART_AdvFeatureConfig)
    UART_CheckIdleState                      0x08004855   Thumb Code   172  stm32g4xx_hal_uart.o(i.UART_CheckIdleState)
    UART_SetConfig                           0x08004a35   Thumb Code   614  stm32g4xx_hal_uart.o(i.UART_SetConfig)
    UART_WaitOnFlagUntilTimeout              0x08004ccd   Thumb Code   148  stm32g4xx_hal_uart.o(i.UART_WaitOnFlagUntilTimeout)
    UART_task                                0x08004d61   Thumb Code    34  uart_task.o(i.UART_task)
    USART1_IRQHandler                        0x08004d91   Thumb Code     6  stm32g4xx_it.o(i.USART1_IRQHandler)
    UsageFault_Handler                       0x08004d9d   Thumb Code     2  stm32g4xx_it.o(i.UsageFault_Handler)
    get_VLP_value                            0x08004dc1   Thumb Code   164  adc_task.o(i.get_VLP_value)
    get_switches                             0x08004e81   Thumb Code   372  switch.o(i.get_switches)
    main                                     0x08005001   Thumb Code   104  main.o(i.main)
    set_pins                                 0x0800507d   Thumb Code    36  switch.o(i.set_pins)
    set_switches                             0x080050a1   Thumb Code   366  switch.o(i.set_switches)
    switch_formulate                         0x0800521d   Thumb Code    38  switch.o(i.switch_formulate)
    switch_select                            0x08005243   Thumb Code    54  switch.o(i.switch_select)
    _fp_init                                 0x08005279   Thumb Code    10  fpinit.o(x$fpl$fpinit)
    __fplib_config_fpu_vfp                   0x08005281   Thumb Code     0  fpinit.o(x$fpl$fpinit)
    __fplib_config_pureend_doubles           0x08005281   Thumb Code     0  fpinit.o(x$fpl$fpinit)
    UARTPrescTable                           0x08005282   Data          24  stm32g4xx_hal_uart.o(.constdata)
    AHBPrescTable                            0x080052aa   Data          16  system_stm32g4xx.o(.constdata)
    APBPrescTable                            0x080052ba   Data           8  system_stm32g4xx.o(.constdata)
    Region$$Table$$Base                      0x080052c4   Number         0  anon$$obj.o(Region$$Table)
    Region$$Table$$Limit                     0x080052e4   Number         0  anon$$obj.o(Region$$Table)
    adc_done                                 0x20000000   Data           1  adc_task.o(.data)
    adc5_done                                0x20000001   Data           1  adc_task.o(.data)
    adc_buf3                                 0x20000002   Data           2  adc_task.o(.data)
    adc_buf4                                 0x20000004   Data           2  adc_task.o(.data)
    adc_buf5                                 0x20000006   Data           2  adc_task.o(.data)
    adc_buf1                                 0x20000008   Data           4  adc_task.o(.data)
    adc_buf2                                 0x2000000c   Data           6  adc_task.o(.data)
    adc_task_watchdog                        0x20000012   Data           1  main.o(.data)
    uart_task_watchdog                       0x20000013   Data           1  main.o(.data)
    dsp_task_watchdog                        0x20000014   Data           1  main.o(.data)
    uwTickPrio                               0x20000020   Data           4  stm32g4xx_hal.o(.data)
    uwTickFreq                               0x20000024   Data           4  stm32g4xx_hal.o(.data)
    uwTick                                   0x20000028   Data           4  stm32g4xx_hal.o(.data)
    SystemCoreClock                          0x20000048   Data           4  system_stm32g4xx.o(.data)
    adc_values                               0x2000004c   Data          16  adc_task.o(.bss)
    VLP_value                                0x2000005c   Data         256  adc_task.o(.bss)
    hadc1                                    0x2000015c   Data         108  main.o(.bss)
    hadc2                                    0x200001c8   Data         108  main.o(.bss)
    hadc3                                    0x20000234   Data         108  main.o(.bss)
    hadc4                                    0x200002a0   Data         108  main.o(.bss)
    hadc5                                    0x2000030c   Data         108  main.o(.bss)
    hcrc                                     0x20000378   Data          36  main.o(.bss)
    hhrtim1                                  0x2000039c   Data         252  main.o(.bss)
    htim1                                    0x20000498   Data          76  main.o(.bss)
    huart1                                   0x200004e4   Data         148  main.o(.bss)
    VLP_packet                               0x20000578   Data         261  main.o(.bss)
    comm_packet                              0x2000067d   Data         262  main.o(.bss)
    hdma_adc1                                0x20000784   Data          96  main.o(.bss)
    hdma_adc2                                0x200007e4   Data          96  main.o(.bss)
    hdma_adc3                                0x20000844   Data          96  main.o(.bss)
    hdma_adc4                                0x200008a4   Data          96  main.o(.bss)
    hdma_adc5                                0x20000904   Data          96  main.o(.bss)
    hdma_usart1_tx                           0x20000964   Data          96  main.o(.bss)
    __libspace_start                         0x200009c4   Data          96  libspace.o(.bss)
    __temporary_stack_top$libspace           0x20000a24   Data           0  libspace.o(.bss)



==============================================================================

Memory Map of the image

  Image Entry point : 0x080001d9

  Load Region LR_IROM1 (Base: 0x08000000, Size: 0x00005330, Max: 0x00020000, ABSOLUTE)

    Execution Region ER_IROM1 (Base: 0x08000000, Size: 0x000052e4, Max: 0x00020000, ABSOLUTE)

    Base Addr    Size         Type   Attr      Idx    E Section Name        Object

    0x08000000   0x000001d8   Data   RO            3    RESET               startup_stm32g474xx.o
    0x080001d8   0x00000008   Code   RO         5339  * !!!main             c_w.l(__main.o)
    0x080001e0   0x00000034   Code   RO         5554    !!!scatter          c_w.l(__scatter.o)
    0x08000214   0x0000001a   Code   RO         5556    !!handler_copy      c_w.l(__scatter_copy.o)
    0x0800022e   0x00000002   PAD
    0x08000230   0x0000001c   Code   RO         5558    !!handler_zi        c_w.l(__scatter_zi.o)
    0x0800024c   0x00000002   Code   RO         5491    .ARM.Collect$$libinit$$00000000  c_w.l(libinit.o)
    0x0800024e   0x00000004   Code   RO         5377    .ARM.Collect$$libinit$$00000001  c_w.l(libinit2.o)
    0x08000252   0x00000000   Code   RO         5380    .ARM.Collect$$libinit$$00000004  c_w.l(libinit2.o)
    0x08000252   0x00000008   Code   RO         5381    .ARM.Collect$$libinit$$00000005  c_w.l(libinit2.o)
    0x0800025a   0x00000000   Code   RO         5383    .ARM.Collect$$libinit$$0000000A  c_w.l(libinit2.o)
    0x0800025a   0x00000000   Code   RO         5385    .ARM.Collect$$libinit$$0000000C  c_w.l(libinit2.o)
    0x0800025a   0x00000000   Code   RO         5387    .ARM.Collect$$libinit$$0000000E  c_w.l(libinit2.o)
    0x0800025a   0x00000000   Code   RO         5390    .ARM.Collect$$libinit$$00000011  c_w.l(libinit2.o)
    0x0800025a   0x00000000   Code   RO         5392    .ARM.Collect$$libinit$$00000013  c_w.l(libinit2.o)
    0x0800025a   0x00000000   Code   RO         5394    .ARM.Collect$$libinit$$00000015  c_w.l(libinit2.o)
    0x0800025a   0x00000000   Code   RO         5396    .ARM.Collect$$libinit$$00000017  c_w.l(libinit2.o)
    0x0800025a   0x00000000   Code   RO         5398    .ARM.Collect$$libinit$$00000019  c_w.l(libinit2.o)
    0x0800025a   0x00000000   Code   RO         5400    .ARM.Collect$$libinit$$0000001B  c_w.l(libinit2.o)
    0x0800025a   0x00000000   Code   RO         5402    .ARM.Collect$$libinit$$0000001D  c_w.l(libinit2.o)
    0x0800025a   0x00000000   Code   RO         5404    .ARM.Collect$$libinit$$0000001F  c_w.l(libinit2.o)
    0x0800025a   0x00000000   Code   RO         5406    .ARM.Collect$$libinit$$00000021  c_w.l(libinit2.o)
    0x0800025a   0x00000000   Code   RO         5408    .ARM.Collect$$libinit$$00000023  c_w.l(libinit2.o)
    0x0800025a   0x00000000   Code   RO         5410    .ARM.Collect$$libinit$$00000025  c_w.l(libinit2.o)
    0x0800025a   0x00000000   Code   RO         5414    .ARM.Collect$$libinit$$0000002C  c_w.l(libinit2.o)
    0x0800025a   0x00000000   Code   RO         5416    .ARM.Collect$$libinit$$0000002E  c_w.l(libinit2.o)
    0x0800025a   0x00000000   Code   RO         5418    .ARM.Collect$$libinit$$00000030  c_w.l(libinit2.o)
    0x0800025a   0x00000000   Code   RO         5420    .ARM.Collect$$libinit$$00000032  c_w.l(libinit2.o)
    0x0800025a   0x00000002   Code   RO         5421    .ARM.Collect$$libinit$$00000033  c_w.l(libinit2.o)
    0x0800025c   0x00000002   Code   RO         5551    .ARM.Collect$$libshutdown$$00000000  c_w.l(libshutdown.o)
    0x0800025e   0x00000000   Code   RO         5507    .ARM.Collect$$libshutdown$$00000002  c_w.l(libshutdown2.o)
    0x0800025e   0x00000000   Code   RO         5509    .ARM.Collect$$libshutdown$$00000004  c_w.l(libshutdown2.o)
    0x0800025e   0x00000000   Code   RO         5511    .ARM.Collect$$libshutdown$$00000006  c_w.l(libshutdown2.o)
    0x0800025e   0x00000000   Code   RO         5514    .ARM.Collect$$libshutdown$$00000009  c_w.l(libshutdown2.o)
    0x0800025e   0x00000000   Code   RO         5517    .ARM.Collect$$libshutdown$$0000000C  c_w.l(libshutdown2.o)
    0x0800025e   0x00000000   Code   RO         5519    .ARM.Collect$$libshutdown$$0000000E  c_w.l(libshutdown2.o)
    0x0800025e   0x00000000   Code   RO         5522    .ARM.Collect$$libshutdown$$00000011  c_w.l(libshutdown2.o)
    0x0800025e   0x00000002   Code   RO         5523    .ARM.Collect$$libshutdown$$00000012  c_w.l(libshutdown2.o)
    0x08000260   0x00000000   Code   RO         5343    .ARM.Collect$$rtentry$$00000000  c_w.l(__rtentry.o)
    0x08000260   0x00000000   Code   RO         5428    .ARM.Collect$$rtentry$$00000002  c_w.l(__rtentry2.o)
    0x08000260   0x00000006   Code   RO         5440    .ARM.Collect$$rtentry$$00000004  c_w.l(__rtentry4.o)
    0x08000266   0x00000000   Code   RO         5430    .ARM.Collect$$rtentry$$00000009  c_w.l(__rtentry2.o)
    0x08000266   0x00000004   Code   RO         5431    .ARM.Collect$$rtentry$$0000000A  c_w.l(__rtentry2.o)
    0x0800026a   0x00000000   Code   RO         5433    .ARM.Collect$$rtentry$$0000000C  c_w.l(__rtentry2.o)
    0x0800026a   0x00000008   Code   RO         5434    .ARM.Collect$$rtentry$$0000000D  c_w.l(__rtentry2.o)
    0x08000272   0x00000002   Code   RO         5494    .ARM.Collect$$rtexit$$00000000  c_w.l(rtexit.o)
    0x08000274   0x00000000   Code   RO         5527    .ARM.Collect$$rtexit$$00000002  c_w.l(rtexit2.o)
    0x08000274   0x00000004   Code   RO         5528    .ARM.Collect$$rtexit$$00000003  c_w.l(rtexit2.o)
    0x08000278   0x00000006   Code   RO         5529    .ARM.Collect$$rtexit$$00000004  c_w.l(rtexit2.o)
    0x0800027e   0x00000002   PAD
    0x08000280   0x00000000   Code   RO         5446    .emb_text           c_w.l(maybetermalloc1.o)
    0x08000280   0x00000040   Code   RO            4    .text               startup_stm32g474xx.o
    0x080002c0   0x0000005e   Code   RO         5273    .text               c_w.l(h1_alloc.o)
    0x0800031e   0x0000004e   Code   RO         5275    .text               c_w.l(h1_free.o)
    0x0800036c   0x000000ee   Code   RO         5331    .text               c_w.l(lludivv7m.o)
    0x0800045a   0x0000008a   Code   RO         5333    .text               c_w.l(rt_memcpy_v6.o)
    0x080004e4   0x0000004e   Code   RO         5335    .text               c_w.l(rt_memclr_w.o)
    0x08000532   0x00000006   Code   RO         5337    .text               c_w.l(heapauxi.o)
    0x08000538   0x00000008   Code   RO         5351    .text               c_w.l(rt_heap_descriptor_intlibspace.o)
    0x08000540   0x00000004   Code   RO         5353    .text               c_w.l(hguard.o)
    0x08000544   0x0000008a   Code   RO         5355    .text               c_w.l(init_alloc.o)
    0x080005ce   0x0000000e   Code   RO         5359    .text               c_w.l(h1_init.o)
    0x080005dc   0x00000064   Code   RO         5373    .text               c_w.l(rt_memcpy_w.o)
    0x08000640   0x00000008   Code   RO         5424    .text               c_w.l(libspace.o)
    0x08000648   0x00000034   Code   RO         5448    .text               c_w.l(h1_extend.o)
    0x0800067c   0x0000000e   Code   RO         5452    .text               c_w.l(defsig_rtmem_outer.o)
    0x0800068a   0x00000002   Code   RO         5463    .text               c_w.l(use_no_semi.o)
    0x0800068c   0x00000000   Code   RO         5465    .text               c_w.l(indicate_semi.o)
    0x0800068c   0x0000004a   Code   RO         5466    .text               c_w.l(sys_stackheap_outer.o)
    0x080006d6   0x00000012   Code   RO         5472    .text               c_w.l(exit.o)
    0x080006e8   0x0000000a   Code   RO         5474    .text               c_w.l(defsig_exit.o)
    0x080006f2   0x00000002   PAD
    0x080006f4   0x00000050   Code   RO         5480    .text               c_w.l(defsig_rtmem_inner.o)
    0x08000744   0x0000000c   Code   RO         5492    .text               c_w.l(sys_exit.o)
    0x08000750   0x00000032   Code   RO         5502    .text               c_w.l(defsig_general.o)
    0x08000782   0x0000000e   Code   RO         5524    .text               c_w.l(sys_wrch.o)
    0x08000790   0x00000068   Code   RO          640    i.ADC_DMAConvCplt   stm32g4xx_hal_adc.o
    0x080007f8   0x0000001a   Code   RO          641    i.ADC_DMAError      stm32g4xx_hal_adc.o
    0x08000812   0x0000000a   Code   RO          642    i.ADC_DMAHalfConvCplt  stm32g4xx_hal_adc.o
    0x0800081c   0x000000c4   Code   RO          644    i.ADC_Enable        stm32g4xx_hal_adc.o
    0x080008e0   0x00000028   Code   RO          191    i.ADC_task          adc_task.o
    0x08000908   0x00000002   Code   RO          399    i.BusFault_Handler  stm32g4xx_it.o
    0x0800090a   0x00000002   PAD
    0x0800090c   0x00000030   Code   RO         2595    i.CRC_Handle_16     stm32g4xx_hal_crc.o
    0x0800093c   0x0000006a   Code   RO         2596    i.CRC_Handle_8      stm32g4xx_hal_crc.o
    0x080009a6   0x00000002   PAD
    0x080009a8   0x0000000c   Code   RO          400    i.DMA1_Channel1_IRQHandler  stm32g4xx_it.o
    0x080009b4   0x0000000c   Code   RO          401    i.DMA1_Channel2_IRQHandler  stm32g4xx_it.o
    0x080009c0   0x0000000c   Code   RO          402    i.DMA1_Channel3_IRQHandler  stm32g4xx_it.o
    0x080009cc   0x0000000c   Code   RO          403    i.DMA1_Channel4_IRQHandler  stm32g4xx_it.o
    0x080009d8   0x0000000c   Code   RO          404    i.DMA1_Channel5_IRQHandler  stm32g4xx_it.o
    0x080009e4   0x0000000c   Code   RO          405    i.DMA1_Channel6_IRQHandler  stm32g4xx_it.o
    0x080009f0   0x00000040   Code   RO         1953    i.DMA_CalcDMAMUXChannelBaseAndMask  stm32g4xx_hal_dma.o
    0x08000a30   0x00000024   Code   RO         1954    i.DMA_CalcDMAMUXRequestGenBaseAndMask  stm32g4xx_hal_dma.o
    0x08000a54   0x0000003e   Code   RO         1955    i.DMA_SetConfig     stm32g4xx_hal_dma.o
    0x08000a92   0x00000002   Code   RO          267    i.DSP_task          dsp_task.o
    0x08000a94   0x00000002   Code   RO          406    i.DebugMon_Handler  stm32g4xx_it.o
    0x08000a96   0x00000004   Code   RO          295    i.Error_Handler     main.o
    0x08000a9a   0x00000002   PAD
    0x08000a9c   0x00000160   Code   RO          894    i.HAL_ADCEx_MultiModeConfigChannel  stm32g4xx_hal_adc_ex.o
    0x08000bfc   0x0000046c   Code   RO          646    i.HAL_ADC_ConfigChannel  stm32g4xx_hal_adc.o
    0x08001068   0x00000094   Code   RO          192    i.HAL_ADC_ConvCpltCallback  adc_task.o
    0x080010fc   0x00000002   Code   RO          648    i.HAL_ADC_ConvHalfCpltCallback  stm32g4xx_hal_adc.o
    0x080010fe   0x00000002   Code   RO          650    i.HAL_ADC_ErrorCallback  stm32g4xx_hal_adc.o
    0x08001100   0x00000230   Code   RO          655    i.HAL_ADC_Init      stm32g4xx_hal_adc.o
    0x08001330   0x000002f8   Code   RO          554    i.HAL_ADC_MspInit   stm32g4xx_hal_msp.o
    0x08001628   0x0000012c   Code   RO          663    i.HAL_ADC_Start_DMA  stm32g4xx_hal_adc.o
    0x08001754   0x00000054   Code   RO         2667    i.HAL_CRCEx_Polynomial_Set  stm32g4xx_hal_crc_ex.o
    0x080017a8   0x0000004c   Code   RO         2598    i.HAL_CRC_Calculate  stm32g4xx_hal_crc.o
    0x080017f4   0x00000074   Code   RO         2601    i.HAL_CRC_Init      stm32g4xx_hal_crc.o
    0x08001868   0x00000028   Code   RO          556    i.HAL_CRC_MspInit   stm32g4xx_hal_msp.o
    0x08001890   0x0000006a   Code   RO         1956    i.HAL_DMA_Abort     stm32g4xx_hal_dma.o
    0x080018fa   0x00000078   Code   RO         1957    i.HAL_DMA_Abort_IT  stm32g4xx_hal_dma.o
    0x08001972   0x000000ba   Code   RO         1961    i.HAL_DMA_IRQHandler  stm32g4xx_hal_dma.o
    0x08001a2c   0x000000c0   Code   RO         1962    i.HAL_DMA_Init      stm32g4xx_hal_dma.o
    0x08001aec   0x0000008c   Code   RO         1966    i.HAL_DMA_Start_IT  stm32g4xx_hal_dma.o
    0x08001b78   0x00000248   Code   RO         1818    i.HAL_GPIO_Init     stm32g4xx_hal_gpio.o
    0x08001dc0   0x0000000a   Code   RO         1820    i.HAL_GPIO_ReadPin  stm32g4xx_hal_gpio.o
    0x08001dca   0x0000000a   Code   RO         1822    i.HAL_GPIO_WritePin  stm32g4xx_hal_gpio.o
    0x08001dd4   0x0000000c   Code   RO         1097    i.HAL_GetTick       stm32g4xx_hal.o
    0x08001de0   0x00000002   Code   RO         2709    i.HAL_HRTIM_BurstModePeriodCallback  stm32g4xx_hal_hrtim.o
    0x08001de2   0x00000002   Code   RO         2711    i.HAL_HRTIM_Capture1EventCallback  stm32g4xx_hal_hrtim.o
    0x08001de4   0x00000002   Code   RO         2712    i.HAL_HRTIM_Capture2EventCallback  stm32g4xx_hal_hrtim.o
    0x08001de6   0x00000002   Code   RO         2714    i.HAL_HRTIM_Compare1EventCallback  stm32g4xx_hal_hrtim.o
    0x08001de8   0x00000002   Code   RO         2715    i.HAL_HRTIM_Compare2EventCallback  stm32g4xx_hal_hrtim.o
    0x08001dea   0x00000002   Code   RO         2716    i.HAL_HRTIM_Compare3EventCallback  stm32g4xx_hal_hrtim.o
    0x08001dec   0x00000002   Code   RO         2717    i.HAL_HRTIM_Compare4EventCallback  stm32g4xx_hal_hrtim.o
    0x08001dee   0x00000002   Code   RO         2718    i.HAL_HRTIM_CounterResetCallback  stm32g4xx_hal_hrtim.o
    0x08001df0   0x00000002   Code   RO         2719    i.HAL_HRTIM_DLLCalibrationReadyCallback  stm32g4xx_hal_hrtim.o
    0x08001df2   0x00000062   Code   RO         2720    i.HAL_HRTIM_DLLCalibrationStart  stm32g4xx_hal_hrtim.o
    0x08001e54   0x00000002   Code   RO         2724    i.HAL_HRTIM_DelayedProtectionCallback  stm32g4xx_hal_hrtim.o
    0x08001e56   0x00000002   Code   RO         2732    i.HAL_HRTIM_Fault1Callback  stm32g4xx_hal_hrtim.o
    0x08001e58   0x00000002   Code   RO         2733    i.HAL_HRTIM_Fault2Callback  stm32g4xx_hal_hrtim.o
    0x08001e5a   0x00000002   Code   RO         2734    i.HAL_HRTIM_Fault3Callback  stm32g4xx_hal_hrtim.o
    0x08001e5c   0x00000002   Code   RO         2735    i.HAL_HRTIM_Fault4Callback  stm32g4xx_hal_hrtim.o
    0x08001e5e   0x00000002   Code   RO         2736    i.HAL_HRTIM_Fault5Callback  stm32g4xx_hal_hrtim.o
    0x08001e60   0x00000002   Code   RO         2737    i.HAL_HRTIM_Fault6Callback  stm32g4xx_hal_hrtim.o
    0x08001e62   0x00000014   Code   RO         2752    i.HAL_HRTIM_IRQHandler  stm32g4xx_hal_hrtim.o
    0x08001e76   0x00000002   PAD
    0x08001e78   0x000000c0   Code   RO         2753    i.HAL_HRTIM_Init    stm32g4xx_hal_hrtim.o
    0x08001f38   0x0000007c   Code   RO          558    i.HAL_HRTIM_MspInit  stm32g4xx_hal_msp.o
    0x08001fb4   0x00000002   Code   RO         2756    i.HAL_HRTIM_Output1ResetCallback  stm32g4xx_hal_hrtim.o
    0x08001fb6   0x00000002   Code   RO         2757    i.HAL_HRTIM_Output1SetCallback  stm32g4xx_hal_hrtim.o
    0x08001fb8   0x00000002   Code   RO         2758    i.HAL_HRTIM_Output2ResetCallback  stm32g4xx_hal_hrtim.o
    0x08001fba   0x00000002   Code   RO         2759    i.HAL_HRTIM_Output2SetCallback  stm32g4xx_hal_hrtim.o
    0x08001fbc   0x00000042   Code   RO         2762    i.HAL_HRTIM_PollForDLLCalibration  stm32g4xx_hal_hrtim.o
    0x08001ffe   0x00000002   Code   RO         2763    i.HAL_HRTIM_RegistersUpdateCallback  stm32g4xx_hal_hrtim.o
    0x08002000   0x00000002   Code   RO         2764    i.HAL_HRTIM_RepetitionEventCallback  stm32g4xx_hal_hrtim.o
    0x08002002   0x00000002   Code   RO         2802    i.HAL_HRTIM_SynchronizationEventCallback  stm32g4xx_hal_hrtim.o
    0x08002004   0x00000002   Code   RO         2803    i.HAL_HRTIM_SystemFaultCallback  stm32g4xx_hal_hrtim.o
    0x08002006   0x0000007a   Code   RO         2804    i.HAL_HRTIM_TimeBaseConfig  stm32g4xx_hal_hrtim.o
    0x08002080   0x00000084   Code   RO         2813    i.HAL_HRTIM_WaveformCountStart_IT  stm32g4xx_hal_hrtim.o
    0x08002104   0x00000090   Code   RO         2823    i.HAL_HRTIM_WaveformTimerConfig  stm32g4xx_hal_hrtim.o
    0x08002194   0x00000084   Code   RO         2824    i.HAL_HRTIM_WaveformTimerControl  stm32g4xx_hal_hrtim.o
    0x08002218   0x00000010   Code   RO         1103    i.HAL_IncTick       stm32g4xx_hal.o
    0x08002228   0x0000001e   Code   RO         1104    i.HAL_Init          stm32g4xx_hal.o
    0x08002246   0x00000002   PAD
    0x08002248   0x00000044   Code   RO         1105    i.HAL_InitTick      stm32g4xx_hal.o
    0x0800228c   0x00000040   Code   RO          559    i.HAL_MspInit       stm32g4xx_hal_msp.o
    0x080022cc   0x0000001a   Code   RO         2465    i.HAL_NVIC_EnableIRQ  stm32g4xx_hal_cortex.o
    0x080022e6   0x00000002   PAD
    0x080022e8   0x00000040   Code   RO         2471    i.HAL_NVIC_SetPriority  stm32g4xx_hal_cortex.o
    0x08002328   0x00000024   Code   RO         2472    i.HAL_NVIC_SetPriorityGrouping  stm32g4xx_hal_cortex.o
    0x0800234c   0x000000bc   Code   RO         2221    i.HAL_PWREx_ControlVoltageScaling  stm32g4xx_hal_pwr_ex.o
    0x08002408   0x00000010   Code   RO         2233    i.HAL_PWREx_DisableUCPDDeadBattery  stm32g4xx_hal_pwr_ex.o
    0x08002418   0x00000300   Code   RO         1464    i.HAL_RCCEx_PeriphCLKConfig  stm32g4xx_hal_rcc_ex.o
    0x08002718   0x000001dc   Code   RO         1339    i.HAL_RCC_ClockConfig  stm32g4xx_hal_rcc.o
    0x080028f4   0x00000024   Code   RO         1347    i.HAL_RCC_GetPCLK1Freq  stm32g4xx_hal_rcc.o
    0x08002918   0x00000024   Code   RO         1348    i.HAL_RCC_GetPCLK2Freq  stm32g4xx_hal_rcc.o
    0x0800293c   0x00000070   Code   RO         1349    i.HAL_RCC_GetSysClockFreq  stm32g4xx_hal_rcc.o
    0x080029ac   0x00000404   Code   RO         1352    i.HAL_RCC_OscConfig  stm32g4xx_hal_rcc.o
    0x08002db0   0x00000030   Code   RO         1118    i.HAL_SYSCFG_EnableVREFBUF  stm32g4xx_hal.o
    0x08002de0   0x00000014   Code   RO         1119    i.HAL_SYSCFG_VREFBUF_HighImpedanceConfig  stm32g4xx_hal.o
    0x08002df4   0x00000014   Code   RO         1121    i.HAL_SYSCFG_VREFBUF_VoltageScalingConfig  stm32g4xx_hal.o
    0x08002e08   0x00000028   Code   RO         2476    i.HAL_SYSTICK_Config  stm32g4xx_hal_cortex.o
    0x08002e30   0x00000002   Code   RO         4265    i.HAL_TIMEx_Break2Callback  stm32g4xx_hal_tim_ex.o
    0x08002e32   0x00000002   Code   RO         4266    i.HAL_TIMEx_BreakCallback  stm32g4xx_hal_tim_ex.o
    0x08002e34   0x00000002   Code   RO         4267    i.HAL_TIMEx_CommutCallback  stm32g4xx_hal_tim_ex.o
    0x08002e36   0x00000002   Code   RO         4278    i.HAL_TIMEx_DirectionChangeCallback  stm32g4xx_hal_tim_ex.o
    0x08002e38   0x00000002   Code   RO         4292    i.HAL_TIMEx_EncoderIndexCallback  stm32g4xx_hal_tim_ex.o
    0x08002e3a   0x00000002   Code   RO         4306    i.HAL_TIMEx_IndexErrorCallback  stm32g4xx_hal_tim_ex.o
    0x08002e3c   0x000000b8   Code   RO         4307    i.HAL_TIMEx_MasterConfigSynchronization  stm32g4xx_hal_tim_ex.o
    0x08002ef4   0x00000002   Code   RO         4328    i.HAL_TIMEx_TransitionErrorCallback  stm32g4xx_hal_tim_ex.o
    0x08002ef6   0x00000062   Code   RO         3551    i.HAL_TIM_Base_Init  stm32g4xx_hal_tim.o
    0x08002f58   0x0000003c   Code   RO          561    i.HAL_TIM_Base_MspInit  stm32g4xx_hal_msp.o
    0x08002f94   0x000000f0   Code   RO         3560    i.HAL_TIM_ConfigClockSource  stm32g4xx_hal_tim.o
    0x08003084   0x00000002   Code   RO         3585    i.HAL_TIM_IC_CaptureCallback  stm32g4xx_hal_tim.o
    0x08003086   0x000001a2   Code   RO         3599    i.HAL_TIM_IRQHandler  stm32g4xx_hal_tim.o
    0x08003228   0x00000002   Code   RO         3602    i.HAL_TIM_OC_DelayElapsedCallback  stm32g4xx_hal_tim.o
    0x0800322a   0x00000002   Code   RO         3629    i.HAL_TIM_PWM_PulseFinishedCallback  stm32g4xx_hal_tim.o
    0x0800322c   0x00000002   Code   RO         3637    i.HAL_TIM_PeriodElapsedCallback  stm32g4xx_hal_tim.o
    0x0800322e   0x00000002   Code   RO         3642    i.HAL_TIM_TriggerCallback  stm32g4xx_hal_tim.o
    0x08003230   0x0000003e   Code   RO         5114    i.HAL_UARTEx_DisableFifoMode  stm32g4xx_hal_uart_ex.o
    0x0800326e   0x00000002   Code   RO         4703    i.HAL_UARTEx_RxEventCallback  stm32g4xx_hal_uart.o
    0x08003270   0x00000002   Code   RO         5122    i.HAL_UARTEx_RxFifoFullCallback  stm32g4xx_hal_uart_ex.o
    0x08003272   0x0000004c   Code   RO         5123    i.HAL_UARTEx_SetRxFifoThreshold  stm32g4xx_hal_uart_ex.o
    0x080032be   0x0000004c   Code   RO         5124    i.HAL_UARTEx_SetTxFifoThreshold  stm32g4xx_hal_uart_ex.o
    0x0800330a   0x00000002   Code   RO         5126    i.HAL_UARTEx_TxFifoEmptyCallback  stm32g4xx_hal_uart_ex.o
    0x0800330c   0x00000002   Code   RO         5127    i.HAL_UARTEx_WakeupCallback  stm32g4xx_hal_uart_ex.o
    0x0800330e   0x00000002   Code   RO         4719    i.HAL_UART_ErrorCallback  stm32g4xx_hal_uart.o
    0x08003310   0x0000030c   Code   RO         4722    i.HAL_UART_IRQHandler  stm32g4xx_hal_uart.o
    0x0800361c   0x0000006a   Code   RO         4723    i.HAL_UART_Init     stm32g4xx_hal_uart.o
    0x08003686   0x00000002   PAD
    0x08003688   0x000000c4   Code   RO          563    i.HAL_UART_MspInit  stm32g4xx_hal_msp.o
    0x0800374c   0x00000090   Code   RO         4733    i.HAL_UART_Transmit_DMA  stm32g4xx_hal_uart.o
    0x080037dc   0x00000002   Code   RO         4735    i.HAL_UART_TxCpltCallback  stm32g4xx_hal_uart.o
    0x080037de   0x00000002   Code   RO         4736    i.HAL_UART_TxHalfCpltCallback  stm32g4xx_hal_uart.o
    0x080037e0   0x0000000c   Code   RO          407    i.HRTIM1_FLT_IRQHandler  stm32g4xx_it.o
    0x080037ec   0x0000000c   Code   RO          408    i.HRTIM1_Master_IRQHandler  stm32g4xx_it.o
    0x080037f8   0x00000020   Code   RO          409    i.HRTIM1_TIMA_IRQHandler  stm32g4xx_it.o
    0x08003818   0x00000020   Code   RO          410    i.HRTIM1_TIMB_IRQHandler  stm32g4xx_it.o
    0x08003838   0x00000020   Code   RO          411    i.HRTIM1_TIMC_IRQHandler  stm32g4xx_it.o
    0x08003858   0x00000068   Code   RO         2831    i.HRTIM_ForceRegistersUpdate  stm32g4xx_hal_hrtim.o
    0x080038c0   0x000000a8   Code   RO         2835    i.HRTIM_HRTIM_ISR   stm32g4xx_hal_hrtim.o
    0x08003968   0x00000092   Code   RO         2836    i.HRTIM_MasterWaveform_Config  stm32g4xx_hal_hrtim.o
    0x080039fa   0x000000f0   Code   RO         2837    i.HRTIM_Master_ISR  stm32g4xx_hal_hrtim.o
    0x08003aea   0x00000166   Code   RO         2840    i.HRTIM_Timer_ISR   stm32g4xx_hal_hrtim.o
    0x08003c50   0x0000019c   Code   RO         2841    i.HRTIM_TimingUnitWaveform_Config  stm32g4xx_hal_hrtim.o
    0x08003dec   0x00000002   Code   RO          412    i.HardFault_Handler  stm32g4xx_it.o
    0x08003dee   0x0000000c   Code   RO          669    i.LL_ADC_GetOffsetChannel  stm32g4xx_hal_adc.o
    0x08003dfa   0x00000008   Code   RO          670    i.LL_ADC_INJ_IsConversionOngoing  stm32g4xx_hal_adc.o
    0x08003e02   0x00000008   Code   RO          671    i.LL_ADC_REG_IsConversionOngoing  stm32g4xx_hal_adc.o
    0x08003e0a   0x00000008   Code   RO          904    i.LL_ADC_REG_IsConversionOngoing  stm32g4xx_hal_adc_ex.o
    0x08003e12   0x00000010   Code   RO          672    i.LL_ADC_REG_IsTriggerSourceSWStart  stm32g4xx_hal_adc.o
    0x08003e22   0x0000001e   Code   RO          674    i.LL_ADC_SetChannelSamplingTime  stm32g4xx_hal_adc.o
    0x08003e40   0x00000010   Code   RO          675    i.LL_ADC_SetOffsetState  stm32g4xx_hal_adc.o
    0x08003e50   0x000000ac   Code   RO          296    i.MX_ADC1_Init      main.o
    0x08003efc   0x000000b4   Code   RO          297    i.MX_ADC2_Init      main.o
    0x08003fb0   0x00000094   Code   RO          298    i.MX_ADC3_Init      main.o
    0x08004044   0x0000007c   Code   RO          299    i.MX_ADC4_Init      main.o
    0x080040c0   0x0000007c   Code   RO          300    i.MX_ADC5_Init      main.o
    0x0800413c   0x0000008c   Code   RO          301    i.MX_DMA_Init       main.o
    0x080041c8   0x00000134   Code   RO          302    i.MX_GPIO_Init      main.o
    0x080042fc   0x00000198   Code   RO          303    i.MX_HRTIM1_Init    main.o
    0x08004494   0x00000068   Code   RO          304    i.MX_TIM1_Init      main.o
    0x080044fc   0x00000064   Code   RO          305    i.MX_USART1_UART_Init  main.o
    0x08004560   0x00000002   Code   RO          413    i.MemManage_Handler  stm32g4xx_it.o
    0x08004562   0x00000002   Code   RO          414    i.NMI_Handler       stm32g4xx_it.o
    0x08004564   0x00000002   Code   RO          415    i.PendSV_Handler    stm32g4xx_it.o
    0x08004566   0x00000002   Code   RO          416    i.SVC_Handler       stm32g4xx_it.o
    0x08004568   0x00000004   Code   RO          417    i.SysTick_Handler   stm32g4xx_it.o
    0x0800456c   0x0000006a   Code   RO          306    i.SystemClock_Config  main.o
    0x080045d6   0x00000002   PAD
    0x080045d8   0x00000010   Code   RO         5233    i.SystemInit        system_stm32g4xx.o
    0x080045e8   0x0000000c   Code   RO          418    i.TIM1_UP_TIM16_IRQHandler  stm32g4xx_it.o
    0x080045f4   0x000000e4   Code   RO         3644    i.TIM_Base_SetConfig  stm32g4xx_hal_tim.o
    0x080046d8   0x00000014   Code   RO         3655    i.TIM_ETR_SetConfig  stm32g4xx_hal_tim.o
    0x080046ec   0x00000014   Code   RO         3656    i.TIM_ITRx_SetConfig  stm32g4xx_hal_tim.o
    0x08004700   0x00000022   Code   RO         3664    i.TIM_TI1_ConfigInputStage  stm32g4xx_hal_tim.o
    0x08004722   0x00000024   Code   RO         3666    i.TIM_TI2_ConfigInputStage  stm32g4xx_hal_tim.o
    0x08004746   0x00000002   PAD
    0x08004748   0x00000044   Code   RO         5128    i.UARTEx_SetNbDataToProcess  stm32g4xx_hal_uart_ex.o
    0x0800478c   0x000000c8   Code   RO         4737    i.UART_AdvFeatureConfig  stm32g4xx_hal_uart.o
    0x08004854   0x000000ac   Code   RO         4738    i.UART_CheckIdleState  stm32g4xx_hal_uart.o
    0x08004900   0x00000014   Code   RO         4739    i.UART_DMAAbortOnError  stm32g4xx_hal_uart.o
    0x08004914   0x00000050   Code   RO         4740    i.UART_DMAError     stm32g4xx_hal_uart.o
    0x08004964   0x00000042   Code   RO         4745    i.UART_DMATransmitCplt  stm32g4xx_hal_uart.o
    0x080049a6   0x0000000a   Code   RO         4747    i.UART_DMATxHalfCplt  stm32g4xx_hal_uart.o
    0x080049b0   0x00000054   Code   RO         4749    i.UART_EndRxTransfer  stm32g4xx_hal_uart.o
    0x08004a04   0x0000002e   Code   RO         4750    i.UART_EndTxTransfer  stm32g4xx_hal_uart.o
    0x08004a32   0x00000002   PAD
    0x08004a34   0x00000298   Code   RO         4755    i.UART_SetConfig    stm32g4xx_hal_uart.o
    0x08004ccc   0x00000094   Code   RO         4762    i.UART_WaitOnFlagUntilTimeout  stm32g4xx_hal_uart.o
    0x08004d60   0x00000030   Code   RO          239    i.UART_task         uart_task.o
    0x08004d90   0x0000000c   Code   RO          419    i.USART1_IRQHandler  stm32g4xx_it.o
    0x08004d9c   0x00000002   Code   RO          420    i.UsageFault_Handler  stm32g4xx_it.o
    0x08004d9e   0x00000020   Code   RO         2478    i.__NVIC_SetPriority  stm32g4xx_hal_cortex.o
    0x08004dbe   0x00000002   PAD
    0x08004dc0   0x000000c0   Code   RO          193    i.get_VLP_value     adc_task.o
    0x08004e80   0x00000180   Code   RO           13    i.get_switches      switch.o
    0x08005000   0x0000007c   Code   RO          307    i.main              main.o
    0x0800507c   0x00000024   Code   RO           14    i.set_pins          switch.o
    0x080050a0   0x0000017c   Code   RO           15    i.set_switches      switch.o
    0x0800521c   0x00000026   Code   RO           16    i.switch_formulate  switch.o
    0x08005242   0x00000036   Code   RO           17    i.switch_select     switch.o
    0x08005278   0x0000000a   Code   RO         5461    x$fpl$fpinit        fz_wm.l(fpinit.o)
    0x08005282   0x00000018   Data   RO         4763    .constdata          stm32g4xx_hal_uart.o
    0x0800529a   0x00000010   Data   RO         5129    .constdata          stm32g4xx_hal_uart_ex.o
    0x080052aa   0x00000010   Data   RO         5234    .constdata          system_stm32g4xx.o
    0x080052ba   0x00000008   Data   RO         5235    .constdata          system_stm32g4xx.o
    0x080052c2   0x00000002   PAD
    0x080052c4   0x00000020   Data   RO         5552    Region$$Table       anon$$obj.o


    Execution Region RW_IRAM1 (Base: 0x20000000, Size: 0x00001028, Max: 0x00020000, ABSOLUTE)

    Base Addr    Size         Type   Attr      Idx    E Section Name        Object

    0x20000000   0x00000012   Data   RW          195    .data               adc_task.o
    0x20000012   0x00000003   Data   RW          316    .data               main.o
    0x20000015   0x00000003   PAD
    0x20000018   0x00000008   Data   RW          564    .data               stm32g4xx_hal_msp.o
    0x20000020   0x0000000c   Data   RW         1124    .data               stm32g4xx_hal.o
    0x2000002c   0x0000001c   Data   RW         2842    .data               stm32g4xx_hal_hrtim.o
    0x20000048   0x00000004   Data   RW         5236    .data               system_stm32g4xx.o
    0x2000004c   0x00000110   Zero   RW          194    .bss                adc_task.o
    0x2000015c   0x00000627   Zero   RW          308    .bss                main.o
    0x20000783   0x00000001   PAD
    0x20000784   0x00000060   Zero   RW          309    .bss                main.o
    0x200007e4   0x00000060   Zero   RW          310    .bss                main.o
    0x20000844   0x00000060   Zero   RW          311    .bss                main.o
    0x200008a4   0x00000060   Zero   RW          312    .bss                main.o
    0x20000904   0x00000060   Zero   RW          313    .bss                main.o
    0x20000964   0x00000060   Zero   RW          314    .bss                main.o
    0x200009c4   0x00000060   Zero   RW         5425    .bss                c_w.l(libspace.o)
    0x20000a24   0x00000004   PAD
    0x20000a28   0x00000200   Zero   RW            2    HEAP                startup_stm32g474xx.o
    0x20000c28   0x00000400   Zero   RW            1    STACK               startup_stm32g474xx.o


==============================================================================

Image component sizes


      Code (inc. data)   RO Data    RW Data    ZI Data      Debug   Object Name

       380         66          0         18        272       3193   adc_task.o
         2          0          0          0          0        499   dsp_task.o
      2042        146          0          3       2151      14146   main.o
        64         26        472          0       1536        908   startup_stm32g474xx.o
       214         36          0         12          0       6171   stm32g4xx_hal.o
      2422        180          0          0          0      81690   stm32g4xx_hal_adc.o
       360         26          0          0          0      69455   stm32g4xx_hal_adc_ex.o
       198         14          0          0          0      34231   stm32g4xx_hal_cortex.o
       346          4          0          0          0       3895   stm32g4xx_hal_crc.o
        84          0          0          0          0       1403   stm32g4xx_hal_crc_ex.o
       906         30          0          0          0       7146   stm32g4xx_hal_dma.o
       604         34          0          0          0       3259   stm32g4xx_hal_gpio.o
      2382         32          0         28          0      31166   stm32g4xx_hal_hrtim.o
      1244        104          0          8          0       5924   stm32g4xx_hal_msp.o
       204         18          0          0          0       1533   stm32g4xx_hal_pwr_ex.o
      1688         92          0          0          0       6652   stm32g4xx_hal_rcc.o
       768         10          0          0          0       2088   stm32g4xx_hal_rcc_ex.o
      1104         48          0          0          0      11261   stm32g4xx_hal_tim.o
       198         34          0          0          0       6008   stm32g4xx_hal_tim_ex.o
      2528        102         24          0          0      34670   stm32g4xx_hal_uart.o
       288          6         16          0          0       5882   stm32g4xx_hal_uart_ex.o
       236         80          0          0          0      11977   stm32g4xx_it.o
       892         50          0          0          0    1054357   switch.o
        16          4         24          4          0       1319   system_stm32g4xx.o
        48         14          0          0          0        556   uart_task.o

    ----------------------------------------------------------------------
     19240       1156        570         76       3960    1399389   Object Totals
         0          0         32          0          0          0   (incl. Generated)
        22          0          2          3          1          0   (incl. Padding)

    ----------------------------------------------------------------------

      Code (inc. data)   RO Data    RW Data    ZI Data      Debug   Library Member Name

         8          0          0          0          0         68   __main.o
         0          0          0          0          0          0   __rtentry.o
        12          0          0          0          0          0   __rtentry2.o
         6          0          0          0          0          0   __rtentry4.o
        52          8          0          0          0          0   __scatter.o
        26          0          0          0          0          0   __scatter_copy.o
        28          0          0          0          0          0   __scatter_zi.o
        10          0          0          0          0         68   defsig_exit.o
        50          0          0          0          0         88   defsig_general.o
        80         58          0          0          0         76   defsig_rtmem_inner.o
        14          0          0          0          0         80   defsig_rtmem_outer.o
        18          0          0          0          0         80   exit.o
        94          0          0          0          0         80   h1_alloc.o
        52          0          0          0          0         68   h1_extend.o
        78          0          0          0          0         80   h1_free.o
        14          0          0          0          0         84   h1_init.o
         6          0          0          0          0        152   heapauxi.o
         4          0          0          0          0        136   hguard.o
         0          0          0          0          0          0   indicate_semi.o
       138          0          0          0          0        168   init_alloc.o
         2          0          0          0          0          0   libinit.o
        14          0          0          0          0          0   libinit2.o
         2          0          0          0          0          0   libshutdown.o
         2          0          0          0          0          0   libshutdown2.o
         8          4          0          0         96         68   libspace.o
       238          0          0          0          0        100   lludivv7m.o
         0          0          0          0          0          0   maybetermalloc1.o
         8          4          0          0          0         68   rt_heap_descriptor_intlibspace.o
        78          0          0          0          0         80   rt_memclr_w.o
       138          0          0          0          0         68   rt_memcpy_v6.o
       100          0          0          0          0         80   rt_memcpy_w.o
         2          0          0          0          0          0   rtexit.o
        10          0          0          0          0          0   rtexit2.o
        12          4          0          0          0         68   sys_exit.o
        74          0          0          0          0         80   sys_stackheap_outer.o
        14          0          0          0          0         76   sys_wrch.o
         2          0          0          0          0         68   use_no_semi.o
        10          0          0          0          0        116   fpinit.o

    ----------------------------------------------------------------------
      1410         78          0          0        100       2100   Library Totals
         6          0          0          0          4          0   (incl. Padding)

    ----------------------------------------------------------------------

      Code (inc. data)   RO Data    RW Data    ZI Data      Debug   Library Name

      1394         78          0          0         96       1984   c_w.l
        10          0          0          0          0        116   fz_wm.l

    ----------------------------------------------------------------------
      1410         78          0          0        100       2100   Library Totals

    ----------------------------------------------------------------------

==============================================================================


      Code (inc. data)   RO Data    RW Data    ZI Data      Debug   

     20650       1234        570         76       4060    1382349   Grand Totals
     20650       1234        570         76       4060    1382349   ELF Image Totals
     20650       1234        570         76          0          0   ROM Totals

==============================================================================

    Total RO  Size (Code + RO Data)                21220 (  20.72kB)
    Total RW  Size (RW Data + ZI Data)              4136 (   4.04kB)
    Total ROM Size (Code + RO Data + RW Data)      21296 (  20.80kB)

==============================================================================

